[0.110s] Invoking command in '/root/ws_sensor_combined/build/example_mode_with_executor_cpp': AMENT_PREFIX_PATH=/root/ws_sensor_combined/install/px4_ros2_cpp:/root/ws_sensor_combined/install/px4_msgs:${AMENT_PREFIX_PATH} CMAKE_PREFIX_PATH=/root/ws_sensor_combined/install/px4_ros2_cpp:/root/ws_sensor_combined/install/px4_msgs:/opt/ros/humble LD_LIBRARY_PATH=/root/ws_sensor_combined/install/px4_ros2_cpp/lib:/root/ws_sensor_combined/install/px4_msgs/lib:${LD_LIBRARY_PATH} PYTHONPATH=/root/ws_sensor_combined/install/px4_msgs/local/lib/python3.10/dist-packages:${PYTHONPATH} /usr/bin/cmake --build /root/ws_sensor_combined/build/example_mode_with_executor_cpp -- -j20 -l20
[0.155s] [100%] Built target example_mode_with_executor
[0.211s] Invoked command in '/root/ws_sensor_combined/build/example_mode_with_executor_cpp' returned '0': AMENT_PREFIX_PATH=/root/ws_sensor_combined/install/px4_ros2_cpp:/root/ws_sensor_combined/install/px4_msgs:${AMENT_PREFIX_PATH} CMAKE_PREFIX_PATH=/root/ws_sensor_combined/install/px4_ros2_cpp:/root/ws_sensor_combined/install/px4_msgs:/opt/ros/humble LD_LIBRARY_PATH=/root/ws_sensor_combined/install/px4_ros2_cpp/lib:/root/ws_sensor_combined/install/px4_msgs/lib:${LD_LIBRARY_PATH} PYTHONPATH=/root/ws_sensor_combined/install/px4_msgs/local/lib/python3.10/dist-packages:${PYTHONPATH} /usr/bin/cmake --build /root/ws_sensor_combined/build/example_mode_with_executor_cpp -- -j20 -l20
[0.218s] Invoking command in '/root/ws_sensor_combined/build/example_mode_with_executor_cpp': AMENT_PREFIX_PATH=/root/ws_sensor_combined/install/px4_ros2_cpp:/root/ws_sensor_combined/install/px4_msgs:${AMENT_PREFIX_PATH} CMAKE_PREFIX_PATH=/root/ws_sensor_combined/install/px4_ros2_cpp:/root/ws_sensor_combined/install/px4_msgs:/opt/ros/humble LD_LIBRARY_PATH=/root/ws_sensor_combined/install/px4_ros2_cpp/lib:/root/ws_sensor_combined/install/px4_msgs/lib:${LD_LIBRARY_PATH} PYTHONPATH=/root/ws_sensor_combined/install/px4_msgs/local/lib/python3.10/dist-packages:${PYTHONPATH} /usr/bin/cmake --install /root/ws_sensor_combined/build/example_mode_with_executor_cpp
[0.234s] -- Install configuration: ""
[0.234s] -- Up-to-date: /root/ws_sensor_combined/install/example_mode_with_executor_cpp/lib/example_mode_with_executor_cpp/example_mode_with_executor
[0.234s] -- Up-to-date: /root/ws_sensor_combined/install/example_mode_with_executor_cpp/share/ament_index/resource_index/package_run_dependencies/example_mode_with_executor_cpp
[0.234s] -- Up-to-date: /root/ws_sensor_combined/install/example_mode_with_executor_cpp/share/ament_index/resource_index/parent_prefix_path/example_mode_with_executor_cpp
[0.234s] -- Up-to-date: /root/ws_sensor_combined/install/example_mode_with_executor_cpp/share/example_mode_with_executor_cpp/environment/ament_prefix_path.sh
[0.234s] -- Up-to-date: /root/ws_sensor_combined/install/example_mode_with_executor_cpp/share/example_mode_with_executor_cpp/environment/ament_prefix_path.dsv
[0.234s] -- Up-to-date: /root/ws_sensor_combined/install/example_mode_with_executor_cpp/share/example_mode_with_executor_cpp/environment/path.sh
[0.235s] -- Up-to-date: /root/ws_sensor_combined/install/example_mode_with_executor_cpp/share/example_mode_with_executor_cpp/environment/path.dsv
[0.235s] -- Up-to-date: /root/ws_sensor_combined/install/example_mode_with_executor_cpp/share/example_mode_with_executor_cpp/local_setup.bash
[0.235s] -- Up-to-date: /root/ws_sensor_combined/install/example_mode_with_executor_cpp/share/example_mode_with_executor_cpp/local_setup.sh
[0.235s] -- Up-to-date: /root/ws_sensor_combined/install/example_mode_with_executor_cpp/share/example_mode_with_executor_cpp/local_setup.zsh
[0.235s] -- Up-to-date: /root/ws_sensor_combined/install/example_mode_with_executor_cpp/share/example_mode_with_executor_cpp/local_setup.dsv
[0.235s] -- Installing: /root/ws_sensor_combined/install/example_mode_with_executor_cpp/share/example_mode_with_executor_cpp/package.dsv
[0.235s] -- Up-to-date: /root/ws_sensor_combined/install/example_mode_with_executor_cpp/share/ament_index/resource_index/packages/example_mode_with_executor_cpp
[0.235s] -- Up-to-date: /root/ws_sensor_combined/install/example_mode_with_executor_cpp/share/example_mode_with_executor_cpp/cmake/example_mode_with_executor_cppConfig.cmake
[0.235s] -- Up-to-date: /root/ws_sensor_combined/install/example_mode_with_executor_cpp/share/example_mode_with_executor_cpp/cmake/example_mode_with_executor_cppConfig-version.cmake
[0.236s] -- Up-to-date: /root/ws_sensor_combined/install/example_mode_with_executor_cpp/share/example_mode_with_executor_cpp/package.xml
[0.270s] Invoked command in '/root/ws_sensor_combined/build/example_mode_with_executor_cpp' returned '0': AMENT_PREFIX_PATH=/root/ws_sensor_combined/install/px4_ros2_cpp:/root/ws_sensor_combined/install/px4_msgs:${AMENT_PREFIX_PATH} CMAKE_PREFIX_PATH=/root/ws_sensor_combined/install/px4_ros2_cpp:/root/ws_sensor_combined/install/px4_msgs:/opt/ros/humble LD_LIBRARY_PATH=/root/ws_sensor_combined/install/px4_ros2_cpp/lib:/root/ws_sensor_combined/install/px4_msgs/lib:${LD_LIBRARY_PATH} PYTHONPATH=/root/ws_sensor_combined/install/px4_msgs/local/lib/python3.10/dist-packages:${PYTHONPATH} /usr/bin/cmake --install /root/ws_sensor_combined/build/example_mode_with_executor_cpp
