-- Found ament_cmake: 1.3.12 (/opt/ros/humble/share/ament_cmake/cmake)
-- Override CMake install command with custom implementation using symlinks instead of copying resources
-- Found ament_index_cpp: 1.4.0 (/opt/ros/humble/share/ament_index_cpp/cmake)
-- Found rclcpp: 16.0.14 (/opt/ros/humble/share/rclcpp/cmake)
-- Found rosidl_generator_c: 3.1.7 (/opt/ros/humble/share/rosidl_generator_c/cmake)
-- Found rosidl_adapter: 3.1.7 (/opt/ros/humble/share/rosidl_adapter/cmake)
-- Found rosidl_generator_cpp: 3.1.7 (/opt/ros/humble/share/rosidl_generator_cpp/cmake)
-- Using all available rosidl_typesupport_c: rosidl_typesupport_fastrtps_c;rosidl_typesupport_introspection_c
-- Using all available rosidl_typesupport_cpp: rosidl_typesupport_fastrtps_cpp;rosidl_typesupport_introspection_cpp
-- Found rmw_implementation_cmake: 6.1.2 (/opt/ros/humble/share/rmw_implementation_cmake/cmake)
-- Found rmw_fastrtps_cpp: 6.2.8 (/opt/ros/humble/share/rmw_fastrtps_cpp/cmake)
-- Using RMW implementation 'rmw_fastrtps_cpp' as default
-- Found px4_msgs: 2.0.1 (/root/ws_sensor_combined/install/px4_msgs/share/px4_msgs/cmake)
-- Found eigen3_cmake_module: 0.1.1 (/opt/ros/humble/share/eigen3_cmake_module/cmake)
-- Found ament_lint_auto: 0.12.14 (/opt/ros/humble/share/ament_lint_auto/cmake)
-- Found ament_cmake_gtest: 1.3.12 (/opt/ros/humble/share/ament_cmake_gtest/cmake)
-- Found gtest sources under '/opt/ros/humble/src/gtest_vendor': C++ tests using 'Google Test' will be built
-- Added test 'copyright' to check source files copyright and LICENSE
-- Added test 'cppcheck' to perform static code analysis on C / C++ code
-- Configured cppcheck include dirs: /root/ws_sensor_combined/src/px4-ros2-interface-lib/px4_ros2_cpp/include
-- Configured cppcheck exclude dirs and/or files: 
-- Added test 'cpplint' to check C / C++ code against the Google style
-- Configured cpplint exclude dirs and/or files: 
-- Added test 'lint_cmake' to check CMake code style
-- Added test 'uncrustify' to check C / C++ code style
-- Configured uncrustify additional arguments: 
-- Added test 'xmllint' to check XML markup files
-- Configuring done
-- Generating done
-- Build files have been written to: /root/ws_sensor_combined/build/px4_ros2_cpp
[35m[1mConsolidate compiler generated dependencies of target gtest_main[0m
[35m[1mConsolidate compiler generated dependencies of target gtest[0m
[35m[1mConsolidate compiler generated dependencies of target integration_utils[0m
[35m[1mConsolidate compiler generated dependencies of target unit_utils[0m
[  4%] Built target gtest
[  8%] Built target gtest_main
[ 12%] Built target unit_utils
[ 16%] Built target integration_utils
[35m[1mConsolidate compiler generated dependencies of target px4_ros2_cpp[0m
[ 68%] Built target px4_ros2_cpp
[35m[1mConsolidate compiler generated dependencies of target integration_tests[0m
[35m[1mConsolidate compiler generated dependencies of target px4_ros2_cpp_unit_tests[0m
[ 82%] Built target integration_tests
[100%] Built target px4_ros2_cpp_unit_tests
-- Install configuration: "RelWithDebInfo"
-- Execute custom install script
-- Symlinking: /root/ws_sensor_combined/install/px4_ros2_cpp/share/px4_ros2_cpp/environment/library_path.sh
-- Symlinking: /root/ws_sensor_combined/install/px4_ros2_cpp/share/px4_ros2_cpp/environment/library_path.dsv
-- Symlinking: /root/ws_sensor_combined/install/px4_ros2_cpp/include/px4_ros2/common/context.hpp
-- Symlinking: /root/ws_sensor_combined/install/px4_ros2_cpp/include/px4_ros2/common/frame.hpp
-- Symlinking: /root/ws_sensor_combined/install/px4_ros2_cpp/include/px4_ros2/common/requirement_flags.hpp
-- Symlinking: /root/ws_sensor_combined/install/px4_ros2_cpp/include/px4_ros2/common/setpoint_base.hpp
-- Symlinking: /root/ws_sensor_combined/install/px4_ros2_cpp/include/px4_ros2/components/events.hpp
-- Symlinking: /root/ws_sensor_combined/install/px4_ros2_cpp/include/px4_ros2/components/groups.dox
-- Symlinking: /root/ws_sensor_combined/install/px4_ros2_cpp/include/px4_ros2/components/health_and_arming_checks.hpp
-- Symlinking: /root/ws_sensor_combined/install/px4_ros2_cpp/include/px4_ros2/components/manual_control_input.hpp
-- Symlinking: /root/ws_sensor_combined/install/px4_ros2_cpp/include/px4_ros2/components/message_compatibility_check.hpp
-- Symlinking: /root/ws_sensor_combined/install/px4_ros2_cpp/include/px4_ros2/components/mode.hpp
-- Symlinking: /root/ws_sensor_combined/install/px4_ros2_cpp/include/px4_ros2/components/mode_executor.hpp
-- Symlinking: /root/ws_sensor_combined/install/px4_ros2_cpp/include/px4_ros2/components/node_with_mode.hpp
-- Symlinking: /root/ws_sensor_combined/install/px4_ros2_cpp/include/px4_ros2/components/overrides.hpp
-- Symlinking: /root/ws_sensor_combined/install/px4_ros2_cpp/include/px4_ros2/components/wait_for_fmu.hpp
-- Symlinking: /root/ws_sensor_combined/install/px4_ros2_cpp/include/px4_ros2/control/groups.dox
-- Symlinking: /root/ws_sensor_combined/install/px4_ros2_cpp/include/px4_ros2/control/peripheral_actuators.hpp
-- Symlinking: /root/ws_sensor_combined/install/px4_ros2_cpp/include/px4_ros2/control/setpoint_types/direct_actuators.hpp
-- Symlinking: /root/ws_sensor_combined/install/px4_ros2_cpp/include/px4_ros2/control/setpoint_types/experimental/attitude.hpp
-- Symlinking: /root/ws_sensor_combined/install/px4_ros2_cpp/include/px4_ros2/control/setpoint_types/experimental/rates.hpp
-- Symlinking: /root/ws_sensor_combined/install/px4_ros2_cpp/include/px4_ros2/control/setpoint_types/experimental/trajectory.hpp
-- Symlinking: /root/ws_sensor_combined/install/px4_ros2_cpp/include/px4_ros2/control/setpoint_types/fixedwing_lateral_longitudinal.hpp
-- Symlinking: /root/ws_sensor_combined/install/px4_ros2_cpp/include/px4_ros2/control/setpoint_types/goto.hpp
-- Symlinking: /root/ws_sensor_combined/install/px4_ros2_cpp/include/px4_ros2/control/setpoint_types/groups.dox
-- Symlinking: /root/ws_sensor_combined/install/px4_ros2_cpp/include/px4_ros2/control/vtol.hpp
-- Symlinking: /root/ws_sensor_combined/install/px4_ros2_cpp/include/px4_ros2/navigation/experimental/global_position_measurement_interface.hpp
-- Symlinking: /root/ws_sensor_combined/install/px4_ros2_cpp/include/px4_ros2/navigation/experimental/local_position_measurement_interface.hpp
-- Symlinking: /root/ws_sensor_combined/install/px4_ros2_cpp/include/px4_ros2/navigation/experimental/navigation_interface_base.hpp
-- Symlinking: /root/ws_sensor_combined/install/px4_ros2_cpp/include/px4_ros2/navigation/groups.dox
-- Symlinking: /root/ws_sensor_combined/install/px4_ros2_cpp/include/px4_ros2/odometry/airspeed.hpp
-- Symlinking: /root/ws_sensor_combined/install/px4_ros2_cpp/include/px4_ros2/odometry/angular_velocity.hpp
-- Symlinking: /root/ws_sensor_combined/install/px4_ros2_cpp/include/px4_ros2/odometry/attitude.hpp
-- Symlinking: /root/ws_sensor_combined/install/px4_ros2_cpp/include/px4_ros2/odometry/global_position.hpp
-- Symlinking: /root/ws_sensor_combined/install/px4_ros2_cpp/include/px4_ros2/odometry/groups.dox
-- Symlinking: /root/ws_sensor_combined/install/px4_ros2_cpp/include/px4_ros2/odometry/local_position.hpp
-- Symlinking: /root/ws_sensor_combined/install/px4_ros2_cpp/include/px4_ros2/utils/frame_conversion.hpp
-- Symlinking: /root/ws_sensor_combined/install/px4_ros2_cpp/include/px4_ros2/utils/geodesic.hpp
-- Symlinking: /root/ws_sensor_combined/install/px4_ros2_cpp/include/px4_ros2/utils/geometry.hpp
-- Symlinking: /root/ws_sensor_combined/install/px4_ros2_cpp/include/px4_ros2/utils/groups.dox
-- Symlinking: /root/ws_sensor_combined/install/px4_ros2_cpp/include/px4_ros2/utils/message_version.hpp
-- Symlinking: /root/ws_sensor_combined/install/px4_ros2_cpp/include/px4_ros2/utils/subscription.hpp
-- Symlinking: /root/ws_sensor_combined/install/px4_ros2_cpp/include/px4_ros2/vehicle_state/battery.hpp
-- Symlinking: /root/ws_sensor_combined/install/px4_ros2_cpp/include/px4_ros2/vehicle_state/groups.dox
-- Symlinking: /root/ws_sensor_combined/install/px4_ros2_cpp/include/px4_ros2/vehicle_state/home_position.hpp
-- Symlinking: /root/ws_sensor_combined/install/px4_ros2_cpp/include/px4_ros2/vehicle_state/land_detected.hpp
-- Symlinking: /root/ws_sensor_combined/install/px4_ros2_cpp/include/px4_ros2/vehicle_state/vehicle_status.hpp
-- Symlinking: /root/ws_sensor_combined/install/px4_ros2_cpp/include/px4_ros2/vehicle_state/vtol_status.hpp
-- Symlinking: /root/ws_sensor_combined/install/px4_ros2_cpp/share/ament_index/resource_index/package_run_dependencies/px4_ros2_cpp
-- Symlinking: /root/ws_sensor_combined/install/px4_ros2_cpp/share/ament_index/resource_index/parent_prefix_path/px4_ros2_cpp
-- Symlinking: /root/ws_sensor_combined/install/px4_ros2_cpp/share/px4_ros2_cpp/environment/ament_prefix_path.sh
-- Symlinking: /root/ws_sensor_combined/install/px4_ros2_cpp/share/px4_ros2_cpp/environment/ament_prefix_path.dsv
-- Symlinking: /root/ws_sensor_combined/install/px4_ros2_cpp/share/px4_ros2_cpp/environment/path.sh
-- Symlinking: /root/ws_sensor_combined/install/px4_ros2_cpp/share/px4_ros2_cpp/environment/path.dsv
-- Symlinking: /root/ws_sensor_combined/install/px4_ros2_cpp/share/px4_ros2_cpp/local_setup.bash
-- Symlinking: /root/ws_sensor_combined/install/px4_ros2_cpp/share/px4_ros2_cpp/local_setup.sh
-- Symlinking: /root/ws_sensor_combined/install/px4_ros2_cpp/share/px4_ros2_cpp/local_setup.zsh
-- Symlinking: /root/ws_sensor_combined/install/px4_ros2_cpp/share/px4_ros2_cpp/local_setup.dsv
-- Symlinking: /root/ws_sensor_combined/install/px4_ros2_cpp/share/px4_ros2_cpp/package.dsv
-- Symlinking: /root/ws_sensor_combined/install/px4_ros2_cpp/share/ament_index/resource_index/packages/px4_ros2_cpp
-- Symlinking: /root/ws_sensor_combined/install/px4_ros2_cpp/share/px4_ros2_cpp/cmake/ament_cmake_export_targets-extras.cmake
-- Symlinking: /root/ws_sensor_combined/install/px4_ros2_cpp/share/px4_ros2_cpp/cmake/ament_cmake_export_dependencies-extras.cmake
-- Symlinking: /root/ws_sensor_combined/install/px4_ros2_cpp/share/px4_ros2_cpp/cmake/px4_ros2_cppConfig.cmake
-- Symlinking: /root/ws_sensor_combined/install/px4_ros2_cpp/share/px4_ros2_cpp/cmake/px4_ros2_cppConfig-version.cmake
-- Symlinking: /root/ws_sensor_combined/install/px4_ros2_cpp/share/px4_ros2_cpp/package.xml
-- Installing: /root/ws_sensor_combined/install/px4_ros2_cpp/lib/libpx4_ros2_cpp.so
-- Set runtime path of "/root/ws_sensor_combined/install/px4_ros2_cpp/lib/libpx4_ros2_cpp.so" to ""
-- Up-to-date: /root/ws_sensor_combined/install/px4_ros2_cpp/share/px4_ros2_cpp/cmake/px4_ros2_cppExport.cmake
-- Installing: /root/ws_sensor_combined/install/px4_ros2_cpp/share/px4_ros2_cpp/cmake/px4_ros2_cppExport-relwithdebinfo.cmake
