[0.125s] DEBUG:colcon:Command line arguments: ['/usr/bin/colcon', 'list', '-p', '--base-paths', '/root/ws_sensor_combined']
[0.126s] DEBUG:colcon:Parsed command line arguments: Namespace(log_base=None, log_level=None, verb_name='list', build_base='build', ignore_user_meta=False, metas=['./colcon.meta'], base_paths=['/root/ws_sensor_combined'], packages_ignore=None, packages_ignore_regex=None, paths=None, packages_up_to=None, packages_up_to_regex=None, packages_above=None, packages_above_and_dependencies=None, packages_above_depth=None, packages_select_by_dep=None, packages_skip_by_dep=None, packages_skip_up_to=None, packages_select_build_failed=False, packages_skip_build_finished=False, packages_select_test_failures=False, packages_skip_test_passed=False, packages_select=None, packages_skip=None, packages_select_regex=None, packages_skip_regex=None, packages_start=None, packages_end=None, allow_overriding=[], topological_order=False, names_only=False, paths_only=True, topological_graph=False, topological_graph_dot=False, topological_graph_density=False, topological_graph_legend=False, topological_graph_dot_cluster=False, topological_graph_dot_include_skipped=False, mixin_files=None, mixin=None, verb_parser=<colcon_mixin.mixin.mixin_argument.MixinArgumentDecorator object at 0x7ef81c857730>, verb_extension=<colcon_package_information.verb.list.ListVerb object at 0x7ef81c856a40>, main=<bound method ListVerb.main of <colcon_package_information.verb.list.ListVerb object at 0x7ef81c856a40>>, mixin_verb=('list',))
[0.161s] Level 1:colcon.colcon_core.package_discovery:discover_packages(colcon_meta) check parameters
[0.161s] Level 1:colcon.colcon_core.package_discovery:discover_packages(recursive) check parameters
[0.161s] Level 1:colcon.colcon_core.package_discovery:discover_packages(ignore) check parameters
[0.161s] Level 1:colcon.colcon_core.package_discovery:discover_packages(path) check parameters
[0.162s] Level 1:colcon.colcon_core.package_discovery:discover_packages(recursive) discover
[0.162s] INFO:colcon.colcon_core.package_discovery:Crawling recursively for packages in '/root/ws_sensor_combined'
[0.162s] Level 1:colcon.colcon_core.package_identification:_identify(/root/ws_sensor_combined) by extensions ['ignore', 'ignore_ament_install']
[0.162s] Level 1:colcon.colcon_core.package_identification:_identify(/root/ws_sensor_combined) by extension 'ignore'
[0.162s] Level 1:colcon.colcon_core.package_identification:_identify(/root/ws_sensor_combined) by extension 'ignore_ament_install'
[0.162s] Level 1:colcon.colcon_core.package_identification:_identify(/root/ws_sensor_combined) by extensions ['colcon_pkg']
[0.162s] Level 1:colcon.colcon_core.package_identification:_identify(/root/ws_sensor_combined) by extension 'colcon_pkg'
[0.163s] Level 1:colcon.colcon_core.package_identification:_identify(/root/ws_sensor_combined) by extensions ['colcon_meta']
[0.163s] Level 1:colcon.colcon_core.package_identification:_identify(/root/ws_sensor_combined) by extension 'colcon_meta'
[0.163s] Level 1:colcon.colcon_core.package_identification:_identify(/root/ws_sensor_combined) by extensions ['ros']
[0.163s] Level 1:colcon.colcon_core.package_identification:_identify(/root/ws_sensor_combined) by extension 'ros'
[0.181s] Level 1:colcon.colcon_core.package_identification:_identify(/root/ws_sensor_combined) by extensions ['cmake', 'python']
[0.181s] Level 1:colcon.colcon_core.package_identification:_identify(/root/ws_sensor_combined) by extension 'cmake'
[0.181s] Level 1:colcon.colcon_core.package_identification:_identify(/root/ws_sensor_combined) by extension 'python'
[0.181s] Level 1:colcon.colcon_core.package_identification:_identify(/root/ws_sensor_combined) by extensions ['python_setup_py']
[0.181s] Level 1:colcon.colcon_core.package_identification:_identify(/root/ws_sensor_combined) by extension 'python_setup_py'
[0.181s] Level 1:colcon.colcon_core.package_identification:_identify(/root/ws_sensor_combined/build) by extensions ['ignore', 'ignore_ament_install']
[0.182s] Level 1:colcon.colcon_core.package_identification:_identify(/root/ws_sensor_combined/build) by extension 'ignore'
[0.182s] Level 1:colcon.colcon_core.package_identification:_identify(/root/ws_sensor_combined/build) ignored
[0.182s] Level 1:colcon.colcon_core.package_identification:_identify(/root/ws_sensor_combined/install) by extensions ['ignore', 'ignore_ament_install']
[0.182s] Level 1:colcon.colcon_core.package_identification:_identify(/root/ws_sensor_combined/install) by extension 'ignore'
[0.182s] Level 1:colcon.colcon_core.package_identification:_identify(/root/ws_sensor_combined/install) ignored
[0.182s] Level 1:colcon.colcon_core.package_identification:_identify(/root/ws_sensor_combined/log) by extensions ['ignore', 'ignore_ament_install']
[0.182s] Level 1:colcon.colcon_core.package_identification:_identify(/root/ws_sensor_combined/log) by extension 'ignore'
[0.182s] Level 1:colcon.colcon_core.package_identification:_identify(/root/ws_sensor_combined/log) ignored
[0.182s] Level 1:colcon.colcon_core.package_identification:_identify(/root/ws_sensor_combined/src) by extensions ['ignore', 'ignore_ament_install']
[0.183s] Level 1:colcon.colcon_core.package_identification:_identify(/root/ws_sensor_combined/src) by extension 'ignore'
[0.183s] Level 1:colcon.colcon_core.package_identification:_identify(/root/ws_sensor_combined/src) by extension 'ignore_ament_install'
[0.183s] Level 1:colcon.colcon_core.package_identification:_identify(/root/ws_sensor_combined/src) by extensions ['colcon_pkg']
[0.183s] Level 1:colcon.colcon_core.package_identification:_identify(/root/ws_sensor_combined/src) by extension 'colcon_pkg'
[0.183s] Level 1:colcon.colcon_core.package_identification:_identify(/root/ws_sensor_combined/src) by extensions ['colcon_meta']
[0.183s] Level 1:colcon.colcon_core.package_identification:_identify(/root/ws_sensor_combined/src) by extension 'colcon_meta'
[0.183s] Level 1:colcon.colcon_core.package_identification:_identify(/root/ws_sensor_combined/src) by extensions ['ros']
[0.183s] Level 1:colcon.colcon_core.package_identification:_identify(/root/ws_sensor_combined/src) by extension 'ros'
[0.183s] Level 1:colcon.colcon_core.package_identification:_identify(/root/ws_sensor_combined/src) by extensions ['cmake', 'python']
[0.183s] Level 1:colcon.colcon_core.package_identification:_identify(/root/ws_sensor_combined/src) by extension 'cmake'
[0.183s] Level 1:colcon.colcon_core.package_identification:_identify(/root/ws_sensor_combined/src) by extension 'python'
[0.183s] Level 1:colcon.colcon_core.package_identification:_identify(/root/ws_sensor_combined/src) by extensions ['python_setup_py']
[0.183s] Level 1:colcon.colcon_core.package_identification:_identify(/root/ws_sensor_combined/src) by extension 'python_setup_py'
[0.183s] Level 1:colcon.colcon_core.package_identification:_identify(/root/ws_sensor_combined/src/px4-ros2-interface-lib) by extensions ['ignore', 'ignore_ament_install']
[0.183s] Level 1:colcon.colcon_core.package_identification:_identify(/root/ws_sensor_combined/src/px4-ros2-interface-lib) by extension 'ignore'
[0.183s] Level 1:colcon.colcon_core.package_identification:_identify(/root/ws_sensor_combined/src/px4-ros2-interface-lib) by extension 'ignore_ament_install'
[0.184s] Level 1:colcon.colcon_core.package_identification:_identify(/root/ws_sensor_combined/src/px4-ros2-interface-lib) by extensions ['colcon_pkg']
[0.184s] Level 1:colcon.colcon_core.package_identification:_identify(/root/ws_sensor_combined/src/px4-ros2-interface-lib) by extension 'colcon_pkg'
[0.184s] Level 1:colcon.colcon_core.package_identification:_identify(/root/ws_sensor_combined/src/px4-ros2-interface-lib) by extensions ['colcon_meta']
[0.184s] Level 1:colcon.colcon_core.package_identification:_identify(/root/ws_sensor_combined/src/px4-ros2-interface-lib) by extension 'colcon_meta'
[0.184s] Level 1:colcon.colcon_core.package_identification:_identify(/root/ws_sensor_combined/src/px4-ros2-interface-lib) by extensions ['ros']
[0.184s] Level 1:colcon.colcon_core.package_identification:_identify(/root/ws_sensor_combined/src/px4-ros2-interface-lib) by extension 'ros'
[0.184s] Level 1:colcon.colcon_core.package_identification:_identify(/root/ws_sensor_combined/src/px4-ros2-interface-lib) by extensions ['cmake', 'python']
[0.184s] Level 1:colcon.colcon_core.package_identification:_identify(/root/ws_sensor_combined/src/px4-ros2-interface-lib) by extension 'cmake'
[0.184s] Level 1:colcon.colcon_core.package_identification:_identify(/root/ws_sensor_combined/src/px4-ros2-interface-lib) by extension 'python'
[0.184s] Level 1:colcon.colcon_core.package_identification:_identify(/root/ws_sensor_combined/src/px4-ros2-interface-lib) by extensions ['python_setup_py']
[0.184s] Level 1:colcon.colcon_core.package_identification:_identify(/root/ws_sensor_combined/src/px4-ros2-interface-lib) by extension 'python_setup_py'
[0.184s] Level 1:colcon.colcon_core.package_identification:_identify(/root/ws_sensor_combined/src/px4-ros2-interface-lib/examples) by extensions ['ignore', 'ignore_ament_install']
[0.184s] Level 1:colcon.colcon_core.package_identification:_identify(/root/ws_sensor_combined/src/px4-ros2-interface-lib/examples) by extension 'ignore'
[0.184s] Level 1:colcon.colcon_core.package_identification:_identify(/root/ws_sensor_combined/src/px4-ros2-interface-lib/examples) by extension 'ignore_ament_install'
[0.184s] Level 1:colcon.colcon_core.package_identification:_identify(/root/ws_sensor_combined/src/px4-ros2-interface-lib/examples) by extensions ['colcon_pkg']
[0.184s] Level 1:colcon.colcon_core.package_identification:_identify(/root/ws_sensor_combined/src/px4-ros2-interface-lib/examples) by extension 'colcon_pkg'
[0.184s] Level 1:colcon.colcon_core.package_identification:_identify(/root/ws_sensor_combined/src/px4-ros2-interface-lib/examples) by extensions ['colcon_meta']
[0.184s] Level 1:colcon.colcon_core.package_identification:_identify(/root/ws_sensor_combined/src/px4-ros2-interface-lib/examples) by extension 'colcon_meta'
[0.184s] Level 1:colcon.colcon_core.package_identification:_identify(/root/ws_sensor_combined/src/px4-ros2-interface-lib/examples) by extensions ['ros']
[0.184s] Level 1:colcon.colcon_core.package_identification:_identify(/root/ws_sensor_combined/src/px4-ros2-interface-lib/examples) by extension 'ros'
[0.184s] Level 1:colcon.colcon_core.package_identification:_identify(/root/ws_sensor_combined/src/px4-ros2-interface-lib/examples) by extensions ['cmake', 'python']
[0.184s] Level 1:colcon.colcon_core.package_identification:_identify(/root/ws_sensor_combined/src/px4-ros2-interface-lib/examples) by extension 'cmake'
[0.184s] Level 1:colcon.colcon_core.package_identification:_identify(/root/ws_sensor_combined/src/px4-ros2-interface-lib/examples) by extension 'python'
[0.184s] Level 1:colcon.colcon_core.package_identification:_identify(/root/ws_sensor_combined/src/px4-ros2-interface-lib/examples) by extensions ['python_setup_py']
[0.184s] Level 1:colcon.colcon_core.package_identification:_identify(/root/ws_sensor_combined/src/px4-ros2-interface-lib/examples) by extension 'python_setup_py'
[0.184s] Level 1:colcon.colcon_core.package_identification:_identify(/root/ws_sensor_combined/src/px4-ros2-interface-lib/examples/cpp) by extensions ['ignore', 'ignore_ament_install']
[0.184s] Level 1:colcon.colcon_core.package_identification:_identify(/root/ws_sensor_combined/src/px4-ros2-interface-lib/examples/cpp) by extension 'ignore'
[0.184s] Level 1:colcon.colcon_core.package_identification:_identify(/root/ws_sensor_combined/src/px4-ros2-interface-lib/examples/cpp) by extension 'ignore_ament_install'
[0.184s] Level 1:colcon.colcon_core.package_identification:_identify(/root/ws_sensor_combined/src/px4-ros2-interface-lib/examples/cpp) by extensions ['colcon_pkg']
[0.184s] Level 1:colcon.colcon_core.package_identification:_identify(/root/ws_sensor_combined/src/px4-ros2-interface-lib/examples/cpp) by extension 'colcon_pkg'
[0.184s] Level 1:colcon.colcon_core.package_identification:_identify(/root/ws_sensor_combined/src/px4-ros2-interface-lib/examples/cpp) by extensions ['colcon_meta']
[0.184s] Level 1:colcon.colcon_core.package_identification:_identify(/root/ws_sensor_combined/src/px4-ros2-interface-lib/examples/cpp) by extension 'colcon_meta'
[0.184s] Level 1:colcon.colcon_core.package_identification:_identify(/root/ws_sensor_combined/src/px4-ros2-interface-lib/examples/cpp) by extensions ['ros']
[0.184s] Level 1:colcon.colcon_core.package_identification:_identify(/root/ws_sensor_combined/src/px4-ros2-interface-lib/examples/cpp) by extension 'ros'
[0.184s] Level 1:colcon.colcon_core.package_identification:_identify(/root/ws_sensor_combined/src/px4-ros2-interface-lib/examples/cpp) by extensions ['cmake', 'python']
[0.185s] Level 1:colcon.colcon_core.package_identification:_identify(/root/ws_sensor_combined/src/px4-ros2-interface-lib/examples/cpp) by extension 'cmake'
[0.185s] Level 1:colcon.colcon_core.package_identification:_identify(/root/ws_sensor_combined/src/px4-ros2-interface-lib/examples/cpp) by extension 'python'
[0.185s] Level 1:colcon.colcon_core.package_identification:_identify(/root/ws_sensor_combined/src/px4-ros2-interface-lib/examples/cpp) by extensions ['python_setup_py']
[0.185s] Level 1:colcon.colcon_core.package_identification:_identify(/root/ws_sensor_combined/src/px4-ros2-interface-lib/examples/cpp) by extension 'python_setup_py'
[0.185s] Level 1:colcon.colcon_core.package_identification:_identify(/root/ws_sensor_combined/src/px4-ros2-interface-lib/examples/cpp/modes) by extensions ['ignore', 'ignore_ament_install']
[0.185s] Level 1:colcon.colcon_core.package_identification:_identify(/root/ws_sensor_combined/src/px4-ros2-interface-lib/examples/cpp/modes) by extension 'ignore'
[0.185s] Level 1:colcon.colcon_core.package_identification:_identify(/root/ws_sensor_combined/src/px4-ros2-interface-lib/examples/cpp/modes) by extension 'ignore_ament_install'
[0.185s] Level 1:colcon.colcon_core.package_identification:_identify(/root/ws_sensor_combined/src/px4-ros2-interface-lib/examples/cpp/modes) by extensions ['colcon_pkg']
[0.185s] Level 1:colcon.colcon_core.package_identification:_identify(/root/ws_sensor_combined/src/px4-ros2-interface-lib/examples/cpp/modes) by extension 'colcon_pkg'
[0.185s] Level 1:colcon.colcon_core.package_identification:_identify(/root/ws_sensor_combined/src/px4-ros2-interface-lib/examples/cpp/modes) by extensions ['colcon_meta']
[0.185s] Level 1:colcon.colcon_core.package_identification:_identify(/root/ws_sensor_combined/src/px4-ros2-interface-lib/examples/cpp/modes) by extension 'colcon_meta'
[0.185s] Level 1:colcon.colcon_core.package_identification:_identify(/root/ws_sensor_combined/src/px4-ros2-interface-lib/examples/cpp/modes) by extensions ['ros']
[0.185s] Level 1:colcon.colcon_core.package_identification:_identify(/root/ws_sensor_combined/src/px4-ros2-interface-lib/examples/cpp/modes) by extension 'ros'
[0.185s] Level 1:colcon.colcon_core.package_identification:_identify(/root/ws_sensor_combined/src/px4-ros2-interface-lib/examples/cpp/modes) by extensions ['cmake', 'python']
[0.185s] Level 1:colcon.colcon_core.package_identification:_identify(/root/ws_sensor_combined/src/px4-ros2-interface-lib/examples/cpp/modes) by extension 'cmake'
[0.185s] Level 1:colcon.colcon_core.package_identification:_identify(/root/ws_sensor_combined/src/px4-ros2-interface-lib/examples/cpp/modes) by extension 'python'
[0.185s] Level 1:colcon.colcon_core.package_identification:_identify(/root/ws_sensor_combined/src/px4-ros2-interface-lib/examples/cpp/modes) by extensions ['python_setup_py']
[0.185s] Level 1:colcon.colcon_core.package_identification:_identify(/root/ws_sensor_combined/src/px4-ros2-interface-lib/examples/cpp/modes) by extension 'python_setup_py'
[0.185s] Level 1:colcon.colcon_core.package_identification:_identify(/root/ws_sensor_combined/src/px4-ros2-interface-lib/examples/cpp/modes/executor_with_multiple_modes) by extensions ['ignore', 'ignore_ament_install']
[0.185s] Level 1:colcon.colcon_core.package_identification:_identify(/root/ws_sensor_combined/src/px4-ros2-interface-lib/examples/cpp/modes/executor_with_multiple_modes) by extension 'ignore'
[0.185s] Level 1:colcon.colcon_core.package_identification:_identify(/root/ws_sensor_combined/src/px4-ros2-interface-lib/examples/cpp/modes/executor_with_multiple_modes) by extension 'ignore_ament_install'
[0.185s] Level 1:colcon.colcon_core.package_identification:_identify(/root/ws_sensor_combined/src/px4-ros2-interface-lib/examples/cpp/modes/executor_with_multiple_modes) by extensions ['colcon_pkg']
[0.185s] Level 1:colcon.colcon_core.package_identification:_identify(/root/ws_sensor_combined/src/px4-ros2-interface-lib/examples/cpp/modes/executor_with_multiple_modes) by extension 'colcon_pkg'
[0.185s] Level 1:colcon.colcon_core.package_identification:_identify(/root/ws_sensor_combined/src/px4-ros2-interface-lib/examples/cpp/modes/executor_with_multiple_modes) by extensions ['colcon_meta']
[0.185s] Level 1:colcon.colcon_core.package_identification:_identify(/root/ws_sensor_combined/src/px4-ros2-interface-lib/examples/cpp/modes/executor_with_multiple_modes) by extension 'colcon_meta'
[0.185s] Level 1:colcon.colcon_core.package_identification:_identify(/root/ws_sensor_combined/src/px4-ros2-interface-lib/examples/cpp/modes/executor_with_multiple_modes) by extensions ['ros']
[0.185s] Level 1:colcon.colcon_core.package_identification:_identify(/root/ws_sensor_combined/src/px4-ros2-interface-lib/examples/cpp/modes/executor_with_multiple_modes) by extension 'ros'
[0.187s] DEBUG:colcon.colcon_core.package_identification:Package '/root/ws_sensor_combined/src/px4-ros2-interface-lib/examples/cpp/modes/executor_with_multiple_modes' with type 'ros.ament_cmake' and name 'example_executor_with_multiple_modes_cpp'
[0.187s] Level 1:colcon.colcon_core.package_identification:_identify(/root/ws_sensor_combined/src/px4-ros2-interface-lib/examples/cpp/modes/fw_attitude) by extensions ['ignore', 'ignore_ament_install']
[0.187s] Level 1:colcon.colcon_core.package_identification:_identify(/root/ws_sensor_combined/src/px4-ros2-interface-lib/examples/cpp/modes/fw_attitude) by extension 'ignore'
[0.187s] Level 1:colcon.colcon_core.package_identification:_identify(/root/ws_sensor_combined/src/px4-ros2-interface-lib/examples/cpp/modes/fw_attitude) by extension 'ignore_ament_install'
[0.188s] Level 1:colcon.colcon_core.package_identification:_identify(/root/ws_sensor_combined/src/px4-ros2-interface-lib/examples/cpp/modes/fw_attitude) by extensions ['colcon_pkg']
[0.188s] Level 1:colcon.colcon_core.package_identification:_identify(/root/ws_sensor_combined/src/px4-ros2-interface-lib/examples/cpp/modes/fw_attitude) by extension 'colcon_pkg'
[0.188s] Level 1:colcon.colcon_core.package_identification:_identify(/root/ws_sensor_combined/src/px4-ros2-interface-lib/examples/cpp/modes/fw_attitude) by extensions ['colcon_meta']
[0.188s] Level 1:colcon.colcon_core.package_identification:_identify(/root/ws_sensor_combined/src/px4-ros2-interface-lib/examples/cpp/modes/fw_attitude) by extension 'colcon_meta'
[0.188s] Level 1:colcon.colcon_core.package_identification:_identify(/root/ws_sensor_combined/src/px4-ros2-interface-lib/examples/cpp/modes/fw_attitude) by extensions ['ros']
[0.188s] Level 1:colcon.colcon_core.package_identification:_identify(/root/ws_sensor_combined/src/px4-ros2-interface-lib/examples/cpp/modes/fw_attitude) by extension 'ros'
[0.188s] DEBUG:colcon.colcon_core.package_identification:Package '/root/ws_sensor_combined/src/px4-ros2-interface-lib/examples/cpp/modes/fw_attitude' with type 'ros.ament_cmake' and name 'example_mode_fw_attitude_cpp'
[0.188s] Level 1:colcon.colcon_core.package_identification:_identify(/root/ws_sensor_combined/src/px4-ros2-interface-lib/examples/cpp/modes/goto) by extensions ['ignore', 'ignore_ament_install']
[0.188s] Level 1:colcon.colcon_core.package_identification:_identify(/root/ws_sensor_combined/src/px4-ros2-interface-lib/examples/cpp/modes/goto) by extension 'ignore'
[0.188s] Level 1:colcon.colcon_core.package_identification:_identify(/root/ws_sensor_combined/src/px4-ros2-interface-lib/examples/cpp/modes/goto) by extension 'ignore_ament_install'
[0.188s] Level 1:colcon.colcon_core.package_identification:_identify(/root/ws_sensor_combined/src/px4-ros2-interface-lib/examples/cpp/modes/goto) by extensions ['colcon_pkg']
[0.188s] Level 1:colcon.colcon_core.package_identification:_identify(/root/ws_sensor_combined/src/px4-ros2-interface-lib/examples/cpp/modes/goto) by extension 'colcon_pkg'
[0.188s] Level 1:colcon.colcon_core.package_identification:_identify(/root/ws_sensor_combined/src/px4-ros2-interface-lib/examples/cpp/modes/goto) by extensions ['colcon_meta']
[0.188s] Level 1:colcon.colcon_core.package_identification:_identify(/root/ws_sensor_combined/src/px4-ros2-interface-lib/examples/cpp/modes/goto) by extension 'colcon_meta'
[0.188s] Level 1:colcon.colcon_core.package_identification:_identify(/root/ws_sensor_combined/src/px4-ros2-interface-lib/examples/cpp/modes/goto) by extensions ['ros']
[0.189s] Level 1:colcon.colcon_core.package_identification:_identify(/root/ws_sensor_combined/src/px4-ros2-interface-lib/examples/cpp/modes/goto) by extension 'ros'
[0.189s] DEBUG:colcon.colcon_core.package_identification:Package '/root/ws_sensor_combined/src/px4-ros2-interface-lib/examples/cpp/modes/goto' with type 'ros.ament_cmake' and name 'example_mode_goto_cpp'
[0.189s] Level 1:colcon.colcon_core.package_identification:_identify(/root/ws_sensor_combined/src/px4-ros2-interface-lib/examples/cpp/modes/goto_global) by extensions ['ignore', 'ignore_ament_install']
[0.189s] Level 1:colcon.colcon_core.package_identification:_identify(/root/ws_sensor_combined/src/px4-ros2-interface-lib/examples/cpp/modes/goto_global) by extension 'ignore'
[0.189s] Level 1:colcon.colcon_core.package_identification:_identify(/root/ws_sensor_combined/src/px4-ros2-interface-lib/examples/cpp/modes/goto_global) by extension 'ignore_ament_install'
[0.189s] Level 1:colcon.colcon_core.package_identification:_identify(/root/ws_sensor_combined/src/px4-ros2-interface-lib/examples/cpp/modes/goto_global) by extensions ['colcon_pkg']
[0.189s] Level 1:colcon.colcon_core.package_identification:_identify(/root/ws_sensor_combined/src/px4-ros2-interface-lib/examples/cpp/modes/goto_global) by extension 'colcon_pkg'
[0.189s] Level 1:colcon.colcon_core.package_identification:_identify(/root/ws_sensor_combined/src/px4-ros2-interface-lib/examples/cpp/modes/goto_global) by extensions ['colcon_meta']
[0.189s] Level 1:colcon.colcon_core.package_identification:_identify(/root/ws_sensor_combined/src/px4-ros2-interface-lib/examples/cpp/modes/goto_global) by extension 'colcon_meta'
[0.189s] Level 1:colcon.colcon_core.package_identification:_identify(/root/ws_sensor_combined/src/px4-ros2-interface-lib/examples/cpp/modes/goto_global) by extensions ['ros']
[0.189s] Level 1:colcon.colcon_core.package_identification:_identify(/root/ws_sensor_combined/src/px4-ros2-interface-lib/examples/cpp/modes/goto_global) by extension 'ros'
[0.190s] DEBUG:colcon.colcon_core.package_identification:Package '/root/ws_sensor_combined/src/px4-ros2-interface-lib/examples/cpp/modes/goto_global' with type 'ros.ament_cmake' and name 'example_mode_goto_global_cpp'
[0.190s] Level 1:colcon.colcon_core.package_identification:_identify(/root/ws_sensor_combined/src/px4-ros2-interface-lib/examples/cpp/modes/manual) by extensions ['ignore', 'ignore_ament_install']
[0.190s] Level 1:colcon.colcon_core.package_identification:_identify(/root/ws_sensor_combined/src/px4-ros2-interface-lib/examples/cpp/modes/manual) by extension 'ignore'
[0.190s] Level 1:colcon.colcon_core.package_identification:_identify(/root/ws_sensor_combined/src/px4-ros2-interface-lib/examples/cpp/modes/manual) by extension 'ignore_ament_install'
[0.190s] Level 1:colcon.colcon_core.package_identification:_identify(/root/ws_sensor_combined/src/px4-ros2-interface-lib/examples/cpp/modes/manual) by extensions ['colcon_pkg']
[0.190s] Level 1:colcon.colcon_core.package_identification:_identify(/root/ws_sensor_combined/src/px4-ros2-interface-lib/examples/cpp/modes/manual) by extension 'colcon_pkg'
[0.190s] Level 1:colcon.colcon_core.package_identification:_identify(/root/ws_sensor_combined/src/px4-ros2-interface-lib/examples/cpp/modes/manual) by extensions ['colcon_meta']
[0.190s] Level 1:colcon.colcon_core.package_identification:_identify(/root/ws_sensor_combined/src/px4-ros2-interface-lib/examples/cpp/modes/manual) by extension 'colcon_meta'
[0.190s] Level 1:colcon.colcon_core.package_identification:_identify(/root/ws_sensor_combined/src/px4-ros2-interface-lib/examples/cpp/modes/manual) by extensions ['ros']
[0.190s] Level 1:colcon.colcon_core.package_identification:_identify(/root/ws_sensor_combined/src/px4-ros2-interface-lib/examples/cpp/modes/manual) by extension 'ros'
[0.191s] DEBUG:colcon.colcon_core.package_identification:Package '/root/ws_sensor_combined/src/px4-ros2-interface-lib/examples/cpp/modes/manual' with type 'ros.ament_cmake' and name 'example_mode_manual_cpp'
[0.191s] Level 1:colcon.colcon_core.package_identification:_identify(/root/ws_sensor_combined/src/px4-ros2-interface-lib/examples/cpp/modes/mode_with_executor) by extensions ['ignore', 'ignore_ament_install']
[0.191s] Level 1:colcon.colcon_core.package_identification:_identify(/root/ws_sensor_combined/src/px4-ros2-interface-lib/examples/cpp/modes/mode_with_executor) by extension 'ignore'
[0.191s] Level 1:colcon.colcon_core.package_identification:_identify(/root/ws_sensor_combined/src/px4-ros2-interface-lib/examples/cpp/modes/mode_with_executor) by extension 'ignore_ament_install'
[0.191s] Level 1:colcon.colcon_core.package_identification:_identify(/root/ws_sensor_combined/src/px4-ros2-interface-lib/examples/cpp/modes/mode_with_executor) by extensions ['colcon_pkg']
[0.191s] Level 1:colcon.colcon_core.package_identification:_identify(/root/ws_sensor_combined/src/px4-ros2-interface-lib/examples/cpp/modes/mode_with_executor) by extension 'colcon_pkg'
[0.191s] Level 1:colcon.colcon_core.package_identification:_identify(/root/ws_sensor_combined/src/px4-ros2-interface-lib/examples/cpp/modes/mode_with_executor) by extensions ['colcon_meta']
[0.191s] Level 1:colcon.colcon_core.package_identification:_identify(/root/ws_sensor_combined/src/px4-ros2-interface-lib/examples/cpp/modes/mode_with_executor) by extension 'colcon_meta'
[0.191s] Level 1:colcon.colcon_core.package_identification:_identify(/root/ws_sensor_combined/src/px4-ros2-interface-lib/examples/cpp/modes/mode_with_executor) by extensions ['ros']
[0.191s] Level 1:colcon.colcon_core.package_identification:_identify(/root/ws_sensor_combined/src/px4-ros2-interface-lib/examples/cpp/modes/mode_with_executor) by extension 'ros'
[0.191s] DEBUG:colcon.colcon_core.package_identification:Package '/root/ws_sensor_combined/src/px4-ros2-interface-lib/examples/cpp/modes/mode_with_executor' with type 'ros.ament_cmake' and name 'example_mode_with_executor_cpp'
[0.192s] Level 1:colcon.colcon_core.package_identification:_identify(/root/ws_sensor_combined/src/px4-ros2-interface-lib/examples/cpp/modes/rtl_replacement) by extensions ['ignore', 'ignore_ament_install']
[0.192s] Level 1:colcon.colcon_core.package_identification:_identify(/root/ws_sensor_combined/src/px4-ros2-interface-lib/examples/cpp/modes/rtl_replacement) by extension 'ignore'
[0.192s] Level 1:colcon.colcon_core.package_identification:_identify(/root/ws_sensor_combined/src/px4-ros2-interface-lib/examples/cpp/modes/rtl_replacement) by extension 'ignore_ament_install'
[0.192s] Level 1:colcon.colcon_core.package_identification:_identify(/root/ws_sensor_combined/src/px4-ros2-interface-lib/examples/cpp/modes/rtl_replacement) by extensions ['colcon_pkg']
[0.192s] Level 1:colcon.colcon_core.package_identification:_identify(/root/ws_sensor_combined/src/px4-ros2-interface-lib/examples/cpp/modes/rtl_replacement) by extension 'colcon_pkg'
[0.192s] Level 1:colcon.colcon_core.package_identification:_identify(/root/ws_sensor_combined/src/px4-ros2-interface-lib/examples/cpp/modes/rtl_replacement) by extensions ['colcon_meta']
[0.192s] Level 1:colcon.colcon_core.package_identification:_identify(/root/ws_sensor_combined/src/px4-ros2-interface-lib/examples/cpp/modes/rtl_replacement) by extension 'colcon_meta'
[0.192s] Level 1:colcon.colcon_core.package_identification:_identify(/root/ws_sensor_combined/src/px4-ros2-interface-lib/examples/cpp/modes/rtl_replacement) by extensions ['ros']
[0.192s] Level 1:colcon.colcon_core.package_identification:_identify(/root/ws_sensor_combined/src/px4-ros2-interface-lib/examples/cpp/modes/rtl_replacement) by extension 'ros'
[0.192s] DEBUG:colcon.colcon_core.package_identification:Package '/root/ws_sensor_combined/src/px4-ros2-interface-lib/examples/cpp/modes/rtl_replacement' with type 'ros.ament_cmake' and name 'example_mode_rtl_replacement_cpp'
[0.192s] Level 1:colcon.colcon_core.package_identification:_identify(/root/ws_sensor_combined/src/px4-ros2-interface-lib/examples/cpp/modes/vtol) by extensions ['ignore', 'ignore_ament_install']
[0.192s] Level 1:colcon.colcon_core.package_identification:_identify(/root/ws_sensor_combined/src/px4-ros2-interface-lib/examples/cpp/modes/vtol) by extension 'ignore'
[0.192s] Level 1:colcon.colcon_core.package_identification:_identify(/root/ws_sensor_combined/src/px4-ros2-interface-lib/examples/cpp/modes/vtol) by extension 'ignore_ament_install'
[0.192s] Level 1:colcon.colcon_core.package_identification:_identify(/root/ws_sensor_combined/src/px4-ros2-interface-lib/examples/cpp/modes/vtol) by extensions ['colcon_pkg']
[0.192s] Level 1:colcon.colcon_core.package_identification:_identify(/root/ws_sensor_combined/src/px4-ros2-interface-lib/examples/cpp/modes/vtol) by extension 'colcon_pkg'
[0.192s] Level 1:colcon.colcon_core.package_identification:_identify(/root/ws_sensor_combined/src/px4-ros2-interface-lib/examples/cpp/modes/vtol) by extensions ['colcon_meta']
[0.193s] Level 1:colcon.colcon_core.package_identification:_identify(/root/ws_sensor_combined/src/px4-ros2-interface-lib/examples/cpp/modes/vtol) by extension 'colcon_meta'
[0.193s] Level 1:colcon.colcon_core.package_identification:_identify(/root/ws_sensor_combined/src/px4-ros2-interface-lib/examples/cpp/modes/vtol) by extensions ['ros']
[0.193s] Level 1:colcon.colcon_core.package_identification:_identify(/root/ws_sensor_combined/src/px4-ros2-interface-lib/examples/cpp/modes/vtol) by extension 'ros'
[0.193s] DEBUG:colcon.colcon_core.package_identification:Package '/root/ws_sensor_combined/src/px4-ros2-interface-lib/examples/cpp/modes/vtol' with type 'ros.ament_cmake' and name 'example_mode_vtol_cpp'
[0.193s] Level 1:colcon.colcon_core.package_identification:_identify(/root/ws_sensor_combined/src/px4-ros2-interface-lib/examples/cpp/navigation) by extensions ['ignore', 'ignore_ament_install']
[0.193s] Level 1:colcon.colcon_core.package_identification:_identify(/root/ws_sensor_combined/src/px4-ros2-interface-lib/examples/cpp/navigation) by extension 'ignore'
[0.193s] Level 1:colcon.colcon_core.package_identification:_identify(/root/ws_sensor_combined/src/px4-ros2-interface-lib/examples/cpp/navigation) by extension 'ignore_ament_install'
[0.193s] Level 1:colcon.colcon_core.package_identification:_identify(/root/ws_sensor_combined/src/px4-ros2-interface-lib/examples/cpp/navigation) by extensions ['colcon_pkg']
[0.193s] Level 1:colcon.colcon_core.package_identification:_identify(/root/ws_sensor_combined/src/px4-ros2-interface-lib/examples/cpp/navigation) by extension 'colcon_pkg'
[0.193s] Level 1:colcon.colcon_core.package_identification:_identify(/root/ws_sensor_combined/src/px4-ros2-interface-lib/examples/cpp/navigation) by extensions ['colcon_meta']
[0.193s] Level 1:colcon.colcon_core.package_identification:_identify(/root/ws_sensor_combined/src/px4-ros2-interface-lib/examples/cpp/navigation) by extension 'colcon_meta'
[0.193s] Level 1:colcon.colcon_core.package_identification:_identify(/root/ws_sensor_combined/src/px4-ros2-interface-lib/examples/cpp/navigation) by extensions ['ros']
[0.193s] Level 1:colcon.colcon_core.package_identification:_identify(/root/ws_sensor_combined/src/px4-ros2-interface-lib/examples/cpp/navigation) by extension 'ros'
[0.193s] Level 1:colcon.colcon_core.package_identification:_identify(/root/ws_sensor_combined/src/px4-ros2-interface-lib/examples/cpp/navigation) by extensions ['cmake', 'python']
[0.193s] Level 1:colcon.colcon_core.package_identification:_identify(/root/ws_sensor_combined/src/px4-ros2-interface-lib/examples/cpp/navigation) by extension 'cmake'
[0.193s] Level 1:colcon.colcon_core.package_identification:_identify(/root/ws_sensor_combined/src/px4-ros2-interface-lib/examples/cpp/navigation) by extension 'python'
[0.193s] Level 1:colcon.colcon_core.package_identification:_identify(/root/ws_sensor_combined/src/px4-ros2-interface-lib/examples/cpp/navigation) by extensions ['python_setup_py']
[0.193s] Level 1:colcon.colcon_core.package_identification:_identify(/root/ws_sensor_combined/src/px4-ros2-interface-lib/examples/cpp/navigation) by extension 'python_setup_py'
[0.193s] Level 1:colcon.colcon_core.package_identification:_identify(/root/ws_sensor_combined/src/px4-ros2-interface-lib/examples/cpp/navigation/global_navigation) by extensions ['ignore', 'ignore_ament_install']
[0.193s] Level 1:colcon.colcon_core.package_identification:_identify(/root/ws_sensor_combined/src/px4-ros2-interface-lib/examples/cpp/navigation/global_navigation) by extension 'ignore'
[0.193s] Level 1:colcon.colcon_core.package_identification:_identify(/root/ws_sensor_combined/src/px4-ros2-interface-lib/examples/cpp/navigation/global_navigation) by extension 'ignore_ament_install'
[0.194s] Level 1:colcon.colcon_core.package_identification:_identify(/root/ws_sensor_combined/src/px4-ros2-interface-lib/examples/cpp/navigation/global_navigation) by extensions ['colcon_pkg']
[0.194s] Level 1:colcon.colcon_core.package_identification:_identify(/root/ws_sensor_combined/src/px4-ros2-interface-lib/examples/cpp/navigation/global_navigation) by extension 'colcon_pkg'
[0.194s] Level 1:colcon.colcon_core.package_identification:_identify(/root/ws_sensor_combined/src/px4-ros2-interface-lib/examples/cpp/navigation/global_navigation) by extensions ['colcon_meta']
[0.194s] Level 1:colcon.colcon_core.package_identification:_identify(/root/ws_sensor_combined/src/px4-ros2-interface-lib/examples/cpp/navigation/global_navigation) by extension 'colcon_meta'
[0.194s] Level 1:colcon.colcon_core.package_identification:_identify(/root/ws_sensor_combined/src/px4-ros2-interface-lib/examples/cpp/navigation/global_navigation) by extensions ['ros']
[0.194s] Level 1:colcon.colcon_core.package_identification:_identify(/root/ws_sensor_combined/src/px4-ros2-interface-lib/examples/cpp/navigation/global_navigation) by extension 'ros'
[0.194s] DEBUG:colcon.colcon_core.package_identification:Package '/root/ws_sensor_combined/src/px4-ros2-interface-lib/examples/cpp/navigation/global_navigation' with type 'ros.ament_cmake' and name 'example_global_navigation_cpp'
[0.194s] Level 1:colcon.colcon_core.package_identification:_identify(/root/ws_sensor_combined/src/px4-ros2-interface-lib/examples/cpp/navigation/local_navigation) by extensions ['ignore', 'ignore_ament_install']
[0.194s] Level 1:colcon.colcon_core.package_identification:_identify(/root/ws_sensor_combined/src/px4-ros2-interface-lib/examples/cpp/navigation/local_navigation) by extension 'ignore'
[0.194s] Level 1:colcon.colcon_core.package_identification:_identify(/root/ws_sensor_combined/src/px4-ros2-interface-lib/examples/cpp/navigation/local_navigation) by extension 'ignore_ament_install'
[0.194s] Level 1:colcon.colcon_core.package_identification:_identify(/root/ws_sensor_combined/src/px4-ros2-interface-lib/examples/cpp/navigation/local_navigation) by extensions ['colcon_pkg']
[0.194s] Level 1:colcon.colcon_core.package_identification:_identify(/root/ws_sensor_combined/src/px4-ros2-interface-lib/examples/cpp/navigation/local_navigation) by extension 'colcon_pkg'
[0.194s] Level 1:colcon.colcon_core.package_identification:_identify(/root/ws_sensor_combined/src/px4-ros2-interface-lib/examples/cpp/navigation/local_navigation) by extensions ['colcon_meta']
[0.194s] Level 1:colcon.colcon_core.package_identification:_identify(/root/ws_sensor_combined/src/px4-ros2-interface-lib/examples/cpp/navigation/local_navigation) by extension 'colcon_meta'
[0.194s] Level 1:colcon.colcon_core.package_identification:_identify(/root/ws_sensor_combined/src/px4-ros2-interface-lib/examples/cpp/navigation/local_navigation) by extensions ['ros']
[0.194s] Level 1:colcon.colcon_core.package_identification:_identify(/root/ws_sensor_combined/src/px4-ros2-interface-lib/examples/cpp/navigation/local_navigation) by extension 'ros'
[0.195s] DEBUG:colcon.colcon_core.package_identification:Package '/root/ws_sensor_combined/src/px4-ros2-interface-lib/examples/cpp/navigation/local_navigation' with type 'ros.ament_cmake' and name 'example_local_navigation_cpp'
[0.195s] Level 1:colcon.colcon_core.package_identification:_identify(/root/ws_sensor_combined/src/px4-ros2-interface-lib/px4_ros2_cpp) by extensions ['ignore', 'ignore_ament_install']
[0.195s] Level 1:colcon.colcon_core.package_identification:_identify(/root/ws_sensor_combined/src/px4-ros2-interface-lib/px4_ros2_cpp) by extension 'ignore'
[0.195s] Level 1:colcon.colcon_core.package_identification:_identify(/root/ws_sensor_combined/src/px4-ros2-interface-lib/px4_ros2_cpp) by extension 'ignore_ament_install'
[0.195s] Level 1:colcon.colcon_core.package_identification:_identify(/root/ws_sensor_combined/src/px4-ros2-interface-lib/px4_ros2_cpp) by extensions ['colcon_pkg']
[0.195s] Level 1:colcon.colcon_core.package_identification:_identify(/root/ws_sensor_combined/src/px4-ros2-interface-lib/px4_ros2_cpp) by extension 'colcon_pkg'
[0.195s] Level 1:colcon.colcon_core.package_identification:_identify(/root/ws_sensor_combined/src/px4-ros2-interface-lib/px4_ros2_cpp) by extensions ['colcon_meta']
[0.195s] Level 1:colcon.colcon_core.package_identification:_identify(/root/ws_sensor_combined/src/px4-ros2-interface-lib/px4_ros2_cpp) by extension 'colcon_meta'
[0.195s] Level 1:colcon.colcon_core.package_identification:_identify(/root/ws_sensor_combined/src/px4-ros2-interface-lib/px4_ros2_cpp) by extensions ['ros']
[0.195s] Level 1:colcon.colcon_core.package_identification:_identify(/root/ws_sensor_combined/src/px4-ros2-interface-lib/px4_ros2_cpp) by extension 'ros'
[0.196s] DEBUG:colcon.colcon_core.package_identification:Package '/root/ws_sensor_combined/src/px4-ros2-interface-lib/px4_ros2_cpp' with type 'ros.ament_cmake' and name 'px4_ros2_cpp'
[0.196s] Level 1:colcon.colcon_core.package_identification:_identify(/root/ws_sensor_combined/src/px4-ros2-interface-lib/scripts) by extensions ['ignore', 'ignore_ament_install']
[0.196s] Level 1:colcon.colcon_core.package_identification:_identify(/root/ws_sensor_combined/src/px4-ros2-interface-lib/scripts) by extension 'ignore'
[0.196s] Level 1:colcon.colcon_core.package_identification:_identify(/root/ws_sensor_combined/src/px4-ros2-interface-lib/scripts) by extension 'ignore_ament_install'
[0.196s] Level 1:colcon.colcon_core.package_identification:_identify(/root/ws_sensor_combined/src/px4-ros2-interface-lib/scripts) by extensions ['colcon_pkg']
[0.196s] Level 1:colcon.colcon_core.package_identification:_identify(/root/ws_sensor_combined/src/px4-ros2-interface-lib/scripts) by extension 'colcon_pkg'
[0.196s] Level 1:colcon.colcon_core.package_identification:_identify(/root/ws_sensor_combined/src/px4-ros2-interface-lib/scripts) by extensions ['colcon_meta']
[0.196s] Level 1:colcon.colcon_core.package_identification:_identify(/root/ws_sensor_combined/src/px4-ros2-interface-lib/scripts) by extension 'colcon_meta'
[0.196s] Level 1:colcon.colcon_core.package_identification:_identify(/root/ws_sensor_combined/src/px4-ros2-interface-lib/scripts) by extensions ['ros']
[0.196s] Level 1:colcon.colcon_core.package_identification:_identify(/root/ws_sensor_combined/src/px4-ros2-interface-lib/scripts) by extension 'ros'
[0.196s] Level 1:colcon.colcon_core.package_identification:_identify(/root/ws_sensor_combined/src/px4-ros2-interface-lib/scripts) by extensions ['cmake', 'python']
[0.196s] Level 1:colcon.colcon_core.package_identification:_identify(/root/ws_sensor_combined/src/px4-ros2-interface-lib/scripts) by extension 'cmake'
[0.196s] Level 1:colcon.colcon_core.package_identification:_identify(/root/ws_sensor_combined/src/px4-ros2-interface-lib/scripts) by extension 'python'
[0.196s] Level 1:colcon.colcon_core.package_identification:_identify(/root/ws_sensor_combined/src/px4-ros2-interface-lib/scripts) by extensions ['python_setup_py']
[0.196s] Level 1:colcon.colcon_core.package_identification:_identify(/root/ws_sensor_combined/src/px4-ros2-interface-lib/scripts) by extension 'python_setup_py'
[0.196s] Level 1:colcon.colcon_core.package_identification:_identify(/root/ws_sensor_combined/src/px4_msgs) by extensions ['ignore', 'ignore_ament_install']
[0.196s] Level 1:colcon.colcon_core.package_identification:_identify(/root/ws_sensor_combined/src/px4_msgs) by extension 'ignore'
[0.196s] Level 1:colcon.colcon_core.package_identification:_identify(/root/ws_sensor_combined/src/px4_msgs) by extension 'ignore_ament_install'
[0.196s] Level 1:colcon.colcon_core.package_identification:_identify(/root/ws_sensor_combined/src/px4_msgs) by extensions ['colcon_pkg']
[0.196s] Level 1:colcon.colcon_core.package_identification:_identify(/root/ws_sensor_combined/src/px4_msgs) by extension 'colcon_pkg'
[0.196s] Level 1:colcon.colcon_core.package_identification:_identify(/root/ws_sensor_combined/src/px4_msgs) by extensions ['colcon_meta']
[0.196s] Level 1:colcon.colcon_core.package_identification:_identify(/root/ws_sensor_combined/src/px4_msgs) by extension 'colcon_meta'
[0.196s] Level 1:colcon.colcon_core.package_identification:_identify(/root/ws_sensor_combined/src/px4_msgs) by extensions ['ros']
[0.196s] Level 1:colcon.colcon_core.package_identification:_identify(/root/ws_sensor_combined/src/px4_msgs) by extension 'ros'
[0.197s] DEBUG:colcon.colcon_core.package_identification:Package '/root/ws_sensor_combined/src/px4_msgs' with type 'ros.ament_cmake' and name 'px4_msgs'
[0.197s] Level 1:colcon.colcon_core.package_identification:_identify(/root/ws_sensor_combined/src/px4_ros_com) by extensions ['ignore', 'ignore_ament_install']
[0.197s] Level 1:colcon.colcon_core.package_identification:_identify(/root/ws_sensor_combined/src/px4_ros_com) by extension 'ignore'
[0.197s] Level 1:colcon.colcon_core.package_identification:_identify(/root/ws_sensor_combined/src/px4_ros_com) by extension 'ignore_ament_install'
[0.197s] Level 1:colcon.colcon_core.package_identification:_identify(/root/ws_sensor_combined/src/px4_ros_com) by extensions ['colcon_pkg']
[0.197s] Level 1:colcon.colcon_core.package_identification:_identify(/root/ws_sensor_combined/src/px4_ros_com) by extension 'colcon_pkg'
[0.197s] Level 1:colcon.colcon_core.package_identification:_identify(/root/ws_sensor_combined/src/px4_ros_com) by extensions ['colcon_meta']
[0.197s] Level 1:colcon.colcon_core.package_identification:_identify(/root/ws_sensor_combined/src/px4_ros_com) by extension 'colcon_meta'
[0.197s] Level 1:colcon.colcon_core.package_identification:_identify(/root/ws_sensor_combined/src/px4_ros_com) by extensions ['ros']
[0.197s] Level 1:colcon.colcon_core.package_identification:_identify(/root/ws_sensor_combined/src/px4_ros_com) by extension 'ros'
[0.198s] DEBUG:colcon.colcon_core.package_identification:Package '/root/ws_sensor_combined/src/px4_ros_com' with type 'ros.ament_cmake' and name 'px4_ros_com'
[0.198s] Level 1:colcon.colcon_core.package_discovery:discover_packages(recursive) using defaults
