[0.162s] Invoking command in '/root/ws_sensor_combined/build/example_mode_manual_cpp': AMENT_PREFIX_PATH=/root/ws_sensor_combined/install/px4_ros2_cpp:/root/ws_sensor_combined/install/px4_msgs:${AMENT_PREFIX_PATH} CMAKE_PREFIX_PATH=/root/ws_sensor_combined/install/px4_ros2_cpp:/root/ws_sensor_combined/install/px4_msgs:/opt/ros/humble LD_LIBRARY_PATH=/root/ws_sensor_combined/install/px4_ros2_cpp/lib:/root/ws_sensor_combined/install/px4_msgs/lib:${LD_LIBRARY_PATH} PYTHONPATH=/root/ws_sensor_combined/install/px4_msgs/local/lib/python3.10/dist-packages:${PYTHONPATH} /usr/bin/cmake --build /root/ws_sensor_combined/build/example_mode_manual_cpp -- -j20 -l20
[0.231s] [ 50%] [32m[1mLinking CXX executable example_mode_manual[0m
[1.859s] [100%] Built target example_mode_manual
[1.894s] Invoked command in '/root/ws_sensor_combined/build/example_mode_manual_cpp' returned '0': AMENT_PREFIX_PATH=/root/ws_sensor_combined/install/px4_ros2_cpp:/root/ws_sensor_combined/install/px4_msgs:${AMENT_PREFIX_PATH} CMAKE_PREFIX_PATH=/root/ws_sensor_combined/install/px4_ros2_cpp:/root/ws_sensor_combined/install/px4_msgs:/opt/ros/humble LD_LIBRARY_PATH=/root/ws_sensor_combined/install/px4_ros2_cpp/lib:/root/ws_sensor_combined/install/px4_msgs/lib:${LD_LIBRARY_PATH} PYTHONPATH=/root/ws_sensor_combined/install/px4_msgs/local/lib/python3.10/dist-packages:${PYTHONPATH} /usr/bin/cmake --build /root/ws_sensor_combined/build/example_mode_manual_cpp -- -j20 -l20
[1.896s] Invoking command in '/root/ws_sensor_combined/build/example_mode_manual_cpp': AMENT_PREFIX_PATH=/root/ws_sensor_combined/install/px4_ros2_cpp:/root/ws_sensor_combined/install/px4_msgs:${AMENT_PREFIX_PATH} CMAKE_PREFIX_PATH=/root/ws_sensor_combined/install/px4_ros2_cpp:/root/ws_sensor_combined/install/px4_msgs:/opt/ros/humble LD_LIBRARY_PATH=/root/ws_sensor_combined/install/px4_ros2_cpp/lib:/root/ws_sensor_combined/install/px4_msgs/lib:${LD_LIBRARY_PATH} PYTHONPATH=/root/ws_sensor_combined/install/px4_msgs/local/lib/python3.10/dist-packages:${PYTHONPATH} /usr/bin/cmake --install /root/ws_sensor_combined/build/example_mode_manual_cpp
[1.906s] -- Install configuration: ""
[1.906s] -- Installing: /root/ws_sensor_combined/install/example_mode_manual_cpp/lib/example_mode_manual_cpp/example_mode_manual
[1.906s] -- Set runtime path of "/root/ws_sensor_combined/install/example_mode_manual_cpp/lib/example_mode_manual_cpp/example_mode_manual" to ""
[1.907s] -- Up-to-date: /root/ws_sensor_combined/install/example_mode_manual_cpp/share/ament_index/resource_index/package_run_dependencies/example_mode_manual_cpp
[1.907s] -- Up-to-date: /root/ws_sensor_combined/install/example_mode_manual_cpp/share/ament_index/resource_index/parent_prefix_path/example_mode_manual_cpp
[1.908s] -- Up-to-date: /root/ws_sensor_combined/install/example_mode_manual_cpp/share/example_mode_manual_cpp/environment/ament_prefix_path.sh
[1.908s] -- Up-to-date: /root/ws_sensor_combined/install/example_mode_manual_cpp/share/example_mode_manual_cpp/environment/ament_prefix_path.dsv
[1.908s] -- Up-to-date: /root/ws_sensor_combined/install/example_mode_manual_cpp/share/example_mode_manual_cpp/environment/path.sh
[1.908s] -- Up-to-date: /root/ws_sensor_combined/install/example_mode_manual_cpp/share/example_mode_manual_cpp/environment/path.dsv
[1.909s] -- Up-to-date: /root/ws_sensor_combined/install/example_mode_manual_cpp/share/example_mode_manual_cpp/local_setup.bash
[1.909s] -- Up-to-date: /root/ws_sensor_combined/install/example_mode_manual_cpp/share/example_mode_manual_cpp/local_setup.sh
[1.909s] -- Up-to-date: /root/ws_sensor_combined/install/example_mode_manual_cpp/share/example_mode_manual_cpp/local_setup.zsh
[1.909s] -- Up-to-date: /root/ws_sensor_combined/install/example_mode_manual_cpp/share/example_mode_manual_cpp/local_setup.dsv
[1.910s] -- Installing: /root/ws_sensor_combined/install/example_mode_manual_cpp/share/example_mode_manual_cpp/package.dsv
[1.910s] -- Up-to-date: /root/ws_sensor_combined/install/example_mode_manual_cpp/share/ament_index/resource_index/packages/example_mode_manual_cpp
[1.912s] -- Up-to-date: /root/ws_sensor_combined/install/example_mode_manual_cpp/share/example_mode_manual_cpp/cmake/example_mode_manual_cppConfig.cmake
[1.912s] -- Up-to-date: /root/ws_sensor_combined/install/example_mode_manual_cpp/share/example_mode_manual_cpp/cmake/example_mode_manual_cppConfig-version.cmake
[1.912s] -- Up-to-date: /root/ws_sensor_combined/install/example_mode_manual_cpp/share/example_mode_manual_cpp/package.xml
[1.935s] Invoked command in '/root/ws_sensor_combined/build/example_mode_manual_cpp' returned '0': AMENT_PREFIX_PATH=/root/ws_sensor_combined/install/px4_ros2_cpp:/root/ws_sensor_combined/install/px4_msgs:${AMENT_PREFIX_PATH} CMAKE_PREFIX_PATH=/root/ws_sensor_combined/install/px4_ros2_cpp:/root/ws_sensor_combined/install/px4_msgs:/opt/ros/humble LD_LIBRARY_PATH=/root/ws_sensor_combined/install/px4_ros2_cpp/lib:/root/ws_sensor_combined/install/px4_msgs/lib:${LD_LIBRARY_PATH} PYTHONPATH=/root/ws_sensor_combined/install/px4_msgs/local/lib/python3.10/dist-packages:${PYTHONPATH} /usr/bin/cmake --install /root/ws_sensor_combined/build/example_mode_manual_cpp
