[35m[1mConsolidate compiler generated dependencies of target offboard_control_square_2[0m
[  9%] Built target frame_transforms
[ 18%] Built target mavros_camera_test
[ 27%] Built target sensor_combined_listener
[ 45%] Built target vehicle_gps_position_listener
[ 45%] Built target debug_vect_advertiser
[ 54%] Built target offboard_control_srv
[ 63%] Built target offboard_control_square
[ 72%] Built target mavros_offboard_test
[ 81%] Built target offboard_control
[ 90%] Built target offboard_control_enae788m
[ 90%] Built target ament_cmake_python_symlink_px4_ros_com
[ 95%] [32mBuilding CXX object CMakeFiles/offboard_control_square_2.dir/src/examples/offboard/offboard_control_square_2.cpp.o[0m
running egg_info
writing px4_ros_com.egg-info/PKG-INFO
writing dependency_links to px4_ros_com.egg-info/dependency_links.txt
writing top-level names to px4_ros_com.egg-info/top_level.txt
reading manifest file 'px4_ros_com.egg-info/SOURCES.txt'
writing manifest file 'px4_ros_com.egg-info/SOURCES.txt'
[ 95%] Built target ament_cmake_python_build_px4_ros_com_egg
[100%] [32m[1mLinking CXX executable offboard_control_square_2[0m
/usr/bin/ld: CMakeFiles/offboard_control_square_2.dir/src/examples/offboard/offboard_control_square_2.cpp.o: in function `OffboardControl::calculate_origin_difference(px4_msgs::msg::VehicleLocalPosition_<std::allocator<void> > const&, px4_msgs::msg::VehicleLocalPosition_<std::allocator<void> > const&)':
/root/ws_sensor_combined/src/px4_ros_com/src/examples/offboard/offboard_control_square_2.cpp:550: undefined reference to `GeographicLib::Geodesic::Geodesic(double, double)'
/usr/bin/ld: CMakeFiles/offboard_control_square_2.dir/src/examples/offboard/offboard_control_square_2.cpp.o: in function `GeographicLib::Geodesic::Inverse(double, double, double, double, double&, double&, double&) const':
/usr/include/GeographicLib/Geodesic.hpp:712: undefined reference to `GeographicLib::Geodesic::GenInverse(double, double, double, double, unsigned int, double&, double&, double&, double&, double&, double&, double&) const'
collect2: error: ld returned 1 exit status
gmake[2]: *** [CMakeFiles/offboard_control_square_2.dir/build.make:159: offboard_control_square_2] Error 1
gmake[1]: *** [CMakeFiles/Makefile2:368: CMakeFiles/offboard_control_square_2.dir/all] Error 2
gmake: *** [Makefile:146: all] Error 2
