[0.091s] Invoking command in '/root/ws_sensor_combined/build/px4_ros_com': CMAKE_PREFIX_PATH=/root/ws_sensor_combined/install/px4_msgs:/root/ws_sensor_combined/install/px4_ros_com:/root/ws_sensor_combined/install/example_mode_with_executor_cpp:/root/ws_sensor_combined/install/example_mode_vtol_cpp:/root/ws_sensor_combined/install/example_mode_rtl_replacement_cpp:/root/ws_sensor_combined/install/example_mode_manual_cpp:/root/ws_sensor_combined/install/example_mode_goto_global_cpp:/root/ws_sensor_combined/install/example_mode_goto_cpp:/root/ws_sensor_combined/install/example_mode_fw_attitude_cpp:/root/ws_sensor_combined/install/example_local_navigation_cpp:/root/ws_sensor_combined/install/example_global_navigation_cpp:/root/ws_sensor_combined/install/example_executor_with_multiple_modes_cpp:/root/ws_sensor_combined/install/px4_ros2_cpp:/opt/ros/humble LD_LIBRARY_PATH=/root/ws_sensor_combined/install/px4_msgs/lib:/root/ws_sensor_combined/install/px4_ros_com/lib:/root/ws_sensor_combined/install/px4_ros2_cpp/lib:/opt/ros/humble/opt/rviz_ogre_vendor/lib:/opt/ros/humble/lib/x86_64-linux-gnu:/opt/ros/humble/lib /usr/bin/cmake --build /root/ws_sensor_combined/build/px4_ros_com -- -j20 -l20
[0.129s] [35m[1mConsolidate compiler generated dependencies of target offboard_control_square_2[0m
[0.130s] [  9%] Built target frame_transforms
[0.134s] [ 18%] Built target mavros_camera_test
[0.135s] [ 27%] Built target sensor_combined_listener
[0.136s] [ 45%] Built target vehicle_gps_position_listener
[0.136s] [ 45%] Built target debug_vect_advertiser
[0.137s] [ 54%] Built target offboard_control_srv
[0.139s] [ 63%] Built target offboard_control_square
[0.140s] [ 72%] Built target mavros_offboard_test
[0.141s] [ 81%] Built target offboard_control
[0.141s] [ 90%] Built target offboard_control_enae788m
[0.143s] [ 90%] Built target ament_cmake_python_symlink_px4_ros_com
[0.146s] [ 95%] [32mBuilding CXX object CMakeFiles/offboard_control_square_2.dir/src/examples/offboard/offboard_control_square_2.cpp.o[0m
[0.290s] running egg_info
[0.299s] writing px4_ros_com.egg-info/PKG-INFO
[0.300s] writing dependency_links to px4_ros_com.egg-info/dependency_links.txt
[0.301s] writing top-level names to px4_ros_com.egg-info/top_level.txt
[0.327s] reading manifest file 'px4_ros_com.egg-info/SOURCES.txt'
[0.328s] writing manifest file 'px4_ros_com.egg-info/SOURCES.txt'
[0.351s] [ 95%] Built target ament_cmake_python_build_px4_ros_com_egg
[31.396s] [100%] [32m[1mLinking CXX executable offboard_control_square_2[0m
[107.932s] /usr/bin/ld: CMakeFiles/offboard_control_square_2.dir/src/examples/offboard/offboard_control_square_2.cpp.o: in function `OffboardControl::calculate_origin_difference(px4_msgs::msg::VehicleLocalPosition_<std::allocator<void> > const&, px4_msgs::msg::VehicleLocalPosition_<std::allocator<void> > const&)':
[107.932s] /root/ws_sensor_combined/src/px4_ros_com/src/examples/offboard/offboard_control_square_2.cpp:550: undefined reference to `GeographicLib::Geodesic::Geodesic(double, double)'
[107.932s] /usr/bin/ld: CMakeFiles/offboard_control_square_2.dir/src/examples/offboard/offboard_control_square_2.cpp.o: in function `GeographicLib::Geodesic::Inverse(double, double, double, double, double&, double&, double&) const':
[107.932s] /usr/include/GeographicLib/Geodesic.hpp:712: undefined reference to `GeographicLib::Geodesic::GenInverse(double, double, double, double, unsigned int, double&, double&, double&, double&, double&, double&, double&) const'
[108.078s] collect2: error: ld returned 1 exit status
[108.082s] gmake[2]: *** [CMakeFiles/offboard_control_square_2.dir/build.make:159: offboard_control_square_2] Error 1
[108.082s] gmake[1]: *** [CMakeFiles/Makefile2:368: CMakeFiles/offboard_control_square_2.dir/all] Error 2
[108.083s] gmake: *** [Makefile:146: all] Error 2
[108.085s] Invoked command in '/root/ws_sensor_combined/build/px4_ros_com' returned '2': CMAKE_PREFIX_PATH=/root/ws_sensor_combined/install/px4_msgs:/root/ws_sensor_combined/install/px4_ros_com:/root/ws_sensor_combined/install/example_mode_with_executor_cpp:/root/ws_sensor_combined/install/example_mode_vtol_cpp:/root/ws_sensor_combined/install/example_mode_rtl_replacement_cpp:/root/ws_sensor_combined/install/example_mode_manual_cpp:/root/ws_sensor_combined/install/example_mode_goto_global_cpp:/root/ws_sensor_combined/install/example_mode_goto_cpp:/root/ws_sensor_combined/install/example_mode_fw_attitude_cpp:/root/ws_sensor_combined/install/example_local_navigation_cpp:/root/ws_sensor_combined/install/example_global_navigation_cpp:/root/ws_sensor_combined/install/example_executor_with_multiple_modes_cpp:/root/ws_sensor_combined/install/px4_ros2_cpp:/opt/ros/humble LD_LIBRARY_PATH=/root/ws_sensor_combined/install/px4_msgs/lib:/root/ws_sensor_combined/install/px4_ros_com/lib:/root/ws_sensor_combined/install/px4_ros2_cpp/lib:/opt/ros/humble/opt/rviz_ogre_vendor/lib:/opt/ros/humble/lib/x86_64-linux-gnu:/opt/ros/humble/lib /usr/bin/cmake --build /root/ws_sensor_combined/build/px4_ros_com -- -j20 -l20
