In file included from [01m[K/opt/ros/humble/include/rclcpp/rclcpp/logging.hpp:24[m[K,
                 from [01m[K/opt/ros/humble/include/rclcpp/rclcpp/client.hpp:40[m[K,
                 from [01m[K/opt/ros/humble/include/rclcpp/rclcpp/callback_group.hpp:24[m[K,
                 from [01m[K/opt/ros/humble/include/rclcpp/rclcpp/any_executable.hpp:20[m[K,
                 from [01m[K/opt/ros/humble/include/rclcpp/rclcpp/memory_strategy.hpp:25[m[K,
                 from [01m[K/opt/ros/humble/include/rclcpp/rclcpp/memory_strategies.hpp:18[m[K,
                 from [01m[K/opt/ros/humble/include/rclcpp/rclcpp/executor_options.hpp:20[m[K,
                 from [01m[K/opt/ros/humble/include/rclcpp/rclcpp/executor.hpp:37[m[K,
                 from [01m[K/opt/ros/humble/include/rclcpp/rclcpp/executors/multi_threaded_executor.hpp:25[m[K,
                 from [01m[K/opt/ros/humble/include/rclcpp/rclcpp/executors.hpp:21[m[K,
                 from [01m[K/opt/ros/humble/include/rclcpp/rclcpp/rclcpp.hpp:155[m[K,
                 from [01m[K/root/ws_sensor_combined/src/px4_ros_com/src/examples/offboard/offboard_control_square.cpp:48[m[K:
[01m[K/root/ws_sensor_combined/src/px4_ros_com/src/examples/offboard/offboard_control_square.cpp:[m[K In lambda function:
[01m[K/root/ws_sensor_combined/src/px4_ros_com/src/examples/offboard/offboard_control_square.cpp:90:65:[m[K [01;35m[Kwarning: [m[Kformat ‘[01m[K%d[m[K’ expects argument of type ‘[01m[Kint[m[K’, but argument 5 has type ‘[01m[Kuint64_t[m[K’ {aka ‘[01m[Klong unsigned int[m[K’} [[01;35m[K]8;;https://gcc.gnu.org/onlinedocs/gcc/Warning-Options.html#index-Wformat=-Wformat=]8;;[m[K]
   90 |                                 RCLCPP_INFO(this->get_logger(), [01;35m[K"takeoff setpoint sent [%d/%d]"[m[K, [32m[Ktakeoff_counter_+1[m[K, takeoff_duration_);
      |                                                                 [01;35m[K^~~~~~~~~~~~~~~~~~~~~~~~~~~~~~~[m[K  [32m[K~~~~~~~~~~~~~~~~~~[m[K
      |                                                                                                                  [32m[K|[m[K
      |                                                                                                                  [32m[Kuint64_t {aka long unsigned int}[m[K
[01m[K/root/ws_sensor_combined/src/px4_ros_com/src/examples/offboard/offboard_control_square.cpp:90:90:[m[K [01;36m[Knote: [m[Kformat string is defined here
   90 |                                 RCLCPP_INFO(this->get_logger(), "takeoff setpoint sent [[01;36m[K%d[m[K/%d]", takeoff_counter_+1, takeoff_duration_);
      |                                                                                         [01;36m[K~^[m[K
      |                                                                                          [01;36m[K|[m[K
      |                                                                                          [01;36m[Kint[m[K
      |                                                                                         [32m[K%ld[m[K
In file included from [01m[K/opt/ros/humble/include/rclcpp/rclcpp/logging.hpp:24[m[K,
                 from [01m[K/opt/ros/humble/include/rclcpp/rclcpp/client.hpp:40[m[K,
                 from [01m[K/opt/ros/humble/include/rclcpp/rclcpp/callback_group.hpp:24[m[K,
                 from [01m[K/opt/ros/humble/include/rclcpp/rclcpp/any_executable.hpp:20[m[K,
                 from [01m[K/opt/ros/humble/include/rclcpp/rclcpp/memory_strategy.hpp:25[m[K,
                 from [01m[K/opt/ros/humble/include/rclcpp/rclcpp/memory_strategies.hpp:18[m[K,
                 from [01m[K/opt/ros/humble/include/rclcpp/rclcpp/executor_options.hpp:20[m[K,
                 from [01m[K/opt/ros/humble/include/rclcpp/rclcpp/executor.hpp:37[m[K,
                 from [01m[K/opt/ros/humble/include/rclcpp/rclcpp/executors/multi_threaded_executor.hpp:25[m[K,
                 from [01m[K/opt/ros/humble/include/rclcpp/rclcpp/executors.hpp:21[m[K,
                 from [01m[K/opt/ros/humble/include/rclcpp/rclcpp/rclcpp.hpp:155[m[K,
                 from [01m[K/root/ws_sensor_combined/src/px4_ros_com/src/examples/offboard/offboard_control_square.cpp:48[m[K:
[01m[K/root/ws_sensor_combined/src/px4_ros_com/src/examples/offboard/offboard_control_square.cpp:90:65:[m[K [01;35m[Kwarning: [m[Kformat ‘[01m[K%d[m[K’ expects argument of type ‘[01m[Kint[m[K’, but argument 6 has type ‘[01m[Kuint64_t[m[K’ {aka ‘[01m[Klong unsigned int[m[K’} [[01;35m[K]8;;https://gcc.gnu.org/onlinedocs/gcc/Warning-Options.html#index-Wformat=-Wformat=]8;;[m[K]
   90 |                                 RCLCPP_INFO(this->get_logger(), [01;35m[K"takeoff setpoint sent [%d/%d]"[m[K, takeoff_counter_+1, [32m[Ktakeoff_duration_[m[K);
      |                                                                 [01;35m[K^~~~~~~~~~~~~~~~~~~~~~~~~~~~~~~[m[K                      [32m[K~~~~~~~~~~~~~~~~~[m[K
      |                                                                                                                      [32m[K|[m[K
      |                                                                                                                      [32m[Kuint64_t {aka long unsigned int}[m[K
[01m[K/root/ws_sensor_combined/src/px4_ros_com/src/examples/offboard/offboard_control_square.cpp:90:93:[m[K [01;36m[Knote: [m[Kformat string is defined here
   90 |                                 RCLCPP_INFO(this->get_logger(), "takeoff setpoint sent [%d/[01;36m[K%d[m[K]", takeoff_counter_+1, takeoff_duration_);
      |                                                                                            [01;36m[K~^[m[K
      |                                                                                             [01;36m[K|[m[K
      |                                                                                             [01;36m[Kint[m[K
      |                                                                                            [32m[K%ld[m[K
