[0.118s] Invoking command in '/root/ws_sensor_combined/build/px4_ros2_cpp': CMAKE_PREFIX_PATH=/root/ws_sensor_combined/install/px4_msgs:/root/ws_sensor_combined/install/px4_ros_com:/root/ws_sensor_combined/install/example_mode_with_executor_cpp:/root/ws_sensor_combined/install/example_mode_vtol_cpp:/root/ws_sensor_combined/install/example_mode_rtl_replacement_cpp:/root/ws_sensor_combined/install/example_mode_manual_cpp:/root/ws_sensor_combined/install/example_mode_goto_global_cpp:/root/ws_sensor_combined/install/example_mode_goto_cpp:/root/ws_sensor_combined/install/example_mode_fw_attitude_cpp:/root/ws_sensor_combined/install/example_local_navigation_cpp:/root/ws_sensor_combined/install/example_global_navigation_cpp:/root/ws_sensor_combined/install/example_executor_with_multiple_modes_cpp:/root/ws_sensor_combined/install/px4_ros2_cpp:/opt/ros/humble LD_LIBRARY_PATH=/root/ws_sensor_combined/install/px4_msgs/lib:/root/ws_sensor_combined/install/px4_ros_com/lib:/root/ws_sensor_combined/install/px4_ros2_cpp/lib:/opt/ros/humble/opt/rviz_ogre_vendor/lib:/opt/ros/humble/lib/x86_64-linux-gnu:/opt/ros/humble/lib /usr/bin/cmake --build /root/ws_sensor_combined/build/px4_ros2_cpp -- -j20 -l20
[0.155s] [  4%] Built target gtest_main
[0.155s] [  6%] [32mBuilding CXX object gtest/CMakeFiles/gtest.dir/src/gtest-all.cc.o[0m
[0.155s] [  8%] [32mBuilding CXX object CMakeFiles/integration_utils.dir/test/integration/util.cpp.o[0m
[0.156s] [ 12%] Built target unit_utils
[0.177s] [ 14%] [32mBuilding CXX object CMakeFiles/px4_ros2_cpp.dir/src/components/message_compatibility_check.cpp.o[0m
[0.178s] [ 16%] [32mBuilding CXX object CMakeFiles/px4_ros2_cpp.dir/src/components/health_and_arming_checks.cpp.o[0m
[0.178s] [ 18%] [32mBuilding CXX object CMakeFiles/px4_ros2_cpp.dir/src/components/manual_control_input.cpp.o[0m
[0.179s] [ 20%] [32mBuilding CXX object CMakeFiles/px4_ros2_cpp.dir/src/components/mode.cpp.o[0m
[0.180s] [ 22%] [32mBuilding CXX object CMakeFiles/px4_ros2_cpp.dir/src/components/overrides.cpp.o[0m
[0.181s] [ 24%] [32mBuilding CXX object CMakeFiles/px4_ros2_cpp.dir/src/components/registration.cpp.o[0m
[0.182s] [ 26%] [32mBuilding CXX object CMakeFiles/px4_ros2_cpp.dir/src/components/mode_executor.cpp.o[0m
[0.182s] [ 28%] [32mBuilding CXX object CMakeFiles/px4_ros2_cpp.dir/src/components/wait_for_fmu.cpp.o[0m
[0.186s] [ 30%] [32mBuilding CXX object CMakeFiles/px4_ros2_cpp.dir/src/control/peripheral_actuators.cpp.o[0m
[0.186s] [ 32%] [32mBuilding CXX object CMakeFiles/px4_ros2_cpp.dir/src/control/vtol.cpp.o[0m
[0.188s] [ 34%] [32mBuilding CXX object CMakeFiles/px4_ros2_cpp.dir/src/control/setpoint_types/goto.cpp.o[0m
[0.189s] [ 36%] [32mBuilding CXX object CMakeFiles/px4_ros2_cpp.dir/src/control/setpoint_types/direct_actuators.cpp.o[0m
[0.191s] [ 38%] [32mBuilding CXX object CMakeFiles/px4_ros2_cpp.dir/src/control/setpoint_types/fixedwing_lateral_longitudinal.cpp.o[0m
[0.192s] [ 40%] [32mBuilding CXX object CMakeFiles/px4_ros2_cpp.dir/src/control/setpoint_types/experimental/rates.cpp.o[0m
[0.194s] [ 42%] [32mBuilding CXX object CMakeFiles/px4_ros2_cpp.dir/src/control/setpoint_types/experimental/trajectory.cpp.o[0m
[0.200s] [ 44%] [32mBuilding CXX object CMakeFiles/px4_ros2_cpp.dir/src/control/setpoint_types/experimental/attitude.cpp.o[0m
[0.200s] [ 46%] [32mBuilding CXX object CMakeFiles/px4_ros2_cpp.dir/src/navigation/experimental/global_position_measurement_interface.cpp.o[0m
[0.204s] [ 48%] [32mBuilding CXX object CMakeFiles/px4_ros2_cpp.dir/src/navigation/experimental/local_position_measurement_interface.cpp.o[0m
[9.221s] [ 50%] [32mBuilding CXX object CMakeFiles/px4_ros2_cpp.dir/src/odometry/attitude.cpp.o[0m
[10.274s] [ 52%] [32mBuilding CXX object CMakeFiles/px4_ros2_cpp.dir/src/odometry/global_position.cpp.o[0m
[10.320s] [ 54%] [32mBuilding CXX object CMakeFiles/px4_ros2_cpp.dir/src/odometry/local_position.cpp.o[0m
[10.814s] [ 56%] [32mBuilding CXX object CMakeFiles/px4_ros2_cpp.dir/src/odometry/angular_velocity.cpp.o[0m
[11.065s] [ 58%] [32mBuilding CXX object CMakeFiles/px4_ros2_cpp.dir/src/odometry/airspeed.cpp.o[0m
[11.311s] [ 60%] [32mBuilding CXX object CMakeFiles/px4_ros2_cpp.dir/src/utils/geodesic.cpp.o[0m
[11.764s] [ 62%] [32m[1mLinking CXX static library libgtest.a[0m
[11.892s] [ 64%] [32mBuilding CXX object CMakeFiles/px4_ros2_cpp.dir/src/utils/map_projection_impl.cpp.o[0m
[12.128s] [ 64%] Built target gtest
[18.909s] [ 66%] [32m[1mLinking CXX shared library libintegration_utils.so[0m
[19.410s] [ 66%] Built target integration_utils
[30.215s] [ 68%] [32m[1mLinking CXX shared library libpx4_ros2_cpp.so[0m
[31.960s] [ 68%] Built target px4_ros2_cpp
[31.990s] [ 70%] [32mBuilding CXX object CMakeFiles/px4_ros2_cpp_unit_tests.dir/test/unit/global_navigation.cpp.o[0m
[31.990s] [ 72%] [32mBuilding CXX object CMakeFiles/integration_tests.dir/test/integration/local_navigation.cpp.o[0m
[31.991s] [ 74%] [32mBuilding CXX object CMakeFiles/integration_tests.dir/test/integration/arming_check.cpp.o[0m
[31.991s] [ 76%] [32mBuilding CXX object CMakeFiles/px4_ros2_cpp_unit_tests.dir/test/unit/modes.cpp.o[0m
[31.992s] [ 78%] [32mBuilding CXX object CMakeFiles/px4_ros2_cpp_unit_tests.dir/test/unit/local_navigation.cpp.o[0m
[31.992s] [ 82%] [32mBuilding CXX object CMakeFiles/integration_tests.dir/test/integration/global_navigation.cpp.o[0m
[31.992s] [ 82%] [32mBuilding CXX object CMakeFiles/px4_ros2_cpp_unit_tests.dir/test/unit/main.cpp.o[0m
[31.992s] [ 84%] [32mBuilding CXX object CMakeFiles/px4_ros2_cpp_unit_tests.dir/test/unit/utils/frame_conversion.cpp.o[0m
[31.993s] [ 86%] [32mBuilding CXX object CMakeFiles/px4_ros2_cpp_unit_tests.dir/test/unit/utils/geodesic.cpp.o[0m
[31.994s] [ 90%] [32mBuilding CXX object CMakeFiles/px4_ros2_cpp_unit_tests.dir/test/unit/utils/geometry.cpp.o[0m
[31.994s] [ 90%] [32mBuilding CXX object CMakeFiles/px4_ros2_cpp_unit_tests.dir/test/unit/utils/map_projection_impl.cpp.o[0m
[31.994s] [ 92%] [32mBuilding CXX object CMakeFiles/integration_tests.dir/test/integration/mode.cpp.o[0m
[31.995s] [ 94%] [32mBuilding CXX object CMakeFiles/integration_tests.dir/test/integration/mode_executor.cpp.o[0m
[31.997s] [ 96%] [32mBuilding CXX object CMakeFiles/integration_tests.dir/test/integration/overrides.cpp.o[0m
[45.116s] [ 98%] [32m[1mLinking CXX executable px4_ros2_cpp_unit_tests[0m
[45.178s] [100%] [32m[1mLinking CXX executable integration_tests[0m
[45.592s] [100%] Built target px4_ros2_cpp_unit_tests
[45.629s] [100%] Built target integration_tests
[45.636s] Invoked command in '/root/ws_sensor_combined/build/px4_ros2_cpp' returned '0': CMAKE_PREFIX_PATH=/root/ws_sensor_combined/install/px4_msgs:/root/ws_sensor_combined/install/px4_ros_com:/root/ws_sensor_combined/install/example_mode_with_executor_cpp:/root/ws_sensor_combined/install/example_mode_vtol_cpp:/root/ws_sensor_combined/install/example_mode_rtl_replacement_cpp:/root/ws_sensor_combined/install/example_mode_manual_cpp:/root/ws_sensor_combined/install/example_mode_goto_global_cpp:/root/ws_sensor_combined/install/example_mode_goto_cpp:/root/ws_sensor_combined/install/example_mode_fw_attitude_cpp:/root/ws_sensor_combined/install/example_local_navigation_cpp:/root/ws_sensor_combined/install/example_global_navigation_cpp:/root/ws_sensor_combined/install/example_executor_with_multiple_modes_cpp:/root/ws_sensor_combined/install/px4_ros2_cpp:/opt/ros/humble LD_LIBRARY_PATH=/root/ws_sensor_combined/install/px4_msgs/lib:/root/ws_sensor_combined/install/px4_ros_com/lib:/root/ws_sensor_combined/install/px4_ros2_cpp/lib:/opt/ros/humble/opt/rviz_ogre_vendor/lib:/opt/ros/humble/lib/x86_64-linux-gnu:/opt/ros/humble/lib /usr/bin/cmake --build /root/ws_sensor_combined/build/px4_ros2_cpp -- -j20 -l20
[45.639s] Invoking command in '/root/ws_sensor_combined/build/px4_ros2_cpp': CMAKE_PREFIX_PATH=/root/ws_sensor_combined/install/px4_msgs:/root/ws_sensor_combined/install/px4_ros_com:/root/ws_sensor_combined/install/example_mode_with_executor_cpp:/root/ws_sensor_combined/install/example_mode_vtol_cpp:/root/ws_sensor_combined/install/example_mode_rtl_replacement_cpp:/root/ws_sensor_combined/install/example_mode_manual_cpp:/root/ws_sensor_combined/install/example_mode_goto_global_cpp:/root/ws_sensor_combined/install/example_mode_goto_cpp:/root/ws_sensor_combined/install/example_mode_fw_attitude_cpp:/root/ws_sensor_combined/install/example_local_navigation_cpp:/root/ws_sensor_combined/install/example_global_navigation_cpp:/root/ws_sensor_combined/install/example_executor_with_multiple_modes_cpp:/root/ws_sensor_combined/install/px4_ros2_cpp:/opt/ros/humble LD_LIBRARY_PATH=/root/ws_sensor_combined/install/px4_msgs/lib:/root/ws_sensor_combined/install/px4_ros_com/lib:/root/ws_sensor_combined/install/px4_ros2_cpp/lib:/opt/ros/humble/opt/rviz_ogre_vendor/lib:/opt/ros/humble/lib/x86_64-linux-gnu:/opt/ros/humble/lib /usr/bin/cmake --install /root/ws_sensor_combined/build/px4_ros2_cpp
[45.643s] -- Install configuration: "RelWithDebInfo"
[45.644s] -- Execute custom install script
[45.644s] -- Up-to-date symlink: /root/ws_sensor_combined/install/px4_ros2_cpp/share/px4_ros2_cpp/environment/library_path.sh
[45.644s] -- Up-to-date symlink: /root/ws_sensor_combined/install/px4_ros2_cpp/share/px4_ros2_cpp/environment/library_path.dsv
[45.644s] -- Up-to-date symlink: /root/ws_sensor_combined/install/px4_ros2_cpp/include/px4_ros2/common/context.hpp
[45.644s] -- Up-to-date symlink: /root/ws_sensor_combined/install/px4_ros2_cpp/include/px4_ros2/common/frame.hpp
[45.645s] -- Up-to-date symlink: /root/ws_sensor_combined/install/px4_ros2_cpp/include/px4_ros2/common/requirement_flags.hpp
[45.645s] -- Up-to-date symlink: /root/ws_sensor_combined/install/px4_ros2_cpp/include/px4_ros2/common/setpoint_base.hpp
[45.645s] -- Up-to-date symlink: /root/ws_sensor_combined/install/px4_ros2_cpp/include/px4_ros2/components/events.hpp
[45.645s] -- Up-to-date symlink: /root/ws_sensor_combined/install/px4_ros2_cpp/include/px4_ros2/components/groups.dox
[45.645s] -- Up-to-date symlink: /root/ws_sensor_combined/install/px4_ros2_cpp/include/px4_ros2/components/health_and_arming_checks.hpp
[45.645s] -- Up-to-date symlink: /root/ws_sensor_combined/install/px4_ros2_cpp/include/px4_ros2/components/manual_control_input.hpp
[45.645s] -- Up-to-date symlink: /root/ws_sensor_combined/install/px4_ros2_cpp/include/px4_ros2/components/message_compatibility_check.hpp
[45.645s] -- Up-to-date symlink: /root/ws_sensor_combined/install/px4_ros2_cpp/include/px4_ros2/components/mode.hpp
[45.645s] -- Up-to-date symlink: /root/ws_sensor_combined/install/px4_ros2_cpp/include/px4_ros2/components/mode_executor.hpp
[45.645s] -- Up-to-date symlink: /root/ws_sensor_combined/install/px4_ros2_cpp/include/px4_ros2/components/node_with_mode.hpp
[45.645s] -- Up-to-date symlink: /root/ws_sensor_combined/install/px4_ros2_cpp/include/px4_ros2/components/overrides.hpp
[45.645s] -- Up-to-date symlink: /root/ws_sensor_combined/install/px4_ros2_cpp/include/px4_ros2/components/wait_for_fmu.hpp
[45.645s] -- Up-to-date symlink: /root/ws_sensor_combined/install/px4_ros2_cpp/include/px4_ros2/control/groups.dox
[45.645s] -- Up-to-date symlink: /root/ws_sensor_combined/install/px4_ros2_cpp/include/px4_ros2/control/peripheral_actuators.hpp
[45.645s] -- Up-to-date symlink: /root/ws_sensor_combined/install/px4_ros2_cpp/include/px4_ros2/control/setpoint_types/direct_actuators.hpp
[45.646s] -- Up-to-date symlink: /root/ws_sensor_combined/install/px4_ros2_cpp/include/px4_ros2/control/setpoint_types/experimental/attitude.hpp
[45.646s] -- Up-to-date symlink: /root/ws_sensor_combined/install/px4_ros2_cpp/include/px4_ros2/control/setpoint_types/experimental/rates.hpp
[45.646s] -- Up-to-date symlink: /root/ws_sensor_combined/install/px4_ros2_cpp/include/px4_ros2/control/setpoint_types/experimental/trajectory.hpp
[45.646s] -- Up-to-date symlink: /root/ws_sensor_combined/install/px4_ros2_cpp/include/px4_ros2/control/setpoint_types/fixedwing_lateral_longitudinal.hpp
[45.646s] -- Up-to-date symlink: /root/ws_sensor_combined/install/px4_ros2_cpp/include/px4_ros2/control/setpoint_types/goto.hpp
[45.646s] -- Up-to-date symlink: /root/ws_sensor_combined/install/px4_ros2_cpp/include/px4_ros2/control/setpoint_types/groups.dox
[45.646s] -- Up-to-date symlink: /root/ws_sensor_combined/install/px4_ros2_cpp/include/px4_ros2/control/vtol.hpp
[45.646s] -- Up-to-date symlink: /root/ws_sensor_combined/install/px4_ros2_cpp/include/px4_ros2/navigation/experimental/global_position_measurement_interface.hpp
[45.646s] -- Up-to-date symlink: /root/ws_sensor_combined/install/px4_ros2_cpp/include/px4_ros2/navigation/experimental/local_position_measurement_interface.hpp
[45.646s] -- Up-to-date symlink: /root/ws_sensor_combined/install/px4_ros2_cpp/include/px4_ros2/navigation/experimental/navigation_interface_base.hpp
[45.646s] -- Up-to-date symlink: /root/ws_sensor_combined/install/px4_ros2_cpp/include/px4_ros2/navigation/groups.dox
[45.646s] -- Up-to-date symlink: /root/ws_sensor_combined/install/px4_ros2_cpp/include/px4_ros2/odometry/airspeed.hpp
[45.646s] -- Up-to-date symlink: /root/ws_sensor_combined/install/px4_ros2_cpp/include/px4_ros2/odometry/angular_velocity.hpp
[45.647s] -- Up-to-date symlink: /root/ws_sensor_combined/install/px4_ros2_cpp/include/px4_ros2/odometry/attitude.hpp
[45.647s] -- Up-to-date symlink: /root/ws_sensor_combined/install/px4_ros2_cpp/include/px4_ros2/odometry/global_position.hpp
[45.647s] -- Up-to-date symlink: /root/ws_sensor_combined/install/px4_ros2_cpp/include/px4_ros2/odometry/groups.dox
[45.647s] -- Up-to-date symlink: /root/ws_sensor_combined/install/px4_ros2_cpp/include/px4_ros2/odometry/local_position.hpp
[45.647s] -- Up-to-date symlink: /root/ws_sensor_combined/install/px4_ros2_cpp/include/px4_ros2/utils/frame_conversion.hpp
[45.647s] -- Up-to-date symlink: /root/ws_sensor_combined/install/px4_ros2_cpp/include/px4_ros2/utils/geodesic.hpp
[45.647s] -- Up-to-date symlink: /root/ws_sensor_combined/install/px4_ros2_cpp/include/px4_ros2/utils/geometry.hpp
[45.647s] -- Up-to-date symlink: /root/ws_sensor_combined/install/px4_ros2_cpp/include/px4_ros2/utils/groups.dox
[45.647s] -- Up-to-date symlink: /root/ws_sensor_combined/install/px4_ros2_cpp/include/px4_ros2/utils/message_version.hpp
[45.647s] -- Up-to-date symlink: /root/ws_sensor_combined/install/px4_ros2_cpp/include/px4_ros2/utils/subscription.hpp
[45.647s] -- Up-to-date symlink: /root/ws_sensor_combined/install/px4_ros2_cpp/include/px4_ros2/vehicle_state/battery.hpp
[45.647s] -- Up-to-date symlink: /root/ws_sensor_combined/install/px4_ros2_cpp/include/px4_ros2/vehicle_state/groups.dox
[45.647s] -- Up-to-date symlink: /root/ws_sensor_combined/install/px4_ros2_cpp/include/px4_ros2/vehicle_state/home_position.hpp
[45.647s] -- Up-to-date symlink: /root/ws_sensor_combined/install/px4_ros2_cpp/include/px4_ros2/vehicle_state/land_detected.hpp
[45.647s] -- Up-to-date symlink: /root/ws_sensor_combined/install/px4_ros2_cpp/include/px4_ros2/vehicle_state/vehicle_status.hpp
[45.647s] -- Up-to-date symlink: /root/ws_sensor_combined/install/px4_ros2_cpp/include/px4_ros2/vehicle_state/vtol_status.hpp
[45.648s] -- Up-to-date symlink: /root/ws_sensor_combined/install/px4_ros2_cpp/share/ament_index/resource_index/package_run_dependencies/px4_ros2_cpp
[45.648s] -- Up-to-date symlink: /root/ws_sensor_combined/install/px4_ros2_cpp/share/ament_index/resource_index/parent_prefix_path/px4_ros2_cpp
[45.648s] -- Up-to-date symlink: /root/ws_sensor_combined/install/px4_ros2_cpp/share/px4_ros2_cpp/environment/ament_prefix_path.sh
[45.648s] -- Up-to-date symlink: /root/ws_sensor_combined/install/px4_ros2_cpp/share/px4_ros2_cpp/environment/ament_prefix_path.dsv
[45.648s] -- Up-to-date symlink: /root/ws_sensor_combined/install/px4_ros2_cpp/share/px4_ros2_cpp/environment/path.sh
[45.648s] -- Up-to-date symlink: /root/ws_sensor_combined/install/px4_ros2_cpp/share/px4_ros2_cpp/environment/path.dsv
[45.648s] -- Up-to-date symlink: /root/ws_sensor_combined/install/px4_ros2_cpp/share/px4_ros2_cpp/local_setup.bash
[45.648s] -- Up-to-date symlink: /root/ws_sensor_combined/install/px4_ros2_cpp/share/px4_ros2_cpp/local_setup.sh
[45.648s] -- Up-to-date symlink: /root/ws_sensor_combined/install/px4_ros2_cpp/share/px4_ros2_cpp/local_setup.zsh
[45.648s] -- Up-to-date symlink: /root/ws_sensor_combined/install/px4_ros2_cpp/share/px4_ros2_cpp/local_setup.dsv
[45.648s] -- Symlinking: /root/ws_sensor_combined/install/px4_ros2_cpp/share/px4_ros2_cpp/package.dsv
[45.652s] -- Up-to-date symlink: /root/ws_sensor_combined/install/px4_ros2_cpp/share/ament_index/resource_index/packages/px4_ros2_cpp
[45.652s] -- Up-to-date symlink: /root/ws_sensor_combined/install/px4_ros2_cpp/share/px4_ros2_cpp/cmake/ament_cmake_export_targets-extras.cmake
[45.652s] -- Up-to-date symlink: /root/ws_sensor_combined/install/px4_ros2_cpp/share/px4_ros2_cpp/cmake/ament_cmake_export_dependencies-extras.cmake
[45.652s] -- Up-to-date symlink: /root/ws_sensor_combined/install/px4_ros2_cpp/share/px4_ros2_cpp/cmake/px4_ros2_cppConfig.cmake
[45.652s] -- Up-to-date symlink: /root/ws_sensor_combined/install/px4_ros2_cpp/share/px4_ros2_cpp/cmake/px4_ros2_cppConfig-version.cmake
[45.652s] -- Up-to-date symlink: /root/ws_sensor_combined/install/px4_ros2_cpp/share/px4_ros2_cpp/package.xml
[45.653s] -- Installing: /root/ws_sensor_combined/install/px4_ros2_cpp/lib/libpx4_ros2_cpp.so
[45.735s] -- Set runtime path of "/root/ws_sensor_combined/install/px4_ros2_cpp/lib/libpx4_ros2_cpp.so" to ""
[45.735s] -- Up-to-date: /root/ws_sensor_combined/install/px4_ros2_cpp/share/px4_ros2_cpp/cmake/px4_ros2_cppExport.cmake
[45.735s] -- Up-to-date: /root/ws_sensor_combined/install/px4_ros2_cpp/share/px4_ros2_cpp/cmake/px4_ros2_cppExport-relwithdebinfo.cmake
[45.737s] Invoked command in '/root/ws_sensor_combined/build/px4_ros2_cpp' returned '0': CMAKE_PREFIX_PATH=/root/ws_sensor_combined/install/px4_msgs:/root/ws_sensor_combined/install/px4_ros_com:/root/ws_sensor_combined/install/example_mode_with_executor_cpp:/root/ws_sensor_combined/install/example_mode_vtol_cpp:/root/ws_sensor_combined/install/example_mode_rtl_replacement_cpp:/root/ws_sensor_combined/install/example_mode_manual_cpp:/root/ws_sensor_combined/install/example_mode_goto_global_cpp:/root/ws_sensor_combined/install/example_mode_goto_cpp:/root/ws_sensor_combined/install/example_mode_fw_attitude_cpp:/root/ws_sensor_combined/install/example_local_navigation_cpp:/root/ws_sensor_combined/install/example_global_navigation_cpp:/root/ws_sensor_combined/install/example_executor_with_multiple_modes_cpp:/root/ws_sensor_combined/install/px4_ros2_cpp:/opt/ros/humble LD_LIBRARY_PATH=/root/ws_sensor_combined/install/px4_msgs/lib:/root/ws_sensor_combined/install/px4_ros_com/lib:/root/ws_sensor_combined/install/px4_ros2_cpp/lib:/opt/ros/humble/opt/rviz_ogre_vendor/lib:/opt/ros/humble/lib/x86_64-linux-gnu:/opt/ros/humble/lib /usr/bin/cmake --install /root/ws_sensor_combined/build/px4_ros2_cpp
