[0.142s] Invoking command in '/root/ws_sensor_combined/build/px4_ros_com': CMAKE_PREFIX_PATH=/root/ws_sensor_combined/install/px4_msgs:/root/ws_sensor_combined/install/px4_ros_com:/root/ws_sensor_combined/install/example_mode_with_executor_cpp:/root/ws_sensor_combined/install/example_mode_vtol_cpp:/root/ws_sensor_combined/install/example_mode_rtl_replacement_cpp:/root/ws_sensor_combined/install/example_mode_manual_cpp:/root/ws_sensor_combined/install/example_mode_goto_global_cpp:/root/ws_sensor_combined/install/example_mode_goto_cpp:/root/ws_sensor_combined/install/example_mode_fw_attitude_cpp:/root/ws_sensor_combined/install/example_local_navigation_cpp:/root/ws_sensor_combined/install/example_global_navigation_cpp:/root/ws_sensor_combined/install/example_executor_with_multiple_modes_cpp:/root/ws_sensor_combined/install/px4_ros2_cpp:/opt/ros/humble LD_LIBRARY_PATH=/root/ws_sensor_combined/install/px4_msgs/lib:/root/ws_sensor_combined/install/px4_ros_com/lib:/root/ws_sensor_combined/install/px4_ros2_cpp/lib:/opt/ros/humble/opt/rviz_ogre_vendor/lib:/opt/ros/humble/lib/x86_64-linux-gnu:/opt/ros/humble/lib /usr/bin/cmake --build /root/ws_sensor_combined/build/px4_ros_com -- -j20 -l20
[0.246s] [  0%] Built target ament_cmake_python_symlink_px4_ros_com
[0.251s] [  9%] Built target frame_transforms
[0.280s] [ 13%] [32mBuilding CXX object CMakeFiles/offboard_control_square.dir/src/examples/offboard/offboard_control_square.cpp.o[0m
[0.281s] [ 22%] Built target vehicle_gps_position_listener
[0.282s] [ 31%] Built target offboard_control_square_2
[0.283s] [ 40%] Built target offboard_control_enae788m
[0.283s] [ 59%] Built target offboard_control
[0.283s] [ 59%] Built target debug_vect_advertiser
[0.284s] [ 68%] Built target sensor_combined_listener
[0.287s] [ 77%] Built target offboard_control_srv
[0.290s] [ 86%] Built target mavros_camera_test
[0.292s] [ 95%] Built target mavros_offboard_test
[0.606s] running egg_info
[0.628s] writing px4_ros_com.egg-info/PKG-INFO
[0.629s] writing dependency_links to px4_ros_com.egg-info/dependency_links.txt
[0.629s] writing top-level names to px4_ros_com.egg-info/top_level.txt
[0.706s] reading manifest file 'px4_ros_com.egg-info/SOURCES.txt'
[0.708s] writing manifest file 'px4_ros_com.egg-info/SOURCES.txt'
[0.772s] [ 95%] Built target ament_cmake_python_build_px4_ros_com_egg
[52.846s] [100%] [32m[1mLinking CXX executable offboard_control_square[0m
[54.022s] [100%] Built target offboard_control_square
[54.046s] Invoked command in '/root/ws_sensor_combined/build/px4_ros_com' returned '0': CMAKE_PREFIX_PATH=/root/ws_sensor_combined/install/px4_msgs:/root/ws_sensor_combined/install/px4_ros_com:/root/ws_sensor_combined/install/example_mode_with_executor_cpp:/root/ws_sensor_combined/install/example_mode_vtol_cpp:/root/ws_sensor_combined/install/example_mode_rtl_replacement_cpp:/root/ws_sensor_combined/install/example_mode_manual_cpp:/root/ws_sensor_combined/install/example_mode_goto_global_cpp:/root/ws_sensor_combined/install/example_mode_goto_cpp:/root/ws_sensor_combined/install/example_mode_fw_attitude_cpp:/root/ws_sensor_combined/install/example_local_navigation_cpp:/root/ws_sensor_combined/install/example_global_navigation_cpp:/root/ws_sensor_combined/install/example_executor_with_multiple_modes_cpp:/root/ws_sensor_combined/install/px4_ros2_cpp:/opt/ros/humble LD_LIBRARY_PATH=/root/ws_sensor_combined/install/px4_msgs/lib:/root/ws_sensor_combined/install/px4_ros_com/lib:/root/ws_sensor_combined/install/px4_ros2_cpp/lib:/opt/ros/humble/opt/rviz_ogre_vendor/lib:/opt/ros/humble/lib/x86_64-linux-gnu:/opt/ros/humble/lib /usr/bin/cmake --build /root/ws_sensor_combined/build/px4_ros_com -- -j20 -l20
[54.052s] Invoking command in '/root/ws_sensor_combined/build/px4_ros_com': CMAKE_PREFIX_PATH=/root/ws_sensor_combined/install/px4_msgs:/root/ws_sensor_combined/install/px4_ros_com:/root/ws_sensor_combined/install/example_mode_with_executor_cpp:/root/ws_sensor_combined/install/example_mode_vtol_cpp:/root/ws_sensor_combined/install/example_mode_rtl_replacement_cpp:/root/ws_sensor_combined/install/example_mode_manual_cpp:/root/ws_sensor_combined/install/example_mode_goto_global_cpp:/root/ws_sensor_combined/install/example_mode_goto_cpp:/root/ws_sensor_combined/install/example_mode_fw_attitude_cpp:/root/ws_sensor_combined/install/example_local_navigation_cpp:/root/ws_sensor_combined/install/example_global_navigation_cpp:/root/ws_sensor_combined/install/example_executor_with_multiple_modes_cpp:/root/ws_sensor_combined/install/px4_ros2_cpp:/opt/ros/humble LD_LIBRARY_PATH=/root/ws_sensor_combined/install/px4_msgs/lib:/root/ws_sensor_combined/install/px4_ros_com/lib:/root/ws_sensor_combined/install/px4_ros2_cpp/lib:/opt/ros/humble/opt/rviz_ogre_vendor/lib:/opt/ros/humble/lib/x86_64-linux-gnu:/opt/ros/humble/lib /usr/bin/cmake --install /root/ws_sensor_combined/build/px4_ros_com
[54.064s] -- Install configuration: "RelWithDebInfo"
[54.065s] -- Execute custom install script
[54.067s] -- Up-to-date symlink: /root/ws_sensor_combined/install/px4_ros_com/lib/px4_ros_com/mavros_camera_test
[54.068s] -- Up-to-date symlink: /root/ws_sensor_combined/install/px4_ros_com/lib/px4_ros_com/sensor_combined_listener
[54.069s] -- Up-to-date symlink: /root/ws_sensor_combined/install/px4_ros_com/lib/px4_ros_com/vehicle_gps_position_listener
[54.070s] -- Up-to-date symlink: /root/ws_sensor_combined/install/px4_ros_com/lib/px4_ros_com/debug_vect_advertiser
[54.071s] -- Up-to-date symlink: /root/ws_sensor_combined/install/px4_ros_com/lib/px4_ros_com/offboard_control
[54.072s] -- Up-to-date symlink: /root/ws_sensor_combined/install/px4_ros_com/lib/px4_ros_com/offboard_control_enae788m
[54.074s] -- Up-to-date symlink: /root/ws_sensor_combined/install/px4_ros_com/lib/px4_ros_com/offboard_control_square
[54.074s] -- Up-to-date symlink: /root/ws_sensor_combined/install/px4_ros_com/lib/px4_ros_com/mavros_offboard_test
[54.075s] -- Up-to-date symlink: /root/ws_sensor_combined/install/px4_ros_com/lib/px4_ros_com/offboard_control_srv
[54.075s] -- Up-to-date symlink: /root/ws_sensor_combined/install/px4_ros_com/share/px4_ros_com/environment/library_path.sh
[54.076s] -- Up-to-date symlink: /root/ws_sensor_combined/install/px4_ros_com/share/px4_ros_com/environment/library_path.dsv
[54.077s] -- Up-to-date symlink: /root/ws_sensor_combined/install/px4_ros_com/include/px4_ros_com/frame_transforms.h
[54.077s] -- Up-to-date symlink: /root/ws_sensor_combined/install/px4_ros_com/share/px4_ros_com//launch/offboard_control_launch.yaml
[54.078s] -- Up-to-date symlink: /root/ws_sensor_combined/install/px4_ros_com/share/px4_ros_com//launch/sensor_combined_listener.launch.py
[54.079s] -- Up-to-date symlink: /root/ws_sensor_combined/install/px4_ros_com/share/px4_ros_com//test/__init__.py
[54.079s] -- Up-to-date symlink: /root/ws_sensor_combined/install/px4_ros_com/share/px4_ros_com//test/pipeline_io_test.py
[54.079s] -- Up-to-date symlink: /root/ws_sensor_combined/install/px4_ros_com/share/px4_ros_com//test/test_input.py
[54.079s] -- Up-to-date symlink: /root/ws_sensor_combined/install/px4_ros_com/share/px4_ros_com//test/test_output.py
[54.080s] -- Up-to-date symlink: /root/ws_sensor_combined/install/px4_ros_com/share/px4_ros_com/environment/pythonpath.sh
[54.081s] -- Up-to-date symlink: /root/ws_sensor_combined/install/px4_ros_com/share/px4_ros_com/environment/pythonpath.dsv
[54.081s] -- Up-to-date symlink: /root/ws_sensor_combined/install/px4_ros_com/local/lib/python3.10/dist-packages/px4_ros_com-0.1.0-py3.10.egg-info/PKG-INFO
[54.082s] -- Up-to-date symlink: /root/ws_sensor_combined/install/px4_ros_com/local/lib/python3.10/dist-packages/px4_ros_com-0.1.0-py3.10.egg-info/SOURCES.txt
[54.082s] -- Up-to-date symlink: /root/ws_sensor_combined/install/px4_ros_com/local/lib/python3.10/dist-packages/px4_ros_com-0.1.0-py3.10.egg-info/dependency_links.txt
[54.082s] -- Up-to-date symlink: /root/ws_sensor_combined/install/px4_ros_com/local/lib/python3.10/dist-packages/px4_ros_com-0.1.0-py3.10.egg-info/top_level.txt
[54.083s] -- Up-to-date symlink: /root/ws_sensor_combined/install/px4_ros_com/local/lib/python3.10/dist-packages/px4_ros_com/__init__.py
[54.083s] -- Up-to-date symlink: /root/ws_sensor_combined/install/px4_ros_com/local/lib/python3.10/dist-packages/px4_ros_com/module_to_import.py
[54.084s] -- Up-to-date symlink: /root/ws_sensor_combined/install/px4_ros_com/lib/px4_ros_com/offboard_control.py
[54.084s] -- Up-to-date symlink: /root/ws_sensor_combined/install/px4_ros_com/share/ament_index/resource_index/package_run_dependencies/px4_ros_com
[54.085s] -- Up-to-date symlink: /root/ws_sensor_combined/install/px4_ros_com/share/ament_index/resource_index/parent_prefix_path/px4_ros_com
[54.085s] -- Up-to-date symlink: /root/ws_sensor_combined/install/px4_ros_com/share/px4_ros_com/environment/ament_prefix_path.sh
[54.085s] -- Up-to-date symlink: /root/ws_sensor_combined/install/px4_ros_com/share/px4_ros_com/environment/ament_prefix_path.dsv
[54.087s] -- Up-to-date symlink: /root/ws_sensor_combined/install/px4_ros_com/share/px4_ros_com/environment/path.sh
[54.087s] -- Up-to-date symlink: /root/ws_sensor_combined/install/px4_ros_com/share/px4_ros_com/environment/path.dsv
[54.087s] -- Up-to-date symlink: /root/ws_sensor_combined/install/px4_ros_com/share/px4_ros_com/local_setup.bash
[54.087s] -- Up-to-date symlink: /root/ws_sensor_combined/install/px4_ros_com/share/px4_ros_com/local_setup.sh
[54.087s] -- Up-to-date symlink: /root/ws_sensor_combined/install/px4_ros_com/share/px4_ros_com/local_setup.zsh
[54.087s] -- Up-to-date symlink: /root/ws_sensor_combined/install/px4_ros_com/share/px4_ros_com/local_setup.dsv
[54.087s] -- Symlinking: /root/ws_sensor_combined/install/px4_ros_com/share/px4_ros_com/package.dsv
[54.103s] -- Up-to-date symlink: /root/ws_sensor_combined/install/px4_ros_com/share/ament_index/resource_index/packages/px4_ros_com
[54.104s] -- Up-to-date symlink: /root/ws_sensor_combined/install/px4_ros_com/share/px4_ros_com/cmake/ament_cmake_export_dependencies-extras.cmake
[54.104s] -- Up-to-date symlink: /root/ws_sensor_combined/install/px4_ros_com/share/px4_ros_com/cmake/ament_cmake_export_targets-extras.cmake
[54.105s] -- Up-to-date symlink: /root/ws_sensor_combined/install/px4_ros_com/share/px4_ros_com/cmake/ament_cmake_export_include_directories-extras.cmake
[54.105s] -- Up-to-date symlink: /root/ws_sensor_combined/install/px4_ros_com/share/px4_ros_com/cmake/ament_cmake_export_libraries-extras.cmake
[54.105s] -- Up-to-date symlink: /root/ws_sensor_combined/install/px4_ros_com/share/px4_ros_com/cmake/px4_ros_comConfig.cmake
[54.105s] -- Up-to-date symlink: /root/ws_sensor_combined/install/px4_ros_com/share/px4_ros_com/cmake/px4_ros_comConfig-version.cmake
[54.106s] -- Up-to-date symlink: /root/ws_sensor_combined/install/px4_ros_com/share/px4_ros_com/package.xml
[54.106s] -- Up-to-date: /root/ws_sensor_combined/install/px4_ros_com/lib/libframe_transforms.so
[54.172s] Listing '/root/ws_sensor_combined/install/px4_ros_com/local/lib/python3.10/dist-packages/px4_ros_com'...
[54.181s] -- Up-to-date: /root/ws_sensor_combined/install/px4_ros_com/share/px4_ros_com/cmake/export_frame_transformsExport.cmake
[54.181s] -- Up-to-date: /root/ws_sensor_combined/install/px4_ros_com/share/px4_ros_com/cmake/export_frame_transformsExport-relwithdebinfo.cmake
[54.187s] Invoked command in '/root/ws_sensor_combined/build/px4_ros_com' returned '0': CMAKE_PREFIX_PATH=/root/ws_sensor_combined/install/px4_msgs:/root/ws_sensor_combined/install/px4_ros_com:/root/ws_sensor_combined/install/example_mode_with_executor_cpp:/root/ws_sensor_combined/install/example_mode_vtol_cpp:/root/ws_sensor_combined/install/example_mode_rtl_replacement_cpp:/root/ws_sensor_combined/install/example_mode_manual_cpp:/root/ws_sensor_combined/install/example_mode_goto_global_cpp:/root/ws_sensor_combined/install/example_mode_goto_cpp:/root/ws_sensor_combined/install/example_mode_fw_attitude_cpp:/root/ws_sensor_combined/install/example_local_navigation_cpp:/root/ws_sensor_combined/install/example_global_navigation_cpp:/root/ws_sensor_combined/install/example_executor_with_multiple_modes_cpp:/root/ws_sensor_combined/install/px4_ros2_cpp:/opt/ros/humble LD_LIBRARY_PATH=/root/ws_sensor_combined/install/px4_msgs/lib:/root/ws_sensor_combined/install/px4_ros_com/lib:/root/ws_sensor_combined/install/px4_ros2_cpp/lib:/opt/ros/humble/opt/rviz_ogre_vendor/lib:/opt/ros/humble/lib/x86_64-linux-gnu:/opt/ros/humble/lib /usr/bin/cmake --install /root/ws_sensor_combined/build/px4_ros_com
