[0.042s] Invoking command in '/root/ws_sensor_combined/build/px4_ros_com': CMAKE_PREFIX_PATH=/root/ws_sensor_combined/install/px4_msgs:/root/ws_sensor_combined/install/px4_ros_com:/root/ws_sensor_combined/install/example_mode_with_executor_cpp:/root/ws_sensor_combined/install/example_mode_vtol_cpp:/root/ws_sensor_combined/install/example_mode_rtl_replacement_cpp:/root/ws_sensor_combined/install/example_mode_manual_cpp:/root/ws_sensor_combined/install/example_mode_goto_global_cpp:/root/ws_sensor_combined/install/example_mode_goto_cpp:/root/ws_sensor_combined/install/example_mode_fw_attitude_cpp:/root/ws_sensor_combined/install/example_local_navigation_cpp:/root/ws_sensor_combined/install/example_global_navigation_cpp:/root/ws_sensor_combined/install/example_executor_with_multiple_modes_cpp:/root/ws_sensor_combined/install/px4_ros2_cpp:/opt/ros/humble LD_LIBRARY_PATH=/root/ws_sensor_combined/install/px4_msgs/lib:/root/ws_sensor_combined/install/px4_ros_com/lib:/root/ws_sensor_combined/install/px4_ros2_cpp/lib:/opt/ros/humble/opt/rviz_ogre_vendor/lib:/opt/ros/humble/lib/x86_64-linux-gnu:/opt/ros/humble/lib /usr/bin/cmake --build /root/ws_sensor_combined/build/px4_ros_com -- -j20 -l20
[0.055s] -- Found ament_cmake: 1.3.12 (/opt/ros/humble/share/ament_cmake/cmake)
[0.133s] -- Override CMake install command with custom implementation using symlinks instead of copying resources
[0.138s] -- Found builtin_interfaces: 1.2.2 (/opt/ros/humble/share/builtin_interfaces/cmake)
[0.271s] -- Found rosidl_generator_c: 3.1.7 (/opt/ros/humble/share/rosidl_generator_c/cmake)
[0.271s] -- Found rosidl_adapter: 3.1.7 (/opt/ros/humble/share/rosidl_adapter/cmake)
[0.277s] -- Found rosidl_generator_cpp: 3.1.7 (/opt/ros/humble/share/rosidl_generator_cpp/cmake)
[0.290s] -- Using all available rosidl_typesupport_c: rosidl_typesupport_fastrtps_c;rosidl_typesupport_introspection_c
[0.301s] -- Using all available rosidl_typesupport_cpp: rosidl_typesupport_fastrtps_cpp;rosidl_typesupport_introspection_cpp
[0.318s] -- Found eigen3_cmake_module: 0.1.1 (/opt/ros/humble/share/eigen3_cmake_module/cmake)
[0.319s] -- Found geometry_msgs: 4.9.0 (/opt/ros/humble/share/geometry_msgs/cmake)
[0.333s] -- Found px4_msgs: 2.0.1 (/root/ws_sensor_combined/install/px4_msgs/share/px4_msgs/cmake)
[0.350s] -- Found rclcpp: 16.0.14 (/opt/ros/humble/share/rclcpp/cmake)
[0.372s] -- Found rmw_implementation_cmake: 6.1.2 (/opt/ros/humble/share/rmw_implementation_cmake/cmake)
[0.372s] -- Found rmw_fastrtps_cpp: 6.2.8 (/opt/ros/humble/share/rmw_fastrtps_cpp/cmake)
[3.541s] -- Using RMW implementation 'rmw_fastrtps_cpp' as default
[3.561s] -- Found sensor_msgs: 4.9.0 (/opt/ros/humble/share/sensor_msgs/cmake)
[3.569s] -- Found rclpy: 3.3.17 (/opt/ros/humble/share/rclpy/cmake)
[3.569s] -- Found mavros_msgs: 2.10.1 (/opt/ros/humble/share/mavros_msgs/cmake)
[3.608s] -- Found ament_lint_auto: 0.12.14 (/opt/ros/humble/share/ament_lint_auto/cmake)
[3.651s] -- Added test 'copyright' to check source files copyright and LICENSE
[3.653s] -- Added test 'cppcheck' to perform static code analysis on C / C++ code
[3.653s] -- Configured cppcheck include dirs: /root/ws_sensor_combined/src/px4_ros_com/include;$<BUILD_INTERFACE:/root/ws_sensor_combined/src/px4_ros_com/include/px4_ros_com>
[3.653s] -- Configured cppcheck exclude dirs and/or files: 
[3.655s] -- Added test 'cpplint' to check C / C++ code against the Google style
[3.655s] -- Configured cpplint exclude dirs and/or files: 
[3.655s] -- Added test 'flake8' to check Python code syntax and style conventions
[3.655s] -- Added test 'lint_cmake' to check CMake code style
[3.656s] -- Added test 'pep257' to check Python code against some of the docstring style conventions in PEP 257
[3.657s] -- Added test 'uncrustify' to check C / C++ code style
[3.657s] -- Configured uncrustify additional arguments: 
[3.658s] -- Added test 'xmllint' to check XML markup files
[3.659s] -- Configuring done
[3.676s] -- Generating done
[3.684s] -- Build files have been written to: /root/ws_sensor_combined/build/px4_ros_com
[3.701s] [35m[1mConsolidate compiler generated dependencies of target frame_transforms[0m
[3.701s] [35m[1mConsolidate compiler generated dependencies of target sensor_combined_listener[0m
[3.701s] [35m[1mConsolidate compiler generated dependencies of target mavros_offboard[0m
[3.701s] [35m[1mConsolidate compiler generated dependencies of target offboard_control[0m
[3.701s] [35m[1mConsolidate compiler generated dependencies of target offboard_control_enae788m[0m
[3.705s] [35m[1mConsolidate compiler generated dependencies of target debug_vect_advertiser[0m
[3.705s] [35m[1mConsolidate compiler generated dependencies of target vehicle_gps_position_listener[0m
[3.707s] [35m[1mConsolidate compiler generated dependencies of target offboard_control_srv[0m
[3.707s] [35m[1mConsolidate compiler generated dependencies of target offboard_control_square[0m
[3.709s] [ 11%] Built target frame_transforms
[3.711s] [ 16%] [32mBuilding CXX object CMakeFiles/mavros_offboard.dir/src/examples/offboard/mavros_offboard.cpp.o[0m
[3.711s] [ 27%] Built target offboard_control
[3.713s] [ 38%] Built target sensor_combined_listener
[3.717s] [ 50%] Built target offboard_control_enae788m
[3.718s] [ 61%] Built target debug_vect_advertiser
[3.718s] [ 61%] Built target ament_cmake_python_symlink_px4_ros_com
[3.719s] [ 77%] Built target offboard_control_square
[3.719s] [ 83%] Built target vehicle_gps_position_listener
[3.720s] [ 94%] Built target offboard_control_srv
[3.834s] running egg_info
[3.842s] writing px4_ros_com.egg-info/PKG-INFO
[3.842s] writing dependency_links to px4_ros_com.egg-info/dependency_links.txt
[3.842s] writing top-level names to px4_ros_com.egg-info/top_level.txt
[3.863s] reading manifest file 'px4_ros_com.egg-info/SOURCES.txt'
[3.864s] writing manifest file 'px4_ros_com.egg-info/SOURCES.txt'
[3.880s] [ 94%] Built target ament_cmake_python_build_px4_ros_com_egg
[5.770s] [100%] [32m[1mLinking CXX executable mavros_offboard[0m
[5.870s] /usr/bin/ld: /usr/lib/gcc/x86_64-linux-gnu/11/../../../x86_64-linux-gnu/Scrt1.o: in function `_start':
[5.870s] (.text+0x1b): undefined reference to `main'
[5.872s] collect2: error: ld returned 1 exit status
[5.874s] gmake[2]: *** [CMakeFiles/mavros_offboard.dir/build.make:159: mavros_offboard] Error 1
[5.874s] gmake[1]: *** [CMakeFiles/Makefile2:156: CMakeFiles/mavros_offboard.dir/all] Error 2
[5.874s] gmake: *** [Makefile:146: all] Error 2
[5.876s] Invoked command in '/root/ws_sensor_combined/build/px4_ros_com' returned '2': CMAKE_PREFIX_PATH=/root/ws_sensor_combined/install/px4_msgs:/root/ws_sensor_combined/install/px4_ros_com:/root/ws_sensor_combined/install/example_mode_with_executor_cpp:/root/ws_sensor_combined/install/example_mode_vtol_cpp:/root/ws_sensor_combined/install/example_mode_rtl_replacement_cpp:/root/ws_sensor_combined/install/example_mode_manual_cpp:/root/ws_sensor_combined/install/example_mode_goto_global_cpp:/root/ws_sensor_combined/install/example_mode_goto_cpp:/root/ws_sensor_combined/install/example_mode_fw_attitude_cpp:/root/ws_sensor_combined/install/example_local_navigation_cpp:/root/ws_sensor_combined/install/example_global_navigation_cpp:/root/ws_sensor_combined/install/example_executor_with_multiple_modes_cpp:/root/ws_sensor_combined/install/px4_ros2_cpp:/opt/ros/humble LD_LIBRARY_PATH=/root/ws_sensor_combined/install/px4_msgs/lib:/root/ws_sensor_combined/install/px4_ros_com/lib:/root/ws_sensor_combined/install/px4_ros2_cpp/lib:/opt/ros/humble/opt/rviz_ogre_vendor/lib:/opt/ros/humble/lib/x86_64-linux-gnu:/opt/ros/humble/lib /usr/bin/cmake --build /root/ws_sensor_combined/build/px4_ros_com -- -j20 -l20
