[0.077s] Invoking command in '/root/ws_sensor_combined/build/px4_ros_com': AMENT_PREFIX_PATH=/root/ws_sensor_combined/install/px4_msgs:${AMENT_PREFIX_PATH} CMAKE_PREFIX_PATH=/root/ws_sensor_combined/install/px4_msgs:/opt/ros/humble LD_LIBRARY_PATH=/root/ws_sensor_combined/install/px4_msgs/lib:${LD_LIBRARY_PATH} PYTHONPATH=/root/ws_sensor_combined/install/px4_msgs/local/lib/python3.10/dist-packages:${PYTHONPATH} /usr/bin/cmake --build /root/ws_sensor_combined/build/px4_ros_com -- -j20 -l20
[0.102s] -- Found ament_cmake: 1.3.12 (/opt/ros/humble/share/ament_cmake/cmake)
[0.322s] -- Override CMake install command with custom implementation using symlinks instead of copying resources
[0.383s] -- Found builtin_interfaces: 1.2.2 (/opt/ros/humble/share/builtin_interfaces/cmake)
[0.787s] -- Found rosidl_generator_c: 3.1.7 (/opt/ros/humble/share/rosidl_generator_c/cmake)
[0.802s] -- Found rosidl_adapter: 3.1.7 (/opt/ros/humble/share/rosidl_adapter/cmake)
[0.833s] -- Found rosidl_generator_cpp: 3.1.7 (/opt/ros/humble/share/rosidl_generator_cpp/cmake)
[0.884s] -- Using all available rosidl_typesupport_c: rosidl_typesupport_fastrtps_c;rosidl_typesupport_introspection_c
[0.949s] -- Using all available rosidl_typesupport_cpp: rosidl_typesupport_fastrtps_cpp;rosidl_typesupport_introspection_cpp
[1.017s] -- Found eigen3_cmake_module: 0.1.1 (/opt/ros/humble/share/eigen3_cmake_module/cmake)
[1.034s] -- Found geometry_msgs: 4.9.0 (/opt/ros/humble/share/geometry_msgs/cmake)
[1.174s] -- Found px4_msgs: 2.0.1 (/root/ws_sensor_combined/install/px4_msgs/share/px4_msgs/cmake)
[1.239s] -- Found rclcpp: 16.0.14 (/opt/ros/humble/share/rclcpp/cmake)
[1.418s] -- Found rmw_implementation_cmake: 6.1.2 (/opt/ros/humble/share/rmw_implementation_cmake/cmake)
[1.429s] -- Found rmw_fastrtps_cpp: 6.2.8 (/opt/ros/humble/share/rmw_fastrtps_cpp/cmake)
[14.501s] -- Using RMW implementation 'rmw_fastrtps_cpp' as default
[14.752s] -- Found sensor_msgs: 4.9.0 (/opt/ros/humble/share/sensor_msgs/cmake)
[14.841s] -- Found rclpy: 3.3.17 (/opt/ros/humble/share/rclpy/cmake)
[14.848s] -- Found mavros_msgs: 2.10.1 (/opt/ros/humble/share/mavros_msgs/cmake)
[15.196s] -- Found ament_lint_auto: 0.12.14 (/opt/ros/humble/share/ament_lint_auto/cmake)
[15.809s] -- Added test 'copyright' to check source files copyright and LICENSE
[15.860s] -- Added test 'cppcheck' to perform static code analysis on C / C++ code
[15.861s] -- Configured cppcheck include dirs: /root/ws_sensor_combined/src/px4_ros_com/include;$<BUILD_INTERFACE:/root/ws_sensor_combined/src/px4_ros_com/include/px4_ros_com>
[15.861s] -- Configured cppcheck exclude dirs and/or files: 
[15.872s] -- Added test 'cpplint' to check C / C++ code against the Google style
[15.872s] -- Configured cpplint exclude dirs and/or files: 
[15.876s] -- Added test 'flake8' to check Python code syntax and style conventions
[15.878s] -- Added test 'lint_cmake' to check CMake code style
[15.887s] -- Added test 'pep257' to check Python code against some of the docstring style conventions in PEP 257
[15.889s] -- Added test 'uncrustify' to check C / C++ code style
[15.890s] -- Configured uncrustify additional arguments: 
[15.894s] -- Added test 'xmllint' to check XML markup files
[15.913s] -- Configuring done
[16.379s] -- Generating done
[16.462s] -- Build files have been written to: /root/ws_sensor_combined/build/px4_ros_com
[16.579s] [35m[1mConsolidate compiler generated dependencies of target mavros_camera_test[0m
[16.586s] [35m[1mConsolidate compiler generated dependencies of target frame_transforms[0m
[16.586s] [35m[1mConsolidate compiler generated dependencies of target sensor_combined_listener[0m
[16.586s] [35m[1mConsolidate compiler generated dependencies of target debug_vect_advertiser[0m
[16.586s] [35m[1mConsolidate compiler generated dependencies of target offboard_control[0m
[16.589s] [35m[1mConsolidate compiler generated dependencies of target offboard_control_enae788m[0m
[16.590s] [35m[1mConsolidate compiler generated dependencies of target vehicle_gps_position_listener[0m
[16.602s] [35m[1mConsolidate compiler generated dependencies of target offboard_control_srv[0m
[16.604s] [35m[1mConsolidate compiler generated dependencies of target offboard_control_square[0m
[16.633s] [  5%] [32mBuilding CXX object CMakeFiles/mavros_offboard_test.dir/src/examples/offboard/mavros_offboard_test.cpp.o[0m
[16.633s] [ 10%] [32mBuilding CXX object CMakeFiles/sensor_combined_listener.dir/src/examples/listeners/sensor_combined_listener.cpp.o[0m
[16.645s] [ 15%] [32mBuilding CXX object CMakeFiles/debug_vect_advertiser.dir/src/examples/advertisers/debug_vect_advertiser.cpp.o[0m
[16.645s] [ 20%] [32mBuilding CXX object CMakeFiles/frame_transforms.dir/src/lib/frame_transforms.cpp.o[0m
[16.646s] [ 30%] Built target mavros_camera_test
[16.654s] [ 35%] [32mBuilding CXX object CMakeFiles/offboard_control_enae788m.dir/src/examples/offboard/offboard_control_enae788m.cpp.o[0m
[16.657s] [ 40%] [32mBuilding CXX object CMakeFiles/offboard_control_srv.dir/src/examples/offboard/offboard_control_srv.cpp.o[0m
[16.661s] [ 45%] [32mBuilding CXX object CMakeFiles/offboard_control.dir/src/examples/offboard/offboard_control.cpp.o[0m
[16.661s] [ 45%] Built target ament_cmake_python_symlink_px4_ros_com
[16.668s] [ 50%] [32mBuilding CXX object CMakeFiles/offboard_control_square.dir/src/examples/offboard/offboard_control_square.cpp.o[0m
[16.668s] [ 55%] [32mBuilding CXX object CMakeFiles/vehicle_gps_position_listener.dir/src/examples/listeners/vehicle_gps_position_listener.cpp.o[0m
[18.600s] running egg_info
[18.645s] writing px4_ros_com.egg-info/PKG-INFO
[18.647s] writing dependency_links to px4_ros_com.egg-info/dependency_links.txt
[18.647s] writing top-level names to px4_ros_com.egg-info/top_level.txt
[18.840s] reading manifest file 'px4_ros_com.egg-info/SOURCES.txt'
[18.846s] writing manifest file 'px4_ros_com.egg-info/SOURCES.txt'
[18.966s] [ 55%] Built target ament_cmake_python_build_px4_ros_com_egg
