[0.032s] Invoking command in '/root/ws_sensor_combined/build/px4_ros_com': CMAKE_PREFIX_PATH=/root/ws_sensor_combined/install/px4_msgs:/root/ws_sensor_combined/install/px4_ros_com:/root/ws_sensor_combined/install/example_mode_with_executor_cpp:/root/ws_sensor_combined/install/example_mode_vtol_cpp:/root/ws_sensor_combined/install/example_mode_rtl_replacement_cpp:/root/ws_sensor_combined/install/example_mode_manual_cpp:/root/ws_sensor_combined/install/example_mode_goto_global_cpp:/root/ws_sensor_combined/install/example_mode_goto_cpp:/root/ws_sensor_combined/install/example_mode_fw_attitude_cpp:/root/ws_sensor_combined/install/example_local_navigation_cpp:/root/ws_sensor_combined/install/example_global_navigation_cpp:/root/ws_sensor_combined/install/example_executor_with_multiple_modes_cpp:/root/ws_sensor_combined/install/px4_ros2_cpp:/opt/ros/humble LD_LIBRARY_PATH=/root/ws_sensor_combined/install/px4_msgs/lib:/root/ws_sensor_combined/install/px4_ros_com/lib:/root/ws_sensor_combined/install/px4_ros2_cpp/lib:/opt/ros/humble/opt/rviz_ogre_vendor/lib:/opt/ros/humble/lib/x86_64-linux-gnu:/opt/ros/humble/lib /usr/bin/cmake --build /root/ws_sensor_combined/build/px4_ros_com -- -j20 -l20
[0.045s] -- Found ament_cmake: 1.3.12 (/opt/ros/humble/share/ament_cmake/cmake)
[0.132s] -- Found builtin_interfaces: 1.2.2 (/opt/ros/humble/share/builtin_interfaces/cmake)
[0.299s] -- Found rosidl_generator_c: 3.1.7 (/opt/ros/humble/share/rosidl_generator_c/cmake)
[0.299s] -- Found rosidl_adapter: 3.1.7 (/opt/ros/humble/share/rosidl_adapter/cmake)
[0.299s] -- Found rosidl_generator_cpp: 3.1.7 (/opt/ros/humble/share/rosidl_generator_cpp/cmake)
[0.305s] -- Using all available rosidl_typesupport_c: rosidl_typesupport_fastrtps_c;rosidl_typesupport_introspection_c
[0.320s] -- Using all available rosidl_typesupport_cpp: rosidl_typesupport_fastrtps_cpp;rosidl_typesupport_introspection_cpp
[0.338s] -- Found eigen3_cmake_module: 0.1.1 (/opt/ros/humble/share/eigen3_cmake_module/cmake)
[0.338s] -- Found geometry_msgs: 4.9.0 (/opt/ros/humble/share/geometry_msgs/cmake)
[0.343s] -- Found px4_msgs: 2.0.1 (/root/ws_sensor_combined/install/px4_msgs/share/px4_msgs/cmake)
[0.351s] -- Found rclcpp: 16.0.14 (/opt/ros/humble/share/rclcpp/cmake)
[0.367s] -- Found rmw_implementation_cmake: 6.1.2 (/opt/ros/humble/share/rmw_implementation_cmake/cmake)
[0.368s] -- Found rmw_fastrtps_cpp: 6.2.8 (/opt/ros/humble/share/rmw_fastrtps_cpp/cmake)
[2.989s] -- Using RMW implementation 'rmw_fastrtps_cpp' as default
[3.012s] -- Found sensor_msgs: 4.9.0 (/opt/ros/humble/share/sensor_msgs/cmake)
[3.023s] -- Found rclpy: 3.3.17 (/opt/ros/humble/share/rclpy/cmake)
[3.028s] -- Found ament_lint_auto: 0.12.14 (/opt/ros/humble/share/ament_lint_auto/cmake)
[3.073s] -- Added test 'copyright' to check source files copyright and LICENSE
[3.075s] -- Added test 'cppcheck' to perform static code analysis on C / C++ code
[3.075s] -- Configured cppcheck include dirs: /root/ws_sensor_combined/src/px4_ros_com/include;$<BUILD_INTERFACE:/root/ws_sensor_combined/src/px4_ros_com/include/px4_ros_com>
[3.075s] -- Configured cppcheck exclude dirs and/or files: 
[3.077s] -- Added test 'cpplint' to check C / C++ code against the Google style
[3.077s] -- Configured cpplint exclude dirs and/or files: 
[3.077s] -- Added test 'flake8' to check Python code syntax and style conventions
[3.078s] -- Added test 'lint_cmake' to check CMake code style
[3.078s] -- Added test 'pep257' to check Python code against some of the docstring style conventions in PEP 257
[3.080s] -- Added test 'uncrustify' to check C / C++ code style
[3.081s] -- Configured uncrustify additional arguments: 
[3.081s] -- Added test 'xmllint' to check XML markup files
[3.082s] -- Configuring done
[3.100s] -- Generating done
[3.108s] -- Build files have been written to: /root/ws_sensor_combined/build/px4_ros_com
[3.128s] [35m[1mConsolidate compiler generated dependencies of target frame_transforms[0m
[3.130s] [35m[1mConsolidate compiler generated dependencies of target sensor_combined_listener[0m
[3.130s] [35m[1mConsolidate compiler generated dependencies of target vehicle_gps_position_listener[0m
[3.130s] [35m[1mConsolidate compiler generated dependencies of target offboard_control[0m
[3.132s] [35m[1mConsolidate compiler generated dependencies of target debug_vect_advertiser[0m
[3.133s] [35m[1mConsolidate compiler generated dependencies of target offboard_control_srv[0m
[3.139s] [ 14%] Built target frame_transforms
[3.140s] [ 28%] [32m[1mLinking CXX executable offboard_control[0m
[3.140s] [ 35%] Built target sensor_combined_listener
[3.140s] [ 42%] [32mBuilding CXX object CMakeFiles/offboard_control_enae788m.dir/src/examples/offboard/offboard_control_enae788m.cpp.o[0m
[3.141s] [ 57%] Built target vehicle_gps_position_listener
[3.145s] [ 57%] Built target ament_cmake_python_copy_px4_ros_com
[3.145s] [ 71%] Built target offboard_control_srv
[3.145s] [ 85%] Built target debug_vect_advertiser
[3.272s] running egg_info
[3.283s] writing px4_ros_com.egg-info/PKG-INFO
[3.283s] writing dependency_links to px4_ros_com.egg-info/dependency_links.txt
[3.283s] writing top-level names to px4_ros_com.egg-info/top_level.txt
[3.306s] reading manifest file 'px4_ros_com.egg-info/SOURCES.txt'
[3.307s] writing manifest file 'px4_ros_com.egg-info/SOURCES.txt'
[3.326s] [ 85%] Built target ament_cmake_python_build_px4_ros_com_egg
[3.333s] [ 92%] Built target offboard_control
[9.271s] [100%] [32m[1mLinking CXX executable offboard_control_enae788m[0m
[9.567s] [100%] Built target offboard_control_enae788m
[9.575s] Invoked command in '/root/ws_sensor_combined/build/px4_ros_com' returned '0': CMAKE_PREFIX_PATH=/root/ws_sensor_combined/install/px4_msgs:/root/ws_sensor_combined/install/px4_ros_com:/root/ws_sensor_combined/install/example_mode_with_executor_cpp:/root/ws_sensor_combined/install/example_mode_vtol_cpp:/root/ws_sensor_combined/install/example_mode_rtl_replacement_cpp:/root/ws_sensor_combined/install/example_mode_manual_cpp:/root/ws_sensor_combined/install/example_mode_goto_global_cpp:/root/ws_sensor_combined/install/example_mode_goto_cpp:/root/ws_sensor_combined/install/example_mode_fw_attitude_cpp:/root/ws_sensor_combined/install/example_local_navigation_cpp:/root/ws_sensor_combined/install/example_global_navigation_cpp:/root/ws_sensor_combined/install/example_executor_with_multiple_modes_cpp:/root/ws_sensor_combined/install/px4_ros2_cpp:/opt/ros/humble LD_LIBRARY_PATH=/root/ws_sensor_combined/install/px4_msgs/lib:/root/ws_sensor_combined/install/px4_ros_com/lib:/root/ws_sensor_combined/install/px4_ros2_cpp/lib:/opt/ros/humble/opt/rviz_ogre_vendor/lib:/opt/ros/humble/lib/x86_64-linux-gnu:/opt/ros/humble/lib /usr/bin/cmake --build /root/ws_sensor_combined/build/px4_ros_com -- -j20 -l20
[9.576s] Invoking command in '/root/ws_sensor_combined/build/px4_ros_com': CMAKE_PREFIX_PATH=/root/ws_sensor_combined/install/px4_msgs:/root/ws_sensor_combined/install/px4_ros_com:/root/ws_sensor_combined/install/example_mode_with_executor_cpp:/root/ws_sensor_combined/install/example_mode_vtol_cpp:/root/ws_sensor_combined/install/example_mode_rtl_replacement_cpp:/root/ws_sensor_combined/install/example_mode_manual_cpp:/root/ws_sensor_combined/install/example_mode_goto_global_cpp:/root/ws_sensor_combined/install/example_mode_goto_cpp:/root/ws_sensor_combined/install/example_mode_fw_attitude_cpp:/root/ws_sensor_combined/install/example_local_navigation_cpp:/root/ws_sensor_combined/install/example_global_navigation_cpp:/root/ws_sensor_combined/install/example_executor_with_multiple_modes_cpp:/root/ws_sensor_combined/install/px4_ros2_cpp:/opt/ros/humble LD_LIBRARY_PATH=/root/ws_sensor_combined/install/px4_msgs/lib:/root/ws_sensor_combined/install/px4_ros_com/lib:/root/ws_sensor_combined/install/px4_ros2_cpp/lib:/opt/ros/humble/opt/rviz_ogre_vendor/lib:/opt/ros/humble/lib/x86_64-linux-gnu:/opt/ros/humble/lib /usr/bin/cmake --install /root/ws_sensor_combined/build/px4_ros_com
[9.580s] -- Install configuration: ""
[9.581s] -- Up-to-date: /root/ws_sensor_combined/install/px4_ros_com/lib/px4_ros_com/sensor_combined_listener
[9.581s] -- Up-to-date: /root/ws_sensor_combined/install/px4_ros_com/lib/px4_ros_com/vehicle_gps_position_listener
[9.581s] -- Up-to-date: /root/ws_sensor_combined/install/px4_ros_com/lib/px4_ros_com/debug_vect_advertiser
[9.581s] -- Installing: /root/ws_sensor_combined/install/px4_ros_com/lib/px4_ros_com/offboard_control
[9.583s] -- Set runtime path of "/root/ws_sensor_combined/install/px4_ros_com/lib/px4_ros_com/offboard_control" to ""
[9.583s] -- Installing: /root/ws_sensor_combined/install/px4_ros_com/lib/px4_ros_com/offboard_control_enae788m
[9.585s] -- Set runtime path of "/root/ws_sensor_combined/install/px4_ros_com/lib/px4_ros_com/offboard_control_enae788m" to ""
[9.585s] -- Up-to-date: /root/ws_sensor_combined/install/px4_ros_com/lib/px4_ros_com/offboard_control_srv
[9.586s] -- Up-to-date: /root/ws_sensor_combined/install/px4_ros_com/share/px4_ros_com/environment/library_path.sh
[9.586s] -- Installing: /root/ws_sensor_combined/install/px4_ros_com/share/px4_ros_com/environment/library_path.dsv
[9.586s] -- Up-to-date: /root/ws_sensor_combined/install/px4_ros_com/include/px4_ros_com
[9.586s] -- Up-to-date: /root/ws_sensor_combined/install/px4_ros_com/include/px4_ros_com/frame_transforms.h
[9.586s] -- Up-to-date: /root/ws_sensor_combined/install/px4_ros_com/lib/libframe_transforms.so
[9.586s] -- Up-to-date: /root/ws_sensor_combined/install/px4_ros_com/share/px4_ros_com//launch
[9.586s] -- Up-to-date: /root/ws_sensor_combined/install/px4_ros_com/share/px4_ros_com//launch/offboard_control_launch.yaml
[9.586s] -- Up-to-date: /root/ws_sensor_combined/install/px4_ros_com/share/px4_ros_com//launch/sensor_combined_listener.launch.py
[9.586s] -- Up-to-date: /root/ws_sensor_combined/install/px4_ros_com/share/px4_ros_com//test
[9.586s] -- Up-to-date: /root/ws_sensor_combined/install/px4_ros_com/share/px4_ros_com//test/test_output.py
[9.586s] -- Up-to-date: /root/ws_sensor_combined/install/px4_ros_com/share/px4_ros_com//test/__init__.py
[9.586s] -- Up-to-date: /root/ws_sensor_combined/install/px4_ros_com/share/px4_ros_com//test/pipeline_io_test.py
[9.586s] -- Up-to-date: /root/ws_sensor_combined/install/px4_ros_com/share/px4_ros_com//test/test_input.py
[9.586s] -- Up-to-date: /root/ws_sensor_combined/install/px4_ros_com/share/px4_ros_com/environment/pythonpath.sh
[9.586s] -- Installing: /root/ws_sensor_combined/install/px4_ros_com/share/px4_ros_com/environment/pythonpath.dsv
[9.586s] -- Up-to-date: /root/ws_sensor_combined/install/px4_ros_com/local/lib/python3.10/dist-packages/px4_ros_com-0.1.0-py3.10.egg-info
[9.587s] -- Installing: /root/ws_sensor_combined/install/px4_ros_com/local/lib/python3.10/dist-packages/px4_ros_com-0.1.0-py3.10.egg-info/PKG-INFO
[9.587s] -- Installing: /root/ws_sensor_combined/install/px4_ros_com/local/lib/python3.10/dist-packages/px4_ros_com-0.1.0-py3.10.egg-info/top_level.txt
[9.587s] -- Installing: /root/ws_sensor_combined/install/px4_ros_com/local/lib/python3.10/dist-packages/px4_ros_com-0.1.0-py3.10.egg-info/SOURCES.txt
[9.587s] -- Installing: /root/ws_sensor_combined/install/px4_ros_com/local/lib/python3.10/dist-packages/px4_ros_com-0.1.0-py3.10.egg-info/dependency_links.txt
[9.587s] -- Up-to-date: /root/ws_sensor_combined/install/px4_ros_com/local/lib/python3.10/dist-packages/px4_ros_com
[9.587s] -- Up-to-date: /root/ws_sensor_combined/install/px4_ros_com/local/lib/python3.10/dist-packages/px4_ros_com/__init__.py
[9.587s] -- Up-to-date: /root/ws_sensor_combined/install/px4_ros_com/local/lib/python3.10/dist-packages/px4_ros_com/module_to_import.py
[9.612s] Listing '/root/ws_sensor_combined/install/px4_ros_com/local/lib/python3.10/dist-packages/px4_ros_com'...
[9.614s] -- Up-to-date: /root/ws_sensor_combined/install/px4_ros_com/lib/px4_ros_com/offboard_control.py
[9.614s] -- Up-to-date: /root/ws_sensor_combined/install/px4_ros_com/share/ament_index/resource_index/package_run_dependencies/px4_ros_com
[9.614s] -- Up-to-date: /root/ws_sensor_combined/install/px4_ros_com/share/ament_index/resource_index/parent_prefix_path/px4_ros_com
[9.614s] -- Up-to-date: /root/ws_sensor_combined/install/px4_ros_com/share/px4_ros_com/environment/ament_prefix_path.sh
[9.614s] -- Installing: /root/ws_sensor_combined/install/px4_ros_com/share/px4_ros_com/environment/ament_prefix_path.dsv
[9.615s] -- Up-to-date: /root/ws_sensor_combined/install/px4_ros_com/share/px4_ros_com/environment/path.sh
[9.615s] -- Installing: /root/ws_sensor_combined/install/px4_ros_com/share/px4_ros_com/environment/path.dsv
[9.615s] -- Up-to-date: /root/ws_sensor_combined/install/px4_ros_com/share/px4_ros_com/local_setup.bash
[9.615s] -- Up-to-date: /root/ws_sensor_combined/install/px4_ros_com/share/px4_ros_com/local_setup.sh
[9.615s] -- Up-to-date: /root/ws_sensor_combined/install/px4_ros_com/share/px4_ros_com/local_setup.zsh
[9.615s] -- Installing: /root/ws_sensor_combined/install/px4_ros_com/share/px4_ros_com/local_setup.dsv
[9.615s] -- Installing: /root/ws_sensor_combined/install/px4_ros_com/share/px4_ros_com/package.dsv
[9.615s] -- Up-to-date: /root/ws_sensor_combined/install/px4_ros_com/share/ament_index/resource_index/packages/px4_ros_com
[9.615s] -- Up-to-date: /root/ws_sensor_combined/install/px4_ros_com/share/px4_ros_com/cmake/export_frame_transformsExport.cmake
[9.615s] -- Up-to-date: /root/ws_sensor_combined/install/px4_ros_com/share/px4_ros_com/cmake/export_frame_transformsExport-noconfig.cmake
[9.615s] -- Up-to-date: /root/ws_sensor_combined/install/px4_ros_com/share/px4_ros_com/cmake/ament_cmake_export_dependencies-extras.cmake
[9.615s] -- Up-to-date: /root/ws_sensor_combined/install/px4_ros_com/share/px4_ros_com/cmake/ament_cmake_export_targets-extras.cmake
[9.615s] -- Up-to-date: /root/ws_sensor_combined/install/px4_ros_com/share/px4_ros_com/cmake/ament_cmake_export_include_directories-extras.cmake
[9.615s] -- Up-to-date: /root/ws_sensor_combined/install/px4_ros_com/share/px4_ros_com/cmake/ament_cmake_export_libraries-extras.cmake
[9.615s] -- Up-to-date: /root/ws_sensor_combined/install/px4_ros_com/share/px4_ros_com/cmake/px4_ros_comConfig.cmake
[9.615s] -- Up-to-date: /root/ws_sensor_combined/install/px4_ros_com/share/px4_ros_com/cmake/px4_ros_comConfig-version.cmake
[9.615s] -- Up-to-date: /root/ws_sensor_combined/install/px4_ros_com/share/px4_ros_com/package.xml
[9.618s] Invoked command in '/root/ws_sensor_combined/build/px4_ros_com' returned '0': CMAKE_PREFIX_PATH=/root/ws_sensor_combined/install/px4_msgs:/root/ws_sensor_combined/install/px4_ros_com:/root/ws_sensor_combined/install/example_mode_with_executor_cpp:/root/ws_sensor_combined/install/example_mode_vtol_cpp:/root/ws_sensor_combined/install/example_mode_rtl_replacement_cpp:/root/ws_sensor_combined/install/example_mode_manual_cpp:/root/ws_sensor_combined/install/example_mode_goto_global_cpp:/root/ws_sensor_combined/install/example_mode_goto_cpp:/root/ws_sensor_combined/install/example_mode_fw_attitude_cpp:/root/ws_sensor_combined/install/example_local_navigation_cpp:/root/ws_sensor_combined/install/example_global_navigation_cpp:/root/ws_sensor_combined/install/example_executor_with_multiple_modes_cpp:/root/ws_sensor_combined/install/px4_ros2_cpp:/opt/ros/humble LD_LIBRARY_PATH=/root/ws_sensor_combined/install/px4_msgs/lib:/root/ws_sensor_combined/install/px4_ros_com/lib:/root/ws_sensor_combined/install/px4_ros2_cpp/lib:/opt/ros/humble/opt/rviz_ogre_vendor/lib:/opt/ros/humble/lib/x86_64-linux-gnu:/opt/ros/humble/lib /usr/bin/cmake --install /root/ws_sensor_combined/build/px4_ros_com
