[0.127s] Invoking command in '/root/ws_sensor_combined/build/example_mode_vtol_cpp': AMENT_PREFIX_PATH=/root/ws_sensor_combined/install/px4_ros2_cpp:${AMENT_PREFIX_PATH} CMAKE_PREFIX_PATH=/root/ws_sensor_combined/install/px4_ros2_cpp:/root/ws_sensor_combined/install/px4_msgs:/root/ws_sensor_combined/install/px4_ros_com:/opt/ros/humble LD_LIBRARY_PATH=/root/ws_sensor_combined/install/px4_ros2_cpp/lib:/root/ws_sensor_combined/install/px4_msgs/lib:/root/ws_sensor_combined/install/px4_ros_com/lib:/opt/ros/humble/opt/rviz_ogre_vendor/lib:/opt/ros/humble/lib/x86_64-linux-gnu:/opt/ros/humble/lib /usr/bin/cmake /root/ws_sensor_combined/src/px4-ros2-interface-lib/examples/cpp/modes/vtol -DCMAKE_INSTALL_PREFIX=/root/ws_sensor_combined/install/example_mode_vtol_cpp
[0.209s] -- The C compiler identification is GNU 11.4.0
[0.615s] -- The CXX compiler identification is GNU 11.4.0
[0.832s] -- Detecting C compiler ABI info
[0.938s] -- Detecting C compiler ABI info - done
[0.943s] -- Check for working C compiler: /usr/bin/cc - skipped
[0.944s] -- Detecting C compile features
[0.944s] -- Detecting C compile features - done
[0.945s] -- Detecting CXX compiler ABI info
[1.077s] -- Detecting CXX compiler ABI info - done
[1.084s] -- Check for working CXX compiler: /usr/bin/c++ - skipped
[1.084s] -- Detecting CXX compile features
[1.085s] -- Detecting CXX compile features - done
[1.086s] -- Found eigen3_cmake_module: 0.1.1 (/opt/ros/humble/share/eigen3_cmake_module/cmake)
[1.093s] -- Found Eigen3: TRUE (found version "3.4.0") 
[1.094s] -- Found ament_cmake: 1.3.12 (/opt/ros/humble/share/ament_cmake/cmake)
[1.476s] -- Found Python3: /usr/bin/python3 (found version "3.10.12") found components: Interpreter 
[1.543s] -- Found rclcpp: 16.0.14 (/opt/ros/humble/share/rclcpp/cmake)
[1.669s] -- Found rosidl_generator_c: 3.1.7 (/opt/ros/humble/share/rosidl_generator_c/cmake)
[1.673s] -- Found rosidl_adapter: 3.1.7 (/opt/ros/humble/share/rosidl_adapter/cmake)
[1.683s] -- Found rosidl_generator_cpp: 3.1.7 (/opt/ros/humble/share/rosidl_generator_cpp/cmake)
[1.696s] -- Using all available rosidl_typesupport_c: rosidl_typesupport_fastrtps_c;rosidl_typesupport_introspection_c
[1.711s] -- Using all available rosidl_typesupport_cpp: rosidl_typesupport_fastrtps_cpp;rosidl_typesupport_introspection_cpp
[1.742s] -- Found rmw_implementation_cmake: 6.1.2 (/opt/ros/humble/share/rmw_implementation_cmake/cmake)
[1.744s] -- Found rmw_fastrtps_cpp: 6.2.8 (/opt/ros/humble/share/rmw_fastrtps_cpp/cmake)
[2.913s] -- Found OpenSSL: /usr/lib/x86_64-linux-gnu/libcrypto.so (found version "3.0.2")  
[4.105s] -- Found FastRTPS: /opt/ros/humble/include  
[5.872s] -- Using RMW implementation 'rmw_fastrtps_cpp' as default
[5.880s] -- Looking for pthread.h
[6.003s] -- Looking for pthread.h - found
[6.003s] -- Performing Test CMAKE_HAVE_LIBC_PTHREAD
[6.120s] -- Performing Test CMAKE_HAVE_LIBC_PTHREAD - Success
[6.121s] -- Found Threads: TRUE  
[6.162s] -- Found px4_ros2_cpp: 0.0.1 (/root/ws_sensor_combined/install/px4_ros2_cpp/share/px4_ros2_cpp/cmake)
[6.178s] -- Found ament_lint_auto: 0.12.14 (/opt/ros/humble/share/ament_lint_auto/cmake)
[6.258s] -- Added test 'copyright' to check source files copyright and LICENSE
[6.259s] -- Added test 'cppcheck' to perform static code analysis on C / C++ code
[6.259s] -- Configured cppcheck include dirs: /root/ws_sensor_combined/src/px4-ros2-interface-lib/examples/cpp/modes/vtol/include
[6.259s] -- Configured cppcheck exclude dirs and/or files: 
[6.260s] -- Added test 'cpplint' to check C / C++ code against the Google style
[6.260s] -- Configured cpplint exclude dirs and/or files: 
[6.261s] -- Added test 'lint_cmake' to check CMake code style
[6.262s] -- Added test 'uncrustify' to check C / C++ code style
[6.262s] -- Configured uncrustify additional arguments: 
[6.263s] -- Added test 'xmllint' to check XML markup files
[6.264s] -- Configuring done
[6.273s] -- Generating done
[6.277s] -- Build files have been written to: /root/ws_sensor_combined/build/example_mode_vtol_cpp
[6.289s] Invoked command in '/root/ws_sensor_combined/build/example_mode_vtol_cpp' returned '0': AMENT_PREFIX_PATH=/root/ws_sensor_combined/install/px4_ros2_cpp:${AMENT_PREFIX_PATH} CMAKE_PREFIX_PATH=/root/ws_sensor_combined/install/px4_ros2_cpp:/root/ws_sensor_combined/install/px4_msgs:/root/ws_sensor_combined/install/px4_ros_com:/opt/ros/humble LD_LIBRARY_PATH=/root/ws_sensor_combined/install/px4_ros2_cpp/lib:/root/ws_sensor_combined/install/px4_msgs/lib:/root/ws_sensor_combined/install/px4_ros_com/lib:/opt/ros/humble/opt/rviz_ogre_vendor/lib:/opt/ros/humble/lib/x86_64-linux-gnu:/opt/ros/humble/lib /usr/bin/cmake /root/ws_sensor_combined/src/px4-ros2-interface-lib/examples/cpp/modes/vtol -DCMAKE_INSTALL_PREFIX=/root/ws_sensor_combined/install/example_mode_vtol_cpp
[6.292s] Invoking command in '/root/ws_sensor_combined/build/example_mode_vtol_cpp': AMENT_PREFIX_PATH=/root/ws_sensor_combined/install/px4_ros2_cpp:${AMENT_PREFIX_PATH} CMAKE_PREFIX_PATH=/root/ws_sensor_combined/install/px4_ros2_cpp:/root/ws_sensor_combined/install/px4_msgs:/root/ws_sensor_combined/install/px4_ros_com:/opt/ros/humble LD_LIBRARY_PATH=/root/ws_sensor_combined/install/px4_ros2_cpp/lib:/root/ws_sensor_combined/install/px4_msgs/lib:/root/ws_sensor_combined/install/px4_ros_com/lib:/opt/ros/humble/opt/rviz_ogre_vendor/lib:/opt/ros/humble/lib/x86_64-linux-gnu:/opt/ros/humble/lib /usr/bin/cmake --build /root/ws_sensor_combined/build/example_mode_vtol_cpp -- -j20 -l20
[6.340s] [ 50%] [32mBuilding CXX object CMakeFiles/example_mode_vtol.dir/src/main.cpp.o[0m
[11.226s] [100%] [32m[1mLinking CXX executable example_mode_vtol[0m
[12.366s] [100%] Built target example_mode_vtol
[12.375s] Invoked command in '/root/ws_sensor_combined/build/example_mode_vtol_cpp' returned '0': AMENT_PREFIX_PATH=/root/ws_sensor_combined/install/px4_ros2_cpp:${AMENT_PREFIX_PATH} CMAKE_PREFIX_PATH=/root/ws_sensor_combined/install/px4_ros2_cpp:/root/ws_sensor_combined/install/px4_msgs:/root/ws_sensor_combined/install/px4_ros_com:/opt/ros/humble LD_LIBRARY_PATH=/root/ws_sensor_combined/install/px4_ros2_cpp/lib:/root/ws_sensor_combined/install/px4_msgs/lib:/root/ws_sensor_combined/install/px4_ros_com/lib:/opt/ros/humble/opt/rviz_ogre_vendor/lib:/opt/ros/humble/lib/x86_64-linux-gnu:/opt/ros/humble/lib /usr/bin/cmake --build /root/ws_sensor_combined/build/example_mode_vtol_cpp -- -j20 -l20
[12.377s] Invoking command in '/root/ws_sensor_combined/build/example_mode_vtol_cpp': AMENT_PREFIX_PATH=/root/ws_sensor_combined/install/px4_ros2_cpp:${AMENT_PREFIX_PATH} CMAKE_PREFIX_PATH=/root/ws_sensor_combined/install/px4_ros2_cpp:/root/ws_sensor_combined/install/px4_msgs:/root/ws_sensor_combined/install/px4_ros_com:/opt/ros/humble LD_LIBRARY_PATH=/root/ws_sensor_combined/install/px4_ros2_cpp/lib:/root/ws_sensor_combined/install/px4_msgs/lib:/root/ws_sensor_combined/install/px4_ros_com/lib:/opt/ros/humble/opt/rviz_ogre_vendor/lib:/opt/ros/humble/lib/x86_64-linux-gnu:/opt/ros/humble/lib /usr/bin/cmake --install /root/ws_sensor_combined/build/example_mode_vtol_cpp
[12.382s] -- Install configuration: ""
[12.383s] -- Installing: /root/ws_sensor_combined/install/example_mode_vtol_cpp/lib/example_mode_vtol_cpp/example_mode_vtol
[12.383s] -- Set runtime path of "/root/ws_sensor_combined/install/example_mode_vtol_cpp/lib/example_mode_vtol_cpp/example_mode_vtol" to ""
[12.384s] -- Installing: /root/ws_sensor_combined/install/example_mode_vtol_cpp/share/ament_index/resource_index/package_run_dependencies/example_mode_vtol_cpp
[12.384s] -- Installing: /root/ws_sensor_combined/install/example_mode_vtol_cpp/share/ament_index/resource_index/parent_prefix_path/example_mode_vtol_cpp
[12.384s] -- Installing: /root/ws_sensor_combined/install/example_mode_vtol_cpp/share/example_mode_vtol_cpp/environment/ament_prefix_path.sh
[12.385s] -- Installing: /root/ws_sensor_combined/install/example_mode_vtol_cpp/share/example_mode_vtol_cpp/environment/ament_prefix_path.dsv
[12.385s] -- Installing: /root/ws_sensor_combined/install/example_mode_vtol_cpp/share/example_mode_vtol_cpp/environment/path.sh
[12.385s] -- Installing: /root/ws_sensor_combined/install/example_mode_vtol_cpp/share/example_mode_vtol_cpp/environment/path.dsv
[12.385s] -- Installing: /root/ws_sensor_combined/install/example_mode_vtol_cpp/share/example_mode_vtol_cpp/local_setup.bash
[12.385s] -- Installing: /root/ws_sensor_combined/install/example_mode_vtol_cpp/share/example_mode_vtol_cpp/local_setup.sh
[12.385s] -- Installing: /root/ws_sensor_combined/install/example_mode_vtol_cpp/share/example_mode_vtol_cpp/local_setup.zsh
[12.385s] -- Installing: /root/ws_sensor_combined/install/example_mode_vtol_cpp/share/example_mode_vtol_cpp/local_setup.dsv
[12.386s] -- Installing: /root/ws_sensor_combined/install/example_mode_vtol_cpp/share/example_mode_vtol_cpp/package.dsv
[12.386s] -- Installing: /root/ws_sensor_combined/install/example_mode_vtol_cpp/share/ament_index/resource_index/packages/example_mode_vtol_cpp
[12.386s] -- Installing: /root/ws_sensor_combined/install/example_mode_vtol_cpp/share/example_mode_vtol_cpp/cmake/example_mode_vtol_cppConfig.cmake
[12.387s] -- Installing: /root/ws_sensor_combined/install/example_mode_vtol_cpp/share/example_mode_vtol_cpp/cmake/example_mode_vtol_cppConfig-version.cmake
[12.387s] -- Installing: /root/ws_sensor_combined/install/example_mode_vtol_cpp/share/example_mode_vtol_cpp/package.xml
[12.388s] Invoked command in '/root/ws_sensor_combined/build/example_mode_vtol_cpp' returned '0': AMENT_PREFIX_PATH=/root/ws_sensor_combined/install/px4_ros2_cpp:${AMENT_PREFIX_PATH} CMAKE_PREFIX_PATH=/root/ws_sensor_combined/install/px4_ros2_cpp:/root/ws_sensor_combined/install/px4_msgs:/root/ws_sensor_combined/install/px4_ros_com:/opt/ros/humble LD_LIBRARY_PATH=/root/ws_sensor_combined/install/px4_ros2_cpp/lib:/root/ws_sensor_combined/install/px4_msgs/lib:/root/ws_sensor_combined/install/px4_ros_com/lib:/opt/ros/humble/opt/rviz_ogre_vendor/lib:/opt/ros/humble/lib/x86_64-linux-gnu:/opt/ros/humble/lib /usr/bin/cmake --install /root/ws_sensor_combined/build/example_mode_vtol_cpp
