[0.115s] Invoking command in '/root/ws_sensor_combined/build/example_mode_goto_global_cpp': AMENT_PREFIX_PATH=/root/ws_sensor_combined/install/px4_ros2_cpp:${AMENT_PREFIX_PATH} CMAKE_PREFIX_PATH=/root/ws_sensor_combined/install/px4_ros2_cpp:/root/ws_sensor_combined/install/px4_msgs:/root/ws_sensor_combined/install/px4_ros_com:/opt/ros/humble LD_LIBRARY_PATH=/root/ws_sensor_combined/install/px4_ros2_cpp/lib:/root/ws_sensor_combined/install/px4_msgs/lib:/root/ws_sensor_combined/install/px4_ros_com/lib:/opt/ros/humble/opt/rviz_ogre_vendor/lib:/opt/ros/humble/lib/x86_64-linux-gnu:/opt/ros/humble/lib /usr/bin/cmake /root/ws_sensor_combined/src/px4-ros2-interface-lib/examples/cpp/modes/goto_global -DCMAKE_INSTALL_PREFIX=/root/ws_sensor_combined/install/example_mode_goto_global_cpp
[0.194s] -- The C compiler identification is GNU 11.4.0
[0.564s] -- The CXX compiler identification is GNU 11.4.0
[0.740s] -- Detecting C compiler ABI info
[0.832s] -- Detecting C compiler ABI info - done
[0.839s] -- Check for working C compiler: /usr/bin/cc - skipped
[0.839s] -- Detecting C compile features
[0.840s] -- Detecting C compile features - done
[0.842s] -- Detecting CXX compiler ABI info
[0.961s] -- Detecting CXX compiler ABI info - done
[0.966s] -- Check for working CXX compiler: /usr/bin/c++ - skipped
[0.966s] -- Detecting CXX compile features
[0.966s] -- Detecting CXX compile features - done
[0.968s] -- Found eigen3_cmake_module: 0.1.1 (/opt/ros/humble/share/eigen3_cmake_module/cmake)
[0.971s] -- Found Eigen3: TRUE (found version "3.4.0") 
[0.972s] -- Found ament_cmake: 1.3.12 (/opt/ros/humble/share/ament_cmake/cmake)
[1.360s] -- Found Python3: /usr/bin/python3 (found version "3.10.12") found components: Interpreter 
[1.480s] -- Found rclcpp: 16.0.14 (/opt/ros/humble/share/rclcpp/cmake)
[1.616s] -- Found rosidl_generator_c: 3.1.7 (/opt/ros/humble/share/rosidl_generator_c/cmake)
[1.621s] -- Found rosidl_adapter: 3.1.7 (/opt/ros/humble/share/rosidl_adapter/cmake)
[1.631s] -- Found rosidl_generator_cpp: 3.1.7 (/opt/ros/humble/share/rosidl_generator_cpp/cmake)
[1.649s] -- Using all available rosidl_typesupport_c: rosidl_typesupport_fastrtps_c;rosidl_typesupport_introspection_c
[1.669s] -- Using all available rosidl_typesupport_cpp: rosidl_typesupport_fastrtps_cpp;rosidl_typesupport_introspection_cpp
[1.724s] -- Found rmw_implementation_cmake: 6.1.2 (/opt/ros/humble/share/rmw_implementation_cmake/cmake)
[1.728s] -- Found rmw_fastrtps_cpp: 6.2.8 (/opt/ros/humble/share/rmw_fastrtps_cpp/cmake)
[2.447s] -- Found OpenSSL: /usr/lib/x86_64-linux-gnu/libcrypto.so (found version "3.0.2")  
[3.243s] -- Found FastRTPS: /opt/ros/humble/include  
[5.574s] -- Using RMW implementation 'rmw_fastrtps_cpp' as default
[5.580s] -- Looking for pthread.h
[5.686s] -- Looking for pthread.h - found
[5.686s] -- Performing Test CMAKE_HAVE_LIBC_PTHREAD
[5.792s] -- Performing Test CMAKE_HAVE_LIBC_PTHREAD - Success
[5.793s] -- Found Threads: TRUE  
[5.841s] -- Found px4_ros2_cpp: 0.0.1 (/root/ws_sensor_combined/install/px4_ros2_cpp/share/px4_ros2_cpp/cmake)
[5.857s] -- Found ament_lint_auto: 0.12.14 (/opt/ros/humble/share/ament_lint_auto/cmake)
[5.938s] -- Added test 'copyright' to check source files copyright and LICENSE
[5.941s] -- Added test 'cppcheck' to perform static code analysis on C / C++ code
[5.942s] -- Configured cppcheck include dirs: /root/ws_sensor_combined/src/px4-ros2-interface-lib/examples/cpp/modes/goto_global/include
[5.944s] -- Configured cppcheck exclude dirs and/or files: 
[5.945s] -- Added test 'cpplint' to check C / C++ code against the Google style
[5.945s] -- Configured cpplint exclude dirs and/or files: 
[5.945s] -- Added test 'lint_cmake' to check CMake code style
[5.946s] -- Added test 'uncrustify' to check C / C++ code style
[5.946s] -- Configured uncrustify additional arguments: 
[5.946s] -- Added test 'xmllint' to check XML markup files
[5.946s] -- Configuring done
[5.952s] -- Generating done
[5.957s] -- Build files have been written to: /root/ws_sensor_combined/build/example_mode_goto_global_cpp
[5.966s] Invoked command in '/root/ws_sensor_combined/build/example_mode_goto_global_cpp' returned '0': AMENT_PREFIX_PATH=/root/ws_sensor_combined/install/px4_ros2_cpp:${AMENT_PREFIX_PATH} CMAKE_PREFIX_PATH=/root/ws_sensor_combined/install/px4_ros2_cpp:/root/ws_sensor_combined/install/px4_msgs:/root/ws_sensor_combined/install/px4_ros_com:/opt/ros/humble LD_LIBRARY_PATH=/root/ws_sensor_combined/install/px4_ros2_cpp/lib:/root/ws_sensor_combined/install/px4_msgs/lib:/root/ws_sensor_combined/install/px4_ros_com/lib:/opt/ros/humble/opt/rviz_ogre_vendor/lib:/opt/ros/humble/lib/x86_64-linux-gnu:/opt/ros/humble/lib /usr/bin/cmake /root/ws_sensor_combined/src/px4-ros2-interface-lib/examples/cpp/modes/goto_global -DCMAKE_INSTALL_PREFIX=/root/ws_sensor_combined/install/example_mode_goto_global_cpp
[5.969s] Invoking command in '/root/ws_sensor_combined/build/example_mode_goto_global_cpp': AMENT_PREFIX_PATH=/root/ws_sensor_combined/install/px4_ros2_cpp:${AMENT_PREFIX_PATH} CMAKE_PREFIX_PATH=/root/ws_sensor_combined/install/px4_ros2_cpp:/root/ws_sensor_combined/install/px4_msgs:/root/ws_sensor_combined/install/px4_ros_com:/opt/ros/humble LD_LIBRARY_PATH=/root/ws_sensor_combined/install/px4_ros2_cpp/lib:/root/ws_sensor_combined/install/px4_msgs/lib:/root/ws_sensor_combined/install/px4_ros_com/lib:/opt/ros/humble/opt/rviz_ogre_vendor/lib:/opt/ros/humble/lib/x86_64-linux-gnu:/opt/ros/humble/lib /usr/bin/cmake --build /root/ws_sensor_combined/build/example_mode_goto_global_cpp -- -j20 -l20
[6.015s] [ 50%] [32mBuilding CXX object CMakeFiles/example_mode_goto_global.dir/src/main.cpp.o[0m
[11.116s] [100%] [32m[1mLinking CXX executable example_mode_goto_global[0m
[12.321s] [100%] Built target example_mode_goto_global
[12.337s] Invoked command in '/root/ws_sensor_combined/build/example_mode_goto_global_cpp' returned '0': AMENT_PREFIX_PATH=/root/ws_sensor_combined/install/px4_ros2_cpp:${AMENT_PREFIX_PATH} CMAKE_PREFIX_PATH=/root/ws_sensor_combined/install/px4_ros2_cpp:/root/ws_sensor_combined/install/px4_msgs:/root/ws_sensor_combined/install/px4_ros_com:/opt/ros/humble LD_LIBRARY_PATH=/root/ws_sensor_combined/install/px4_ros2_cpp/lib:/root/ws_sensor_combined/install/px4_msgs/lib:/root/ws_sensor_combined/install/px4_ros_com/lib:/opt/ros/humble/opt/rviz_ogre_vendor/lib:/opt/ros/humble/lib/x86_64-linux-gnu:/opt/ros/humble/lib /usr/bin/cmake --build /root/ws_sensor_combined/build/example_mode_goto_global_cpp -- -j20 -l20
[12.340s] Invoking command in '/root/ws_sensor_combined/build/example_mode_goto_global_cpp': AMENT_PREFIX_PATH=/root/ws_sensor_combined/install/px4_ros2_cpp:${AMENT_PREFIX_PATH} CMAKE_PREFIX_PATH=/root/ws_sensor_combined/install/px4_ros2_cpp:/root/ws_sensor_combined/install/px4_msgs:/root/ws_sensor_combined/install/px4_ros_com:/opt/ros/humble LD_LIBRARY_PATH=/root/ws_sensor_combined/install/px4_ros2_cpp/lib:/root/ws_sensor_combined/install/px4_msgs/lib:/root/ws_sensor_combined/install/px4_ros_com/lib:/opt/ros/humble/opt/rviz_ogre_vendor/lib:/opt/ros/humble/lib/x86_64-linux-gnu:/opt/ros/humble/lib /usr/bin/cmake --install /root/ws_sensor_combined/build/example_mode_goto_global_cpp
[12.346s] -- Install configuration: ""
[12.346s] -- Installing: /root/ws_sensor_combined/install/example_mode_goto_global_cpp/lib/example_mode_goto_global_cpp/example_mode_goto_global
[12.347s] -- Set runtime path of "/root/ws_sensor_combined/install/example_mode_goto_global_cpp/lib/example_mode_goto_global_cpp/example_mode_goto_global" to ""
[12.347s] -- Installing: /root/ws_sensor_combined/install/example_mode_goto_global_cpp/share/ament_index/resource_index/package_run_dependencies/example_mode_goto_global_cpp
[12.347s] -- Installing: /root/ws_sensor_combined/install/example_mode_goto_global_cpp/share/ament_index/resource_index/parent_prefix_path/example_mode_goto_global_cpp
[12.348s] -- Installing: /root/ws_sensor_combined/install/example_mode_goto_global_cpp/share/example_mode_goto_global_cpp/environment/ament_prefix_path.sh
[12.348s] -- Installing: /root/ws_sensor_combined/install/example_mode_goto_global_cpp/share/example_mode_goto_global_cpp/environment/ament_prefix_path.dsv
[12.348s] -- Installing: /root/ws_sensor_combined/install/example_mode_goto_global_cpp/share/example_mode_goto_global_cpp/environment/path.sh
[12.348s] -- Installing: /root/ws_sensor_combined/install/example_mode_goto_global_cpp/share/example_mode_goto_global_cpp/environment/path.dsv
[12.348s] -- Installing: /root/ws_sensor_combined/install/example_mode_goto_global_cpp/share/example_mode_goto_global_cpp/local_setup.bash
[12.348s] -- Installing: /root/ws_sensor_combined/install/example_mode_goto_global_cpp/share/example_mode_goto_global_cpp/local_setup.sh
[12.349s] -- Installing: /root/ws_sensor_combined/install/example_mode_goto_global_cpp/share/example_mode_goto_global_cpp/local_setup.zsh
[12.349s] -- Installing: /root/ws_sensor_combined/install/example_mode_goto_global_cpp/share/example_mode_goto_global_cpp/local_setup.dsv
[12.349s] -- Installing: /root/ws_sensor_combined/install/example_mode_goto_global_cpp/share/example_mode_goto_global_cpp/package.dsv
[12.349s] -- Installing: /root/ws_sensor_combined/install/example_mode_goto_global_cpp/share/ament_index/resource_index/packages/example_mode_goto_global_cpp
[12.349s] -- Installing: /root/ws_sensor_combined/install/example_mode_goto_global_cpp/share/example_mode_goto_global_cpp/cmake/example_mode_goto_global_cppConfig.cmake
[12.349s] -- Installing: /root/ws_sensor_combined/install/example_mode_goto_global_cpp/share/example_mode_goto_global_cpp/cmake/example_mode_goto_global_cppConfig-version.cmake
[12.349s] -- Installing: /root/ws_sensor_combined/install/example_mode_goto_global_cpp/share/example_mode_goto_global_cpp/package.xml
[12.351s] Invoked command in '/root/ws_sensor_combined/build/example_mode_goto_global_cpp' returned '0': AMENT_PREFIX_PATH=/root/ws_sensor_combined/install/px4_ros2_cpp:${AMENT_PREFIX_PATH} CMAKE_PREFIX_PATH=/root/ws_sensor_combined/install/px4_ros2_cpp:/root/ws_sensor_combined/install/px4_msgs:/root/ws_sensor_combined/install/px4_ros_com:/opt/ros/humble LD_LIBRARY_PATH=/root/ws_sensor_combined/install/px4_ros2_cpp/lib:/root/ws_sensor_combined/install/px4_msgs/lib:/root/ws_sensor_combined/install/px4_ros_com/lib:/opt/ros/humble/opt/rviz_ogre_vendor/lib:/opt/ros/humble/lib/x86_64-linux-gnu:/opt/ros/humble/lib /usr/bin/cmake --install /root/ws_sensor_combined/build/example_mode_goto_global_cpp
