[0.050s] Invoking command in '/root/ws_sensor_combined/build/px4_ros_com': AMENT_PREFIX_PATH=/root/ws_sensor_combined/install/px4_msgs:${AMENT_PREFIX_PATH} CMAKE_PREFIX_PATH=/root/ws_sensor_combined/install/px4_msgs:/opt/ros/humble LD_LIBRARY_PATH=/root/ws_sensor_combined/install/px4_msgs/lib:${LD_LIBRARY_PATH} PYTHONPATH=/root/ws_sensor_combined/install/px4_msgs/local/lib/python3.10/dist-packages:${PYTHONPATH} /usr/bin/cmake --build /root/ws_sensor_combined/build/px4_ros_com -- -j20 -l20
[0.072s] -- Found ament_cmake: 1.3.12 (/opt/ros/humble/share/ament_cmake/cmake)
[0.150s] -- Found builtin_interfaces: 1.2.2 (/opt/ros/humble/share/builtin_interfaces/cmake)
[0.293s] -- Found rosidl_generator_c: 3.1.7 (/opt/ros/humble/share/rosidl_generator_c/cmake)
[0.294s] -- Found rosidl_adapter: 3.1.7 (/opt/ros/humble/share/rosidl_adapter/cmake)
[0.297s] -- Found rosidl_generator_cpp: 3.1.7 (/opt/ros/humble/share/rosidl_generator_cpp/cmake)
[0.303s] -- Using all available rosidl_typesupport_c: rosidl_typesupport_fastrtps_c;rosidl_typesupport_introspection_c
[0.310s] -- Using all available rosidl_typesupport_cpp: rosidl_typesupport_fastrtps_cpp;rosidl_typesupport_introspection_cpp
[0.317s] -- Found eigen3_cmake_module: 0.1.1 (/opt/ros/humble/share/eigen3_cmake_module/cmake)
[0.318s] -- Found geometry_msgs: 4.9.0 (/opt/ros/humble/share/geometry_msgs/cmake)
[0.334s] -- Found px4_msgs: 2.0.1 (/root/ws_sensor_combined/install/px4_msgs/share/px4_msgs/cmake)
[0.347s] -- Found rclcpp: 16.0.14 (/opt/ros/humble/share/rclcpp/cmake)
[0.379s] -- Found rmw_implementation_cmake: 6.1.2 (/opt/ros/humble/share/rmw_implementation_cmake/cmake)
[0.382s] -- Found rmw_fastrtps_cpp: 6.2.8 (/opt/ros/humble/share/rmw_fastrtps_cpp/cmake)
[4.262s] -- Using RMW implementation 'rmw_fastrtps_cpp' as default
[4.298s] -- Found sensor_msgs: 4.9.0 (/opt/ros/humble/share/sensor_msgs/cmake)
[4.313s] -- Found rclpy: 3.3.17 (/opt/ros/humble/share/rclpy/cmake)
[4.319s] -- Found ament_lint_auto: 0.12.14 (/opt/ros/humble/share/ament_lint_auto/cmake)
[4.379s] -- Added test 'copyright' to check source files copyright and LICENSE
[4.381s] -- Added test 'cppcheck' to perform static code analysis on C / C++ code
[4.382s] -- Configured cppcheck include dirs: /root/ws_sensor_combined/src/px4_ros_com/include;$<BUILD_INTERFACE:/root/ws_sensor_combined/src/px4_ros_com/include/px4_ros_com>
[4.382s] -- Configured cppcheck exclude dirs and/or files: 
[4.384s] -- Added test 'cpplint' to check C / C++ code against the Google style
[4.384s] -- Configured cpplint exclude dirs and/or files: 
[4.385s] -- Added test 'flake8' to check Python code syntax and style conventions
[4.386s] -- Added test 'lint_cmake' to check CMake code style
[4.386s] -- Added test 'pep257' to check Python code against some of the docstring style conventions in PEP 257
[4.388s] -- Added test 'uncrustify' to check C / C++ code style
[4.388s] -- Configured uncrustify additional arguments: 
[4.389s] -- Added test 'xmllint' to check XML markup files
[4.391s] -- Configuring done
[4.432s] -- Generating done
[4.440s] -- Build files have been written to: /root/ws_sensor_combined/build/px4_ros_com
[4.457s] [35m[1mConsolidate compiler generated dependencies of target frame_transforms[0m
[4.461s] [35m[1mConsolidate compiler generated dependencies of target debug_vect_advertiser[0m
[4.461s] [35m[1mConsolidate compiler generated dependencies of target vehicle_gps_position_listener[0m
[4.461s] [35m[1mConsolidate compiler generated dependencies of target sensor_combined_listener[0m
[4.462s] [35m[1mConsolidate compiler generated dependencies of target offboard_control_enae788m[0m
[4.462s] [35m[1mConsolidate compiler generated dependencies of target offboard_control_square[0m
[4.463s] [35m[1mConsolidate compiler generated dependencies of target offboard_control[0m
[4.465s] [35m[1mConsolidate compiler generated dependencies of target offboard_control_srv[0m
[4.467s] [  5%] [32mBuilding CXX object CMakeFiles/gps_coordinate_injector.dir/src/examples/advertisers/gps_coordinate_injector.cpp.o[0m
[4.473s] [ 11%] [32m[1mLinking CXX executable vehicle_gps_position_listener[0m
[4.473s] [ 16%] [32m[1mLinking CXX executable debug_vect_advertiser[0m
[4.473s] [ 22%] [32mBuilding CXX object CMakeFiles/offboard_control_square.dir/src/examples/offboard/offboard_control_square.cpp.o[0m
[4.473s] [ 27%] [32m[1mLinking CXX executable sensor_combined_listener[0m
[4.474s] [ 33%] [32m[1mLinking CXX executable offboard_control_enae788m[0m
[4.476s] [ 38%] Built target ament_cmake_python_copy_px4_ros_com
[4.476s] [ 38%] [32m[1mLinking CXX executable offboard_control[0m
[4.479s] [ 44%] [32m[1mLinking CXX shared library libframe_transforms.so[0m
[4.480s] [ 50%] [32m[1mLinking CXX executable offboard_control_srv[0m
[4.657s] running egg_info
[4.682s] writing px4_ros_com.egg-info/PKG-INFO
[4.682s] writing dependency_links to px4_ros_com.egg-info/dependency_links.txt
[4.682s] writing top-level names to px4_ros_com.egg-info/top_level.txt
[4.728s] reading manifest file 'px4_ros_com.egg-info/SOURCES.txt'
[4.731s] writing manifest file 'px4_ros_com.egg-info/SOURCES.txt'
[4.742s] [ 55%] Built target debug_vect_advertiser
[4.768s] [ 55%] Built target ament_cmake_python_build_px4_ros_com_egg
[4.778s] [ 61%] Built target offboard_control
[4.799s] [ 66%] Built target offboard_control_srv
[4.858s] [ 72%] Built target frame_transforms
[4.949s] [ 77%] Built target vehicle_gps_position_listener
[4.980s] [ 83%] Built target sensor_combined_listener
[5.098s] [ 88%] Built target offboard_control_enae788m
[7.217s] [ 94%] [32m[1mLinking CXX executable gps_coordinate_injector[0m
[7.312s] /usr/bin/ld: /usr/lib/gcc/x86_64-linux-gnu/11/../../../x86_64-linux-gnu/Scrt1.o: in function `_start':
[7.312s] (.text+0x1b): undefined reference to `main'
[7.315s] collect2: error: ld returned 1 exit status
[7.316s] gmake[2]: *** [CMakeFiles/gps_coordinate_injector.dir/build.make:159: gps_coordinate_injector] Error 1
[7.316s] gmake[1]: *** [CMakeFiles/Makefile2:338: CMakeFiles/gps_coordinate_injector.dir/all] Error 2
[7.316s] gmake[1]: *** Waiting for unfinished jobs....
[15.703s] [100%] [32m[1mLinking CXX executable offboard_control_square[0m
[16.235s] [100%] Built target offboard_control_square
[16.236s] gmake: *** [Makefile:146: all] Error 2
[16.237s] Invoked command in '/root/ws_sensor_combined/build/px4_ros_com' returned '2': AMENT_PREFIX_PATH=/root/ws_sensor_combined/install/px4_msgs:${AMENT_PREFIX_PATH} CMAKE_PREFIX_PATH=/root/ws_sensor_combined/install/px4_msgs:/opt/ros/humble LD_LIBRARY_PATH=/root/ws_sensor_combined/install/px4_msgs/lib:${LD_LIBRARY_PATH} PYTHONPATH=/root/ws_sensor_combined/install/px4_msgs/local/lib/python3.10/dist-packages:${PYTHONPATH} /usr/bin/cmake --build /root/ws_sensor_combined/build/px4_ros_com -- -j20 -l20
