[0.108s] Invoking command in '/root/ws_sensor_combined/build/example_global_navigation_cpp': AMENT_PREFIX_PATH=/root/ws_sensor_combined/install/px4_ros2_cpp:${AMENT_PREFIX_PATH} CMAKE_PREFIX_PATH=/root/ws_sensor_combined/install/px4_ros2_cpp:/root/ws_sensor_combined/install/px4_msgs:/root/ws_sensor_combined/install/px4_ros_com:/opt/ros/humble LD_LIBRARY_PATH=/root/ws_sensor_combined/install/px4_ros2_cpp/lib:/root/ws_sensor_combined/install/px4_msgs/lib:/root/ws_sensor_combined/install/px4_ros_com/lib:/opt/ros/humble/opt/rviz_ogre_vendor/lib:/opt/ros/humble/lib/x86_64-linux-gnu:/opt/ros/humble/lib /usr/bin/cmake /root/ws_sensor_combined/src/px4-ros2-interface-lib/examples/cpp/navigation/global_navigation -DCMAKE_INSTALL_PREFIX=/root/ws_sensor_combined/install/example_global_navigation_cpp
[0.183s] -- The C compiler identification is GNU 11.4.0
[0.541s] -- The CXX compiler identification is GNU 11.4.0
[0.730s] -- Detecting C compiler ABI info
[0.841s] -- Detecting C compiler ABI info - done
[0.846s] -- Check for working C compiler: /usr/bin/cc - skipped
[0.846s] -- Detecting C compile features
[0.846s] -- Detecting C compile features - done
[0.848s] -- Detecting CXX compiler ABI info
[0.955s] -- Detecting CXX compiler ABI info - done
[0.963s] -- Check for working CXX compiler: /usr/bin/c++ - skipped
[0.963s] -- Detecting CXX compile features
[0.963s] -- Detecting CXX compile features - done
[0.965s] -- Found eigen3_cmake_module: 0.1.1 (/opt/ros/humble/share/eigen3_cmake_module/cmake)
[0.972s] -- Found Eigen3: TRUE (found version "3.4.0") 
[0.975s] -- Found ament_cmake: 1.3.12 (/opt/ros/humble/share/ament_cmake/cmake)
[1.371s] -- Found Python3: /usr/bin/python3 (found version "3.10.12") found components: Interpreter 
[1.490s] -- Found rclcpp: 16.0.14 (/opt/ros/humble/share/rclcpp/cmake)
[1.626s] -- Found rosidl_generator_c: 3.1.7 (/opt/ros/humble/share/rosidl_generator_c/cmake)
[1.631s] -- Found rosidl_adapter: 3.1.7 (/opt/ros/humble/share/rosidl_adapter/cmake)
[1.642s] -- Found rosidl_generator_cpp: 3.1.7 (/opt/ros/humble/share/rosidl_generator_cpp/cmake)
[1.659s] -- Using all available rosidl_typesupport_c: rosidl_typesupport_fastrtps_c;rosidl_typesupport_introspection_c
[1.680s] -- Using all available rosidl_typesupport_cpp: rosidl_typesupport_fastrtps_cpp;rosidl_typesupport_introspection_cpp
[1.734s] -- Found rmw_implementation_cmake: 6.1.2 (/opt/ros/humble/share/rmw_implementation_cmake/cmake)
[1.738s] -- Found rmw_fastrtps_cpp: 6.2.8 (/opt/ros/humble/share/rmw_fastrtps_cpp/cmake)
[2.459s] -- Found OpenSSL: /usr/lib/x86_64-linux-gnu/libcrypto.so (found version "3.0.2")  
[3.271s] -- Found FastRTPS: /opt/ros/humble/include  
[5.782s] -- Using RMW implementation 'rmw_fastrtps_cpp' as default
[5.788s] -- Looking for pthread.h
[5.892s] -- Looking for pthread.h - found
[5.892s] -- Performing Test CMAKE_HAVE_LIBC_PTHREAD
[6.003s] -- Performing Test CMAKE_HAVE_LIBC_PTHREAD - Success
[6.005s] -- Found Threads: TRUE  
[6.056s] -- Found px4_ros2_cpp: 0.0.1 (/root/ws_sensor_combined/install/px4_ros2_cpp/share/px4_ros2_cpp/cmake)
[6.070s] -- Found ament_lint_auto: 0.12.14 (/opt/ros/humble/share/ament_lint_auto/cmake)
[6.151s] -- Added test 'copyright' to check source files copyright and LICENSE
[6.152s] -- Added test 'cppcheck' to perform static code analysis on C / C++ code
[6.152s] -- Configured cppcheck include dirs: /root/ws_sensor_combined/src/px4-ros2-interface-lib/examples/cpp/navigation/global_navigation/include
[6.152s] -- Configured cppcheck exclude dirs and/or files: 
[6.153s] -- Added test 'cpplint' to check C / C++ code against the Google style
[6.154s] -- Configured cpplint exclude dirs and/or files: 
[6.155s] -- Added test 'lint_cmake' to check CMake code style
[6.156s] -- Added test 'uncrustify' to check C / C++ code style
[6.156s] -- Configured uncrustify additional arguments: 
[6.157s] -- Added test 'xmllint' to check XML markup files
[6.158s] -- Configuring done
[6.167s] -- Generating done
[6.171s] -- Build files have been written to: /root/ws_sensor_combined/build/example_global_navigation_cpp
[6.183s] Invoked command in '/root/ws_sensor_combined/build/example_global_navigation_cpp' returned '0': AMENT_PREFIX_PATH=/root/ws_sensor_combined/install/px4_ros2_cpp:${AMENT_PREFIX_PATH} CMAKE_PREFIX_PATH=/root/ws_sensor_combined/install/px4_ros2_cpp:/root/ws_sensor_combined/install/px4_msgs:/root/ws_sensor_combined/install/px4_ros_com:/opt/ros/humble LD_LIBRARY_PATH=/root/ws_sensor_combined/install/px4_ros2_cpp/lib:/root/ws_sensor_combined/install/px4_msgs/lib:/root/ws_sensor_combined/install/px4_ros_com/lib:/opt/ros/humble/opt/rviz_ogre_vendor/lib:/opt/ros/humble/lib/x86_64-linux-gnu:/opt/ros/humble/lib /usr/bin/cmake /root/ws_sensor_combined/src/px4-ros2-interface-lib/examples/cpp/navigation/global_navigation -DCMAKE_INSTALL_PREFIX=/root/ws_sensor_combined/install/example_global_navigation_cpp
[6.185s] Invoking command in '/root/ws_sensor_combined/build/example_global_navigation_cpp': AMENT_PREFIX_PATH=/root/ws_sensor_combined/install/px4_ros2_cpp:${AMENT_PREFIX_PATH} CMAKE_PREFIX_PATH=/root/ws_sensor_combined/install/px4_ros2_cpp:/root/ws_sensor_combined/install/px4_msgs:/root/ws_sensor_combined/install/px4_ros_com:/opt/ros/humble LD_LIBRARY_PATH=/root/ws_sensor_combined/install/px4_ros2_cpp/lib:/root/ws_sensor_combined/install/px4_msgs/lib:/root/ws_sensor_combined/install/px4_ros_com/lib:/opt/ros/humble/opt/rviz_ogre_vendor/lib:/opt/ros/humble/lib/x86_64-linux-gnu:/opt/ros/humble/lib /usr/bin/cmake --build /root/ws_sensor_combined/build/example_global_navigation_cpp -- -j20 -l20
[6.234s] [ 50%] [32mBuilding CXX object CMakeFiles/example_global_navigation.dir/src/main.cpp.o[0m
[10.162s] [100%] [32m[1mLinking CXX executable example_global_navigation[0m
[11.277s] [100%] Built target example_global_navigation
[11.293s] Invoked command in '/root/ws_sensor_combined/build/example_global_navigation_cpp' returned '0': AMENT_PREFIX_PATH=/root/ws_sensor_combined/install/px4_ros2_cpp:${AMENT_PREFIX_PATH} CMAKE_PREFIX_PATH=/root/ws_sensor_combined/install/px4_ros2_cpp:/root/ws_sensor_combined/install/px4_msgs:/root/ws_sensor_combined/install/px4_ros_com:/opt/ros/humble LD_LIBRARY_PATH=/root/ws_sensor_combined/install/px4_ros2_cpp/lib:/root/ws_sensor_combined/install/px4_msgs/lib:/root/ws_sensor_combined/install/px4_ros_com/lib:/opt/ros/humble/opt/rviz_ogre_vendor/lib:/opt/ros/humble/lib/x86_64-linux-gnu:/opt/ros/humble/lib /usr/bin/cmake --build /root/ws_sensor_combined/build/example_global_navigation_cpp -- -j20 -l20
[11.296s] Invoking command in '/root/ws_sensor_combined/build/example_global_navigation_cpp': AMENT_PREFIX_PATH=/root/ws_sensor_combined/install/px4_ros2_cpp:${AMENT_PREFIX_PATH} CMAKE_PREFIX_PATH=/root/ws_sensor_combined/install/px4_ros2_cpp:/root/ws_sensor_combined/install/px4_msgs:/root/ws_sensor_combined/install/px4_ros_com:/opt/ros/humble LD_LIBRARY_PATH=/root/ws_sensor_combined/install/px4_ros2_cpp/lib:/root/ws_sensor_combined/install/px4_msgs/lib:/root/ws_sensor_combined/install/px4_ros_com/lib:/opt/ros/humble/opt/rviz_ogre_vendor/lib:/opt/ros/humble/lib/x86_64-linux-gnu:/opt/ros/humble/lib /usr/bin/cmake --install /root/ws_sensor_combined/build/example_global_navigation_cpp
[11.305s] -- Install configuration: ""
[11.306s] -- Installing: /root/ws_sensor_combined/install/example_global_navigation_cpp/lib/example_global_navigation_cpp/example_global_navigation
[11.307s] -- Set runtime path of "/root/ws_sensor_combined/install/example_global_navigation_cpp/lib/example_global_navigation_cpp/example_global_navigation" to ""
[11.308s] -- Installing: /root/ws_sensor_combined/install/example_global_navigation_cpp/share/ament_index/resource_index/package_run_dependencies/example_global_navigation_cpp
[11.308s] -- Installing: /root/ws_sensor_combined/install/example_global_navigation_cpp/share/ament_index/resource_index/parent_prefix_path/example_global_navigation_cpp
[11.309s] -- Installing: /root/ws_sensor_combined/install/example_global_navigation_cpp/share/example_global_navigation_cpp/environment/ament_prefix_path.sh
[11.309s] -- Installing: /root/ws_sensor_combined/install/example_global_navigation_cpp/share/example_global_navigation_cpp/environment/ament_prefix_path.dsv
[11.309s] -- Installing: /root/ws_sensor_combined/install/example_global_navigation_cpp/share/example_global_navigation_cpp/environment/path.sh
[11.309s] -- Installing: /root/ws_sensor_combined/install/example_global_navigation_cpp/share/example_global_navigation_cpp/environment/path.dsv
[11.310s] -- Installing: /root/ws_sensor_combined/install/example_global_navigation_cpp/share/example_global_navigation_cpp/local_setup.bash
[11.310s] -- Installing: /root/ws_sensor_combined/install/example_global_navigation_cpp/share/example_global_navigation_cpp/local_setup.sh
[11.310s] -- Installing: /root/ws_sensor_combined/install/example_global_navigation_cpp/share/example_global_navigation_cpp/local_setup.zsh
[11.310s] -- Installing: /root/ws_sensor_combined/install/example_global_navigation_cpp/share/example_global_navigation_cpp/local_setup.dsv
[11.310s] -- Installing: /root/ws_sensor_combined/install/example_global_navigation_cpp/share/example_global_navigation_cpp/package.dsv
[11.311s] -- Installing: /root/ws_sensor_combined/install/example_global_navigation_cpp/share/ament_index/resource_index/packages/example_global_navigation_cpp
[11.312s] -- Installing: /root/ws_sensor_combined/install/example_global_navigation_cpp/share/example_global_navigation_cpp/cmake/example_global_navigation_cppConfig.cmake
[11.312s] -- Installing: /root/ws_sensor_combined/install/example_global_navigation_cpp/share/example_global_navigation_cpp/cmake/example_global_navigation_cppConfig-version.cmake
[11.312s] -- Installing: /root/ws_sensor_combined/install/example_global_navigation_cpp/share/example_global_navigation_cpp/package.xml
[11.315s] Invoked command in '/root/ws_sensor_combined/build/example_global_navigation_cpp' returned '0': AMENT_PREFIX_PATH=/root/ws_sensor_combined/install/px4_ros2_cpp:${AMENT_PREFIX_PATH} CMAKE_PREFIX_PATH=/root/ws_sensor_combined/install/px4_ros2_cpp:/root/ws_sensor_combined/install/px4_msgs:/root/ws_sensor_combined/install/px4_ros_com:/opt/ros/humble LD_LIBRARY_PATH=/root/ws_sensor_combined/install/px4_ros2_cpp/lib:/root/ws_sensor_combined/install/px4_msgs/lib:/root/ws_sensor_combined/install/px4_ros_com/lib:/opt/ros/humble/opt/rviz_ogre_vendor/lib:/opt/ros/humble/lib/x86_64-linux-gnu:/opt/ros/humble/lib /usr/bin/cmake --install /root/ws_sensor_combined/build/example_global_navigation_cpp
