[0.047s] Invoking command in '/root/ws_sensor_combined/build/px4_ros_com': CMAKE_PREFIX_PATH=/root/ws_sensor_combined/install/px4_msgs:/root/ws_sensor_combined/install/px4_ros_com:/root/ws_sensor_combined/install/example_mode_with_executor_cpp:/root/ws_sensor_combined/install/example_mode_vtol_cpp:/root/ws_sensor_combined/install/example_mode_rtl_replacement_cpp:/root/ws_sensor_combined/install/example_mode_manual_cpp:/root/ws_sensor_combined/install/example_mode_goto_global_cpp:/root/ws_sensor_combined/install/example_mode_goto_cpp:/root/ws_sensor_combined/install/example_mode_fw_attitude_cpp:/root/ws_sensor_combined/install/example_local_navigation_cpp:/root/ws_sensor_combined/install/example_global_navigation_cpp:/root/ws_sensor_combined/install/example_executor_with_multiple_modes_cpp:/root/ws_sensor_combined/install/px4_ros2_cpp:/opt/ros/humble LD_LIBRARY_PATH=/root/ws_sensor_combined/install/px4_msgs/lib:/root/ws_sensor_combined/install/px4_ros_com/lib:/root/ws_sensor_combined/install/px4_ros2_cpp/lib:/opt/ros/humble/opt/rviz_ogre_vendor/lib:/opt/ros/humble/lib/x86_64-linux-gnu:/opt/ros/humble/lib /usr/bin/cmake --build /root/ws_sensor_combined/build/px4_ros_com -- -j20 -l20
[0.063s] -- Found ament_cmake: 1.3.12 (/opt/ros/humble/share/ament_cmake/cmake)
[0.177s] -- Found builtin_interfaces: 1.2.2 (/opt/ros/humble/share/builtin_interfaces/cmake)
[0.302s] -- Found rosidl_generator_c: 3.1.7 (/opt/ros/humble/share/rosidl_generator_c/cmake)
[0.306s] -- Found rosidl_adapter: 3.1.7 (/opt/ros/humble/share/rosidl_adapter/cmake)
[0.314s] -- Found rosidl_generator_cpp: 3.1.7 (/opt/ros/humble/share/rosidl_generator_cpp/cmake)
[0.323s] -- Using all available rosidl_typesupport_c: rosidl_typesupport_fastrtps_c;rosidl_typesupport_introspection_c
[0.338s] -- Using all available rosidl_typesupport_cpp: rosidl_typesupport_fastrtps_cpp;rosidl_typesupport_introspection_cpp
[0.350s] -- Found eigen3_cmake_module: 0.1.1 (/opt/ros/humble/share/eigen3_cmake_module/cmake)
[0.353s] -- Found geometry_msgs: 4.9.0 (/opt/ros/humble/share/geometry_msgs/cmake)
[0.379s] -- Found px4_msgs: 2.0.1 (/root/ws_sensor_combined/install/px4_msgs/share/px4_msgs/cmake)
[0.391s] -- Found rclcpp: 16.0.14 (/opt/ros/humble/share/rclcpp/cmake)
[0.411s] -- Found rmw_implementation_cmake: 6.1.2 (/opt/ros/humble/share/rmw_implementation_cmake/cmake)
[0.413s] -- Found rmw_fastrtps_cpp: 6.2.8 (/opt/ros/humble/share/rmw_fastrtps_cpp/cmake)
[4.720s] -- Using RMW implementation 'rmw_fastrtps_cpp' as default
[4.743s] -- Found sensor_msgs: 4.9.0 (/opt/ros/humble/share/sensor_msgs/cmake)
[4.755s] -- Found rclpy: 3.3.17 (/opt/ros/humble/share/rclpy/cmake)
[4.762s] -- Found ament_lint_auto: 0.12.14 (/opt/ros/humble/share/ament_lint_auto/cmake)
[4.812s] -- Added test 'copyright' to check source files copyright and LICENSE
[4.814s] -- Added test 'cppcheck' to perform static code analysis on C / C++ code
[4.815s] -- Configured cppcheck include dirs: /root/ws_sensor_combined/src/px4_ros_com/include;$<BUILD_INTERFACE:/root/ws_sensor_combined/src/px4_ros_com/include/px4_ros_com>
[4.815s] -- Configured cppcheck exclude dirs and/or files: 
[4.817s] -- Added test 'cpplint' to check C / C++ code against the Google style
[4.817s] -- Configured cpplint exclude dirs and/or files: 
[4.817s] -- Added test 'flake8' to check Python code syntax and style conventions
[4.818s] -- Added test 'lint_cmake' to check CMake code style
[4.818s] -- Added test 'pep257' to check Python code against some of the docstring style conventions in PEP 257
[4.820s] -- Added test 'uncrustify' to check C / C++ code style
[4.821s] -- Configured uncrustify additional arguments: 
[4.821s] -- Added test 'xmllint' to check XML markup files
[4.822s] -- Configuring done
[4.840s] -- Generating done
[4.848s] -- Build files have been written to: /root/ws_sensor_combined/build/px4_ros_com
[4.868s] [35m[1mConsolidate compiler generated dependencies of target frame_transforms[0m
[4.868s] [35m[1mConsolidate compiler generated dependencies of target sensor_combined_listener[0m
[4.868s] [35m[1mConsolidate compiler generated dependencies of target offboard_control_srv[0m
[4.869s] [35m[1mConsolidate compiler generated dependencies of target vehicle_gps_position_listener[0m
[4.872s] [35m[1mConsolidate compiler generated dependencies of target debug_vect_advertiser[0m
[4.873s] [35m[1mConsolidate compiler generated dependencies of target offboard_control[0m
[4.878s] [  7%] [32mBuilding CXX object CMakeFiles/offboard_control_enae788m.dir/src/examples/offboard/offboard_control_enae788m.cpp.o[0m
[4.880s] [ 21%] Built target frame_transforms
[4.880s] [ 35%] Built target sensor_combined_listener
[4.881s] [ 50%] Built target offboard_control_srv
[4.885s] [01m[K/root/ws_sensor_combined/src/px4_ros_com/src/examples/offboard/offboard_control_enae788m.cpp:41:10:[m[K [01;31m[Kfatal error: [m[Kpx4_msgs/msg/offboard_control_mode.hpp: No such file or directory
[4.885s]    41 | #include [01;31m[K<px4_msgs/msg/offboard_control_mode.hpp>[m[K
[4.885s]       |          [01;31m[K^~~~~~~~~~~~~~~~~~~~~~~~~~~~~~~~~~~~~~~~[m[K
[4.885s] compilation terminated.
[4.885s] [ 64%] Built target vehicle_gps_position_listener
[4.885s] gmake[2]: *** [CMakeFiles/offboard_control_enae788m.dir/build.make:76: CMakeFiles/offboard_control_enae788m.dir/src/examples/offboard/offboard_control_enae788m.cpp.o] Error 1
[4.886s] gmake[1]: *** [CMakeFiles/Makefile2:282: CMakeFiles/offboard_control_enae788m.dir/all] Error 2
[4.886s] gmake[1]: *** Waiting for unfinished jobs....
[4.886s] [ 78%] Built target debug_vect_advertiser
[4.887s] [ 78%] Built target ament_cmake_python_copy_px4_ros_com
[4.887s] [ 85%] [32m[1mLinking CXX executable offboard_control[0m
[5.127s] [ 92%] Built target offboard_control
[5.128s] gmake: *** [Makefile:146: all] Error 2
[5.130s] Invoked command in '/root/ws_sensor_combined/build/px4_ros_com' returned '2': CMAKE_PREFIX_PATH=/root/ws_sensor_combined/install/px4_msgs:/root/ws_sensor_combined/install/px4_ros_com:/root/ws_sensor_combined/install/example_mode_with_executor_cpp:/root/ws_sensor_combined/install/example_mode_vtol_cpp:/root/ws_sensor_combined/install/example_mode_rtl_replacement_cpp:/root/ws_sensor_combined/install/example_mode_manual_cpp:/root/ws_sensor_combined/install/example_mode_goto_global_cpp:/root/ws_sensor_combined/install/example_mode_goto_cpp:/root/ws_sensor_combined/install/example_mode_fw_attitude_cpp:/root/ws_sensor_combined/install/example_local_navigation_cpp:/root/ws_sensor_combined/install/example_global_navigation_cpp:/root/ws_sensor_combined/install/example_executor_with_multiple_modes_cpp:/root/ws_sensor_combined/install/px4_ros2_cpp:/opt/ros/humble LD_LIBRARY_PATH=/root/ws_sensor_combined/install/px4_msgs/lib:/root/ws_sensor_combined/install/px4_ros_com/lib:/root/ws_sensor_combined/install/px4_ros2_cpp/lib:/opt/ros/humble/opt/rviz_ogre_vendor/lib:/opt/ros/humble/lib/x86_64-linux-gnu:/opt/ros/humble/lib /usr/bin/cmake --build /root/ws_sensor_combined/build/px4_ros_com -- -j20 -l20
