[35m[1mConsolidate compiler generated dependencies of target offboard_control_square_2[0m
[  9%] Built target mavros_camera_test
[ 18%] Built target offboard_control
[ 27%] Built target frame_transforms
[ 36%] Built target debug_vect_advertiser
[ 45%] Built target sensor_combined_listener
[ 54%] Built target vehicle_gps_position_listener
[ 63%] Built target offboard_control_enae788m
[ 72%] Built target offboard_control_square
[ 81%] Built target offboard_control_srv
[ 90%] Built target mavros_offboard_test
[ 90%] Built target ament_cmake_python_symlink_px4_ros_com
[ 95%] [32mBuilding CXX object CMakeFiles/offboard_control_square_2.dir/src/examples/offboard/offboard_control_square_2.cpp.o[0m
running egg_info
writing px4_ros_com.egg-info/PKG-INFO
writing dependency_links to px4_ros_com.egg-info/dependency_links.txt
writing top-level names to px4_ros_com.egg-info/top_level.txt
reading manifest file 'px4_ros_com.egg-info/SOURCES.txt'
writing manifest file 'px4_ros_com.egg-info/SOURCES.txt'
[ 95%] Built target ament_cmake_python_build_px4_ros_com_egg
[01m[K/root/ws_sensor_combined/src/px4_ros_com/src/examples/offboard/offboard_control_square_2.cpp:[m[K In constructor ‘[01m[KOffboardControl::OffboardControl()[m[K’:
[01m[K/root/ws_sensor_combined/src/px4_ros_com/src/examples/offboard/offboard_control_square_2.cpp:97:13:[m[K [01;31m[Kerror: [m[K‘[01m[Ksdanvjrahbgiuerhuhgursi[m[K’ was not declared in this scope
   97 |             [01;31m[Ksdanvjrahbgiuerhuhgursi[m[K
      |             [01;31m[K^~~~~~~~~~~~~~~~~~~~~~~[m[K
gmake[2]: *** [CMakeFiles/offboard_control_square_2.dir/build.make:76: CMakeFiles/offboard_control_square_2.dir/src/examples/offboard/offboard_control_square_2.cpp.o] Error 1
gmake[1]: *** [CMakeFiles/Makefile2:368: CMakeFiles/offboard_control_square_2.dir/all] Error 2
gmake: *** [Makefile:146: all] Error 2
