[35m[1mConsolidate compiler generated dependencies of target offboard_control_square_2[0m
[  9%] Built target mavros_camera_test
[ 18%] Built target offboard_control
[ 27%] Built target frame_transforms
[ 36%] Built target debug_vect_advertiser
[ 45%] Built target sensor_combined_listener
[ 54%] Built target vehicle_gps_position_listener
[ 63%] Built target offboard_control_enae788m
[ 72%] Built target offboard_control_square
[ 81%] Built target offboard_control_srv
[ 90%] Built target mavros_offboard_test
[ 90%] Built target ament_cmake_python_symlink_px4_ros_com
[ 95%] [32mBuilding CXX object CMakeFiles/offboard_control_square_2.dir/src/examples/offboard/offboard_control_square_2.cpp.o[0m
running egg_info
writing px4_ros_com.egg-info/PKG-INFO
writing dependency_links to px4_ros_com.egg-info/dependency_links.txt
writing top-level names to px4_ros_com.egg-info/top_level.txt
reading manifest file 'px4_ros_com.egg-info/SOURCES.txt'
writing manifest file 'px4_ros_com.egg-info/SOURCES.txt'
[ 95%] Built target ament_cmake_python_build_px4_ros_com_egg
