[0.125s] Invoking command in '/root/ws_sensor_combined/build/px4_ros_com': CMAKE_PREFIX_PATH=/root/ws_sensor_combined/install/px4_msgs:/root/ws_sensor_combined/install/px4_ros_com:/root/ws_sensor_combined/install/example_mode_with_executor_cpp:/root/ws_sensor_combined/install/example_mode_vtol_cpp:/root/ws_sensor_combined/install/example_mode_rtl_replacement_cpp:/root/ws_sensor_combined/install/example_mode_manual_cpp:/root/ws_sensor_combined/install/example_mode_goto_global_cpp:/root/ws_sensor_combined/install/example_mode_goto_cpp:/root/ws_sensor_combined/install/example_mode_fw_attitude_cpp:/root/ws_sensor_combined/install/example_local_navigation_cpp:/root/ws_sensor_combined/install/example_global_navigation_cpp:/root/ws_sensor_combined/install/example_executor_with_multiple_modes_cpp:/root/ws_sensor_combined/install/px4_ros2_cpp:/opt/ros/humble LD_LIBRARY_PATH=/root/ws_sensor_combined/install/px4_msgs/lib:/root/ws_sensor_combined/install/px4_ros_com/lib:/root/ws_sensor_combined/install/px4_ros2_cpp/lib:/opt/ros/humble/opt/rviz_ogre_vendor/lib:/opt/ros/humble/lib/x86_64-linux-gnu:/opt/ros/humble/lib /usr/bin/cmake --build /root/ws_sensor_combined/build/px4_ros_com -- -j20 -l20
[0.156s] [35m[1mConsolidate compiler generated dependencies of target offboard_control_square_2[0m
[0.166s] [  9%] Built target mavros_camera_test
[0.166s] [ 18%] Built target offboard_control
[0.166s] [ 27%] Built target frame_transforms
[0.166s] [ 36%] Built target debug_vect_advertiser
[0.166s] [ 45%] Built target sensor_combined_listener
[0.166s] [ 54%] Built target vehicle_gps_position_listener
[0.167s] [ 63%] Built target offboard_control_enae788m
[0.169s] [ 72%] Built target offboard_control_square
[0.170s] [ 81%] Built target offboard_control_srv
[0.170s] [ 90%] Built target mavros_offboard_test
[0.170s] [ 90%] Built target ament_cmake_python_symlink_px4_ros_com
[0.170s] [ 95%] [32mBuilding CXX object CMakeFiles/offboard_control_square_2.dir/src/examples/offboard/offboard_control_square_2.cpp.o[0m
[0.309s] running egg_info
[0.313s] writing px4_ros_com.egg-info/PKG-INFO
[0.313s] writing dependency_links to px4_ros_com.egg-info/dependency_links.txt
[0.313s] writing top-level names to px4_ros_com.egg-info/top_level.txt
[0.339s] reading manifest file 'px4_ros_com.egg-info/SOURCES.txt'
[0.340s] writing manifest file 'px4_ros_com.egg-info/SOURCES.txt'
[0.360s] [ 95%] Built target ament_cmake_python_build_px4_ros_com_egg
[2.083s] [01m[K/root/ws_sensor_combined/src/px4_ros_com/src/examples/offboard/offboard_control_square_2.cpp:[m[K In constructor ‘[01m[KOffboardControl::OffboardControl()[m[K’:
[2.083s] [01m[K/root/ws_sensor_combined/src/px4_ros_com/src/examples/offboard/offboard_control_square_2.cpp:97:13:[m[K [01;31m[Kerror: [m[K‘[01m[Ksdanvjrahbgiuerhuhgursi[m[K’ was not declared in this scope
[2.083s]    97 |             [01;31m[Ksdanvjrahbgiuerhuhgursi[m[K
[2.083s]       |             [01;31m[K^~~~~~~~~~~~~~~~~~~~~~~[m[K
[6.594s] gmake[2]: *** [CMakeFiles/offboard_control_square_2.dir/build.make:76: CMakeFiles/offboard_control_square_2.dir/src/examples/offboard/offboard_control_square_2.cpp.o] Error 1
[6.594s] gmake[1]: *** [CMakeFiles/Makefile2:368: CMakeFiles/offboard_control_square_2.dir/all] Error 2
[6.594s] gmake: *** [Makefile:146: all] Error 2
[6.595s] Invoked command in '/root/ws_sensor_combined/build/px4_ros_com' returned '2': CMAKE_PREFIX_PATH=/root/ws_sensor_combined/install/px4_msgs:/root/ws_sensor_combined/install/px4_ros_com:/root/ws_sensor_combined/install/example_mode_with_executor_cpp:/root/ws_sensor_combined/install/example_mode_vtol_cpp:/root/ws_sensor_combined/install/example_mode_rtl_replacement_cpp:/root/ws_sensor_combined/install/example_mode_manual_cpp:/root/ws_sensor_combined/install/example_mode_goto_global_cpp:/root/ws_sensor_combined/install/example_mode_goto_cpp:/root/ws_sensor_combined/install/example_mode_fw_attitude_cpp:/root/ws_sensor_combined/install/example_local_navigation_cpp:/root/ws_sensor_combined/install/example_global_navigation_cpp:/root/ws_sensor_combined/install/example_executor_with_multiple_modes_cpp:/root/ws_sensor_combined/install/px4_ros2_cpp:/opt/ros/humble LD_LIBRARY_PATH=/root/ws_sensor_combined/install/px4_msgs/lib:/root/ws_sensor_combined/install/px4_ros_com/lib:/root/ws_sensor_combined/install/px4_ros2_cpp/lib:/opt/ros/humble/opt/rviz_ogre_vendor/lib:/opt/ros/humble/lib/x86_64-linux-gnu:/opt/ros/humble/lib /usr/bin/cmake --build /root/ws_sensor_combined/build/px4_ros_com -- -j20 -l20
