[0.031s] Invoking command in '/root/ws_sensor_combined/build/px4_ros2_cpp': CMAKE_PREFIX_PATH=/root/ws_sensor_combined/install/px4_msgs:/root/ws_sensor_combined/install/px4_ros_com:/opt/ros/humble LD_LIBRARY_PATH=/root/ws_sensor_combined/install/px4_msgs/lib:/root/ws_sensor_combined/install/px4_ros_com/lib:/opt/ros/humble/opt/rviz_ogre_vendor/lib:/opt/ros/humble/lib/x86_64-linux-gnu:/opt/ros/humble/lib /usr/bin/cmake /root/ws_sensor_combined/src/px4-ros2-interface-lib/px4_ros2_cpp -DCMAKE_INSTALL_PREFIX=/root/ws_sensor_combined/install/px4_ros2_cpp
[0.209s] -- The C compiler identification is GNU 11.4.0
[0.566s] -- The CXX compiler identification is GNU 11.4.0
[0.816s] -- Detecting C compiler ABI info
[0.928s] -- Detecting C compiler ABI info - done
[0.932s] -- Check for working C compiler: /usr/bin/cc - skipped
[0.933s] -- Detecting C compile features
[0.934s] -- Detecting C compile features - done
[0.936s] -- Detecting CXX compiler ABI info
[1.047s] -- Detecting CXX compiler ABI info - done
[1.052s] -- Check for working CXX compiler: /usr/bin/c++ - skipped
[1.052s] -- Detecting CXX compile features
[1.052s] -- Detecting CXX compile features - done
[1.055s] -- Found ament_cmake: 1.3.12 (/opt/ros/humble/share/ament_cmake/cmake)
[1.311s] -- Found Python3: /usr/bin/python3 (found version "3.10.12") found components: Interpreter 
[1.386s] -- Found ament_index_cpp: 1.4.0 (/opt/ros/humble/share/ament_index_cpp/cmake)
[1.389s] -- Found rclcpp: 16.0.14 (/opt/ros/humble/share/rclcpp/cmake)
[1.610s] -- Found rosidl_generator_c: 3.1.7 (/opt/ros/humble/share/rosidl_generator_c/cmake)
[1.614s] -- Found rosidl_adapter: 3.1.7 (/opt/ros/humble/share/rosidl_adapter/cmake)
[1.623s] -- Found rosidl_generator_cpp: 3.1.7 (/opt/ros/humble/share/rosidl_generator_cpp/cmake)
[1.635s] -- Using all available rosidl_typesupport_c: rosidl_typesupport_fastrtps_c;rosidl_typesupport_introspection_c
[1.649s] -- Using all available rosidl_typesupport_cpp: rosidl_typesupport_fastrtps_cpp;rosidl_typesupport_introspection_cpp
[1.687s] -- Found rmw_implementation_cmake: 6.1.2 (/opt/ros/humble/share/rmw_implementation_cmake/cmake)
[1.690s] -- Found rmw_fastrtps_cpp: 6.2.8 (/opt/ros/humble/share/rmw_fastrtps_cpp/cmake)
[2.865s] -- Found OpenSSL: /usr/lib/x86_64-linux-gnu/libcrypto.so (found version "3.0.2")  
[4.098s] -- Found FastRTPS: /opt/ros/humble/include  
[6.050s] -- Using RMW implementation 'rmw_fastrtps_cpp' as default
[6.058s] -- Looking for pthread.h
[6.133s] -- Looking for pthread.h - found
[6.134s] -- Performing Test CMAKE_HAVE_LIBC_PTHREAD
[6.210s] -- Performing Test CMAKE_HAVE_LIBC_PTHREAD - Success
[6.210s] -- Found Threads: TRUE  
[6.255s] -- Found px4_msgs: 2.0.1 (/root/ws_sensor_combined/install/px4_msgs/share/px4_msgs/cmake)
[6.266s] -- Found eigen3_cmake_module: 0.1.1 (/opt/ros/humble/share/eigen3_cmake_module/cmake)
[6.271s] -- Found Eigen3: TRUE (found version "3.4.0") 
[6.273s] -- Found ament_lint_auto: 0.12.14 (/opt/ros/humble/share/ament_lint_auto/cmake)
[6.275s] -- Found ament_cmake_gtest: 1.3.12 (/opt/ros/humble/share/ament_cmake_gtest/cmake)
[6.334s] -- Found gtest sources under '/opt/ros/humble/src/gtest_vendor': C++ tests using 'Google Test' will be built
[6.342s] -- Added test 'copyright' to check source files copyright and LICENSE
[6.345s] -- Added test 'cppcheck' to perform static code analysis on C / C++ code
[6.345s] -- Configured cppcheck include dirs: /root/ws_sensor_combined/src/px4-ros2-interface-lib/px4_ros2_cpp/include
[6.345s] -- Configured cppcheck exclude dirs and/or files: 
[6.348s] -- Added test 'cpplint' to check C / C++ code against the Google style
[6.348s] -- Configured cpplint exclude dirs and/or files: 
[6.350s] -- Added test 'lint_cmake' to check CMake code style
[6.353s] -- Added test 'uncrustify' to check C / C++ code style
[6.353s] -- Configured uncrustify additional arguments: 
[6.354s] -- Added test 'xmllint' to check XML markup files
[6.355s] -- Configuring done
[6.382s] -- Generating done
[6.389s] -- Build files have been written to: /root/ws_sensor_combined/build/px4_ros2_cpp
[6.398s] Invoked command in '/root/ws_sensor_combined/build/px4_ros2_cpp' returned '0': CMAKE_PREFIX_PATH=/root/ws_sensor_combined/install/px4_msgs:/root/ws_sensor_combined/install/px4_ros_com:/opt/ros/humble LD_LIBRARY_PATH=/root/ws_sensor_combined/install/px4_msgs/lib:/root/ws_sensor_combined/install/px4_ros_com/lib:/opt/ros/humble/opt/rviz_ogre_vendor/lib:/opt/ros/humble/lib/x86_64-linux-gnu:/opt/ros/humble/lib /usr/bin/cmake /root/ws_sensor_combined/src/px4-ros2-interface-lib/px4_ros2_cpp -DCMAKE_INSTALL_PREFIX=/root/ws_sensor_combined/install/px4_ros2_cpp
[6.399s] Invoking command in '/root/ws_sensor_combined/build/px4_ros2_cpp': CMAKE_PREFIX_PATH=/root/ws_sensor_combined/install/px4_msgs:/root/ws_sensor_combined/install/px4_ros_com:/opt/ros/humble LD_LIBRARY_PATH=/root/ws_sensor_combined/install/px4_msgs/lib:/root/ws_sensor_combined/install/px4_ros_com/lib:/opt/ros/humble/opt/rviz_ogre_vendor/lib:/opt/ros/humble/lib/x86_64-linux-gnu:/opt/ros/humble/lib /usr/bin/cmake --build /root/ws_sensor_combined/build/px4_ros2_cpp -- -j20 -l20
[6.435s] [  2%] [32mBuilding CXX object gtest/CMakeFiles/gtest.dir/src/gtest-all.cc.o[0m
[6.439s] [  4%] [32mBuilding CXX object CMakeFiles/integration_utils.dir/test/integration/util.cpp.o[0m
[6.439s] [  6%] [32mBuilding CXX object CMakeFiles/px4_ros2_cpp.dir/src/components/mode.cpp.o[0m
[6.439s] [ 10%] [32mBuilding CXX object CMakeFiles/px4_ros2_cpp.dir/src/components/overrides.cpp.o[0m
[6.440s] [ 10%] [32mBuilding CXX object CMakeFiles/px4_ros2_cpp.dir/src/components/health_and_arming_checks.cpp.o[0m
[6.440s] [ 12%] [32mBuilding CXX object CMakeFiles/px4_ros2_cpp.dir/src/components/manual_control_input.cpp.o[0m
[6.442s] [ 16%] [32mBuilding CXX object gtest/CMakeFiles/gtest_main.dir/src/gtest_main.cc.o[0m
[6.442s] [ 16%] [32mBuilding CXX object CMakeFiles/px4_ros2_cpp.dir/src/components/registration.cpp.o[0m
[6.442s] [ 18%] [32mBuilding CXX object CMakeFiles/px4_ros2_cpp.dir/src/components/message_compatibility_check.cpp.o[0m
[6.442s] [ 20%] [32mBuilding CXX object CMakeFiles/unit_utils.dir/test/unit/utils/util.cpp.o[0m
[6.443s] [ 22%] [32mBuilding CXX object CMakeFiles/px4_ros2_cpp.dir/src/components/mode_executor.cpp.o[0m
[6.443s] [ 24%] [32mBuilding CXX object CMakeFiles/px4_ros2_cpp.dir/src/components/wait_for_fmu.cpp.o[0m
[6.443s] [ 26%] [32mBuilding CXX object CMakeFiles/px4_ros2_cpp.dir/src/control/peripheral_actuators.cpp.o[0m
[6.446s] [ 28%] [32mBuilding CXX object CMakeFiles/px4_ros2_cpp.dir/src/control/vtol.cpp.o[0m
[6.446s] [ 32%] [32mBuilding CXX object CMakeFiles/px4_ros2_cpp.dir/src/control/setpoint_types/goto.cpp.o[0m
[6.446s] [ 32%] [32mBuilding CXX object CMakeFiles/px4_ros2_cpp.dir/src/control/setpoint_types/direct_actuators.cpp.o[0m
[6.454s] [ 34%] [32mBuilding CXX object CMakeFiles/px4_ros2_cpp.dir/src/control/setpoint_types/experimental/attitude.cpp.o[0m
[6.454s] [ 36%] [32mBuilding CXX object CMakeFiles/px4_ros2_cpp.dir/src/control/setpoint_types/fixedwing_lateral_longitudinal.cpp.o[0m
[6.457s] [ 38%] [32mBuilding CXX object CMakeFiles/px4_ros2_cpp.dir/src/control/setpoint_types/experimental/rates.cpp.o[0m
[6.459s] [ 40%] [32mBuilding CXX object CMakeFiles/px4_ros2_cpp.dir/src/control/setpoint_types/experimental/trajectory.cpp.o[0m
[7.834s] [ 42%] [32m[1mLinking CXX static library libgtest_main.a[0m
[8.533s] [ 42%] Built target gtest_main
[8.566s] [ 44%] [32mBuilding CXX object CMakeFiles/px4_ros2_cpp.dir/src/navigation/experimental/global_position_measurement_interface.cpp.o[0m
[10.994s] [ 46%] [32m[1mLinking CXX shared library libunit_utils.so[0m
[11.506s] [ 46%] Built target unit_utils
[11.529s] [ 48%] [32mBuilding CXX object CMakeFiles/px4_ros2_cpp.dir/src/navigation/experimental/local_position_measurement_interface.cpp.o[0m
[11.769s] [ 50%] [32m[1mLinking CXX static library libgtest.a[0m
[12.039s] [ 50%] Built target gtest
[12.065s] [ 52%] [32mBuilding CXX object CMakeFiles/px4_ros2_cpp.dir/src/odometry/attitude.cpp.o[0m
[12.926s] [ 54%] [32mBuilding CXX object CMakeFiles/px4_ros2_cpp.dir/src/odometry/global_position.cpp.o[0m
[14.451s] [ 56%] [32mBuilding CXX object CMakeFiles/px4_ros2_cpp.dir/src/odometry/local_position.cpp.o[0m
[14.882s] [ 58%] [32mBuilding CXX object CMakeFiles/px4_ros2_cpp.dir/src/odometry/angular_velocity.cpp.o[0m
[15.128s] [ 60%] [32mBuilding CXX object CMakeFiles/px4_ros2_cpp.dir/src/odometry/airspeed.cpp.o[0m
[15.319s] [ 62%] [32mBuilding CXX object CMakeFiles/px4_ros2_cpp.dir/src/utils/geodesic.cpp.o[0m
[15.413s] [ 64%] [32mBuilding CXX object CMakeFiles/px4_ros2_cpp.dir/src/utils/map_projection_impl.cpp.o[0m
[20.342s] [ 66%] [32m[1mLinking CXX shared library libintegration_utils.so[0m
[20.831s] [ 66%] Built target integration_utils
[25.149s] [ 68%] [32m[1mLinking CXX shared library libpx4_ros2_cpp.so[0m
[28.884s] [ 68%] Built target px4_ros2_cpp
[28.902s] [ 72%] [32mBuilding CXX object CMakeFiles/px4_ros2_cpp_unit_tests.dir/test/unit/global_navigation.cpp.o[0m
[28.903s] [ 72%] [32mBuilding CXX object CMakeFiles/integration_tests.dir/test/integration/local_navigation.cpp.o[0m
[28.903s] [ 74%] [32mBuilding CXX object CMakeFiles/px4_ros2_cpp_unit_tests.dir/test/unit/main.cpp.o[0m
[28.903s] [ 76%] [32mBuilding CXX object CMakeFiles/px4_ros2_cpp_unit_tests.dir/test/unit/local_navigation.cpp.o[0m
[28.903s] [ 78%] [32mBuilding CXX object CMakeFiles/px4_ros2_cpp_unit_tests.dir/test/unit/modes.cpp.o[0m
[28.903s] [ 80%] [32mBuilding CXX object CMakeFiles/px4_ros2_cpp_unit_tests.dir/test/unit/utils/frame_conversion.cpp.o[0m
[28.905s] [ 82%] [32mBuilding CXX object CMakeFiles/integration_tests.dir/test/integration/arming_check.cpp.o[0m
[28.906s] [ 86%] [32mBuilding CXX object CMakeFiles/px4_ros2_cpp_unit_tests.dir/test/unit/utils/geodesic.cpp.o[0m
[28.906s] [ 86%] [32mBuilding CXX object CMakeFiles/integration_tests.dir/test/integration/mode_executor.cpp.o[0m
[28.906s] [ 88%] [32mBuilding CXX object CMakeFiles/integration_tests.dir/test/integration/global_navigation.cpp.o[0m
[28.906s] [ 90%] [32mBuilding CXX object CMakeFiles/integration_tests.dir/test/integration/mode.cpp.o[0m
[28.906s] [ 92%] [32mBuilding CXX object CMakeFiles/integration_tests.dir/test/integration/overrides.cpp.o[0m
[28.908s] [ 96%] [32mBuilding CXX object CMakeFiles/px4_ros2_cpp_unit_tests.dir/test/unit/utils/geometry.cpp.o[0m
[28.908s] [ 96%] [32mBuilding CXX object CMakeFiles/px4_ros2_cpp_unit_tests.dir/test/unit/utils/map_projection_impl.cpp.o[0m
[38.869s] [ 98%] [32m[1mLinking CXX executable px4_ros2_cpp_unit_tests[0m
[39.265s] [100%] [32m[1mLinking CXX executable integration_tests[0m
[39.911s] [100%] Built target px4_ros2_cpp_unit_tests
[40.408s] [100%] Built target integration_tests
[40.417s] Invoked command in '/root/ws_sensor_combined/build/px4_ros2_cpp' returned '0': CMAKE_PREFIX_PATH=/root/ws_sensor_combined/install/px4_msgs:/root/ws_sensor_combined/install/px4_ros_com:/opt/ros/humble LD_LIBRARY_PATH=/root/ws_sensor_combined/install/px4_msgs/lib:/root/ws_sensor_combined/install/px4_ros_com/lib:/opt/ros/humble/opt/rviz_ogre_vendor/lib:/opt/ros/humble/lib/x86_64-linux-gnu:/opt/ros/humble/lib /usr/bin/cmake --build /root/ws_sensor_combined/build/px4_ros2_cpp -- -j20 -l20
[40.418s] Invoking command in '/root/ws_sensor_combined/build/px4_ros2_cpp': CMAKE_PREFIX_PATH=/root/ws_sensor_combined/install/px4_msgs:/root/ws_sensor_combined/install/px4_ros_com:/opt/ros/humble LD_LIBRARY_PATH=/root/ws_sensor_combined/install/px4_msgs/lib:/root/ws_sensor_combined/install/px4_ros_com/lib:/opt/ros/humble/opt/rviz_ogre_vendor/lib:/opt/ros/humble/lib/x86_64-linux-gnu:/opt/ros/humble/lib /usr/bin/cmake --install /root/ws_sensor_combined/build/px4_ros2_cpp
[40.422s] -- Install configuration: ""
[40.423s] -- Installing: /root/ws_sensor_combined/install/px4_ros2_cpp/share/px4_ros2_cpp/environment/library_path.sh
[40.423s] -- Installing: /root/ws_sensor_combined/install/px4_ros2_cpp/share/px4_ros2_cpp/environment/library_path.dsv
[40.423s] -- Installing: /root/ws_sensor_combined/install/px4_ros2_cpp/include/px4_ros2
[40.424s] -- Installing: /root/ws_sensor_combined/install/px4_ros2_cpp/include/px4_ros2/vehicle_state
[40.424s] -- Installing: /root/ws_sensor_combined/install/px4_ros2_cpp/include/px4_ros2/vehicle_state/battery.hpp
[40.424s] -- Installing: /root/ws_sensor_combined/install/px4_ros2_cpp/include/px4_ros2/vehicle_state/vehicle_status.hpp
[40.424s] -- Installing: /root/ws_sensor_combined/install/px4_ros2_cpp/include/px4_ros2/vehicle_state/land_detected.hpp
[40.424s] -- Installing: /root/ws_sensor_combined/install/px4_ros2_cpp/include/px4_ros2/vehicle_state/vtol_status.hpp
[40.424s] -- Installing: /root/ws_sensor_combined/install/px4_ros2_cpp/include/px4_ros2/vehicle_state/groups.dox
[40.424s] -- Installing: /root/ws_sensor_combined/install/px4_ros2_cpp/include/px4_ros2/vehicle_state/home_position.hpp
[40.425s] -- Installing: /root/ws_sensor_combined/install/px4_ros2_cpp/include/px4_ros2/utils
[40.425s] -- Installing: /root/ws_sensor_combined/install/px4_ros2_cpp/include/px4_ros2/utils/geometry.hpp
[40.425s] -- Installing: /root/ws_sensor_combined/install/px4_ros2_cpp/include/px4_ros2/utils/subscription.hpp
[40.425s] -- Installing: /root/ws_sensor_combined/install/px4_ros2_cpp/include/px4_ros2/utils/frame_conversion.hpp
[40.425s] -- Installing: /root/ws_sensor_combined/install/px4_ros2_cpp/include/px4_ros2/utils/geodesic.hpp
[40.425s] -- Installing: /root/ws_sensor_combined/install/px4_ros2_cpp/include/px4_ros2/utils/message_version.hpp
[40.425s] -- Installing: /root/ws_sensor_combined/install/px4_ros2_cpp/include/px4_ros2/utils/groups.dox
[40.425s] -- Installing: /root/ws_sensor_combined/install/px4_ros2_cpp/include/px4_ros2/control
[40.425s] -- Installing: /root/ws_sensor_combined/install/px4_ros2_cpp/include/px4_ros2/control/vtol.hpp
[40.425s] -- Installing: /root/ws_sensor_combined/install/px4_ros2_cpp/include/px4_ros2/control/setpoint_types
[40.425s] -- Installing: /root/ws_sensor_combined/install/px4_ros2_cpp/include/px4_ros2/control/setpoint_types/fixedwing_lateral_longitudinal.hpp
[40.425s] -- Installing: /root/ws_sensor_combined/install/px4_ros2_cpp/include/px4_ros2/control/setpoint_types/goto.hpp
[40.425s] -- Installing: /root/ws_sensor_combined/install/px4_ros2_cpp/include/px4_ros2/control/setpoint_types/experimental
[40.425s] -- Installing: /root/ws_sensor_combined/install/px4_ros2_cpp/include/px4_ros2/control/setpoint_types/experimental/attitude.hpp
[40.425s] -- Installing: /root/ws_sensor_combined/install/px4_ros2_cpp/include/px4_ros2/control/setpoint_types/experimental/rates.hpp
[40.425s] -- Installing: /root/ws_sensor_combined/install/px4_ros2_cpp/include/px4_ros2/control/setpoint_types/experimental/trajectory.hpp
[40.425s] -- Installing: /root/ws_sensor_combined/install/px4_ros2_cpp/include/px4_ros2/control/setpoint_types/direct_actuators.hpp
[40.426s] -- Installing: /root/ws_sensor_combined/install/px4_ros2_cpp/include/px4_ros2/control/setpoint_types/groups.dox
[40.426s] -- Installing: /root/ws_sensor_combined/install/px4_ros2_cpp/include/px4_ros2/control/groups.dox
[40.426s] -- Installing: /root/ws_sensor_combined/install/px4_ros2_cpp/include/px4_ros2/control/peripheral_actuators.hpp
[40.426s] -- Installing: /root/ws_sensor_combined/install/px4_ros2_cpp/include/px4_ros2/navigation
[40.426s] -- Installing: /root/ws_sensor_combined/install/px4_ros2_cpp/include/px4_ros2/navigation/experimental
[40.426s] -- Installing: /root/ws_sensor_combined/install/px4_ros2_cpp/include/px4_ros2/navigation/experimental/global_position_measurement_interface.hpp
[40.426s] -- Installing: /root/ws_sensor_combined/install/px4_ros2_cpp/include/px4_ros2/navigation/experimental/navigation_interface_base.hpp
[40.426s] -- Installing: /root/ws_sensor_combined/install/px4_ros2_cpp/include/px4_ros2/navigation/experimental/local_position_measurement_interface.hpp
[40.426s] -- Installing: /root/ws_sensor_combined/install/px4_ros2_cpp/include/px4_ros2/navigation/groups.dox
[40.426s] -- Installing: /root/ws_sensor_combined/install/px4_ros2_cpp/include/px4_ros2/common
[40.426s] -- Installing: /root/ws_sensor_combined/install/px4_ros2_cpp/include/px4_ros2/common/setpoint_base.hpp
[40.426s] -- Installing: /root/ws_sensor_combined/install/px4_ros2_cpp/include/px4_ros2/common/requirement_flags.hpp
[40.427s] -- Installing: /root/ws_sensor_combined/install/px4_ros2_cpp/include/px4_ros2/common/frame.hpp
[40.427s] -- Installing: /root/ws_sensor_combined/install/px4_ros2_cpp/include/px4_ros2/common/context.hpp
[40.427s] -- Installing: /root/ws_sensor_combined/install/px4_ros2_cpp/include/px4_ros2/odometry
[40.427s] -- Installing: /root/ws_sensor_combined/install/px4_ros2_cpp/include/px4_ros2/odometry/attitude.hpp
[40.427s] -- Installing: /root/ws_sensor_combined/install/px4_ros2_cpp/include/px4_ros2/odometry/airspeed.hpp
[40.427s] -- Installing: /root/ws_sensor_combined/install/px4_ros2_cpp/include/px4_ros2/odometry/global_position.hpp
[40.427s] -- Installing: /root/ws_sensor_combined/install/px4_ros2_cpp/include/px4_ros2/odometry/angular_velocity.hpp
[40.427s] -- Installing: /root/ws_sensor_combined/install/px4_ros2_cpp/include/px4_ros2/odometry/local_position.hpp
[40.427s] -- Installing: /root/ws_sensor_combined/install/px4_ros2_cpp/include/px4_ros2/odometry/groups.dox
[40.427s] -- Installing: /root/ws_sensor_combined/install/px4_ros2_cpp/include/px4_ros2/components
[40.427s] -- Installing: /root/ws_sensor_combined/install/px4_ros2_cpp/include/px4_ros2/components/node_with_mode.hpp
[40.428s] -- Installing: /root/ws_sensor_combined/install/px4_ros2_cpp/include/px4_ros2/components/mode_executor.hpp
[40.428s] -- Installing: /root/ws_sensor_combined/install/px4_ros2_cpp/include/px4_ros2/components/mode.hpp
[40.428s] -- Installing: /root/ws_sensor_combined/install/px4_ros2_cpp/include/px4_ros2/components/wait_for_fmu.hpp
[40.428s] -- Installing: /root/ws_sensor_combined/install/px4_ros2_cpp/include/px4_ros2/components/health_and_arming_checks.hpp
[40.428s] -- Installing: /root/ws_sensor_combined/install/px4_ros2_cpp/include/px4_ros2/components/overrides.hpp
[40.428s] -- Installing: /root/ws_sensor_combined/install/px4_ros2_cpp/include/px4_ros2/components/message_compatibility_check.hpp
[40.428s] -- Installing: /root/ws_sensor_combined/install/px4_ros2_cpp/include/px4_ros2/components/manual_control_input.hpp
[40.428s] -- Installing: /root/ws_sensor_combined/install/px4_ros2_cpp/include/px4_ros2/components/groups.dox
[40.428s] -- Installing: /root/ws_sensor_combined/install/px4_ros2_cpp/include/px4_ros2/components/events.hpp
[40.428s] -- Installing: /root/ws_sensor_combined/install/px4_ros2_cpp/lib/libpx4_ros2_cpp.so
[40.474s] -- Set runtime path of "/root/ws_sensor_combined/install/px4_ros2_cpp/lib/libpx4_ros2_cpp.so" to ""
[40.475s] -- Installing: /root/ws_sensor_combined/install/px4_ros2_cpp/share/ament_index/resource_index/package_run_dependencies/px4_ros2_cpp
[40.475s] -- Installing: /root/ws_sensor_combined/install/px4_ros2_cpp/share/ament_index/resource_index/parent_prefix_path/px4_ros2_cpp
[40.475s] -- Installing: /root/ws_sensor_combined/install/px4_ros2_cpp/share/px4_ros2_cpp/environment/ament_prefix_path.sh
[40.475s] -- Installing: /root/ws_sensor_combined/install/px4_ros2_cpp/share/px4_ros2_cpp/environment/ament_prefix_path.dsv
[40.475s] -- Installing: /root/ws_sensor_combined/install/px4_ros2_cpp/share/px4_ros2_cpp/environment/path.sh
[40.476s] -- Installing: /root/ws_sensor_combined/install/px4_ros2_cpp/share/px4_ros2_cpp/environment/path.dsv
[40.476s] -- Installing: /root/ws_sensor_combined/install/px4_ros2_cpp/share/px4_ros2_cpp/local_setup.bash
[40.477s] -- Installing: /root/ws_sensor_combined/install/px4_ros2_cpp/share/px4_ros2_cpp/local_setup.sh
[40.477s] -- Installing: /root/ws_sensor_combined/install/px4_ros2_cpp/share/px4_ros2_cpp/local_setup.zsh
[40.477s] -- Installing: /root/ws_sensor_combined/install/px4_ros2_cpp/share/px4_ros2_cpp/local_setup.dsv
[40.478s] -- Installing: /root/ws_sensor_combined/install/px4_ros2_cpp/share/px4_ros2_cpp/package.dsv
[40.478s] -- Installing: /root/ws_sensor_combined/install/px4_ros2_cpp/share/ament_index/resource_index/packages/px4_ros2_cpp
[40.479s] -- Installing: /root/ws_sensor_combined/install/px4_ros2_cpp/share/px4_ros2_cpp/cmake/px4_ros2_cppExport.cmake
[40.479s] -- Installing: /root/ws_sensor_combined/install/px4_ros2_cpp/share/px4_ros2_cpp/cmake/px4_ros2_cppExport-noconfig.cmake
[40.479s] -- Installing: /root/ws_sensor_combined/install/px4_ros2_cpp/share/px4_ros2_cpp/cmake/ament_cmake_export_targets-extras.cmake
[40.479s] -- Installing: /root/ws_sensor_combined/install/px4_ros2_cpp/share/px4_ros2_cpp/cmake/ament_cmake_export_dependencies-extras.cmake
[40.479s] -- Installing: /root/ws_sensor_combined/install/px4_ros2_cpp/share/px4_ros2_cpp/cmake/px4_ros2_cppConfig.cmake
[40.480s] -- Installing: /root/ws_sensor_combined/install/px4_ros2_cpp/share/px4_ros2_cpp/cmake/px4_ros2_cppConfig-version.cmake
[40.480s] -- Installing: /root/ws_sensor_combined/install/px4_ros2_cpp/share/px4_ros2_cpp/package.xml
[40.482s] Invoked command in '/root/ws_sensor_combined/build/px4_ros2_cpp' returned '0': CMAKE_PREFIX_PATH=/root/ws_sensor_combined/install/px4_msgs:/root/ws_sensor_combined/install/px4_ros_com:/opt/ros/humble LD_LIBRARY_PATH=/root/ws_sensor_combined/install/px4_msgs/lib:/root/ws_sensor_combined/install/px4_ros_com/lib:/opt/ros/humble/opt/rviz_ogre_vendor/lib:/opt/ros/humble/lib/x86_64-linux-gnu:/opt/ros/humble/lib /usr/bin/cmake --install /root/ws_sensor_combined/build/px4_ros2_cpp
