[0.035s] Invoking command in '/root/ws_sensor_combined/build/px4_ros_com': CMAKE_PREFIX_PATH=/root/ws_sensor_combined/install/px4_msgs:/root/ws_sensor_combined/install/px4_ros_com:/root/ws_sensor_combined/install/example_mode_with_executor_cpp:/root/ws_sensor_combined/install/example_mode_vtol_cpp:/root/ws_sensor_combined/install/example_mode_rtl_replacement_cpp:/root/ws_sensor_combined/install/example_mode_manual_cpp:/root/ws_sensor_combined/install/example_mode_goto_global_cpp:/root/ws_sensor_combined/install/example_mode_goto_cpp:/root/ws_sensor_combined/install/example_mode_fw_attitude_cpp:/root/ws_sensor_combined/install/example_local_navigation_cpp:/root/ws_sensor_combined/install/example_global_navigation_cpp:/root/ws_sensor_combined/install/example_executor_with_multiple_modes_cpp:/root/ws_sensor_combined/install/px4_ros2_cpp:/opt/ros/humble LD_LIBRARY_PATH=/root/ws_sensor_combined/install/px4_msgs/lib:/root/ws_sensor_combined/install/px4_ros_com/lib:/root/ws_sensor_combined/install/px4_ros2_cpp/lib:/opt/ros/humble/opt/rviz_ogre_vendor/lib:/opt/ros/humble/lib/x86_64-linux-gnu:/opt/ros/humble/lib /usr/bin/cmake --build /root/ws_sensor_combined/build/px4_ros_com -- -j20 -l20
[0.046s] -- Found ament_cmake: 1.3.12 (/opt/ros/humble/share/ament_cmake/cmake)
[0.122s] -- Override CMake install command with custom implementation using symlinks instead of copying resources
[0.126s] -- Found builtin_interfaces: 1.2.2 (/opt/ros/humble/share/builtin_interfaces/cmake)
[0.261s] -- Found rosidl_generator_c: 3.1.7 (/opt/ros/humble/share/rosidl_generator_c/cmake)
[0.263s] -- Found rosidl_adapter: 3.1.7 (/opt/ros/humble/share/rosidl_adapter/cmake)
[0.268s] -- Found rosidl_generator_cpp: 3.1.7 (/opt/ros/humble/share/rosidl_generator_cpp/cmake)
[0.278s] -- Using all available rosidl_typesupport_c: rosidl_typesupport_fastrtps_c;rosidl_typesupport_introspection_c
[0.284s] -- Using all available rosidl_typesupport_cpp: rosidl_typesupport_fastrtps_cpp;rosidl_typesupport_introspection_cpp
[0.301s] -- Found eigen3_cmake_module: 0.1.1 (/opt/ros/humble/share/eigen3_cmake_module/cmake)
[0.302s] -- Found geometry_msgs: 4.9.0 (/opt/ros/humble/share/geometry_msgs/cmake)
[0.314s] -- Found px4_msgs: 2.0.1 (/root/ws_sensor_combined/install/px4_msgs/share/px4_msgs/cmake)
[0.322s] -- Found rclcpp: 16.0.14 (/opt/ros/humble/share/rclcpp/cmake)
[0.334s] -- Found rmw_implementation_cmake: 6.1.2 (/opt/ros/humble/share/rmw_implementation_cmake/cmake)
[0.336s] -- Found rmw_fastrtps_cpp: 6.2.8 (/opt/ros/humble/share/rmw_fastrtps_cpp/cmake)
[3.544s] -- Using RMW implementation 'rmw_fastrtps_cpp' as default
[3.565s] -- Found sensor_msgs: 4.9.0 (/opt/ros/humble/share/sensor_msgs/cmake)
[3.575s] -- Found rclpy: 3.3.17 (/opt/ros/humble/share/rclpy/cmake)
[3.575s] -- Found mavros_msgs: 2.10.1 (/opt/ros/humble/share/mavros_msgs/cmake)
[3.614s] -- Found ament_lint_auto: 0.12.14 (/opt/ros/humble/share/ament_lint_auto/cmake)
[3.654s] -- Added test 'copyright' to check source files copyright and LICENSE
[3.656s] -- Added test 'cppcheck' to perform static code analysis on C / C++ code
[3.656s] -- Configured cppcheck include dirs: /root/ws_sensor_combined/src/px4_ros_com/include;$<BUILD_INTERFACE:/root/ws_sensor_combined/src/px4_ros_com/include/px4_ros_com>
[3.656s] -- Configured cppcheck exclude dirs and/or files: 
[3.658s] -- Added test 'cpplint' to check C / C++ code against the Google style
[3.658s] -- Configured cpplint exclude dirs and/or files: 
[3.658s] -- Added test 'flake8' to check Python code syntax and style conventions
[3.659s] -- Added test 'lint_cmake' to check CMake code style
[3.659s] -- Added test 'pep257' to check Python code against some of the docstring style conventions in PEP 257
[3.661s] -- Added test 'uncrustify' to check C / C++ code style
[3.661s] -- Configured uncrustify additional arguments: 
[3.661s] -- Added test 'xmllint' to check XML markup files
[3.662s] -- Configuring done
[3.682s] -- Generating done
[3.690s] -- Build files have been written to: /root/ws_sensor_combined/build/px4_ros_com
[3.710s] [35m[1mConsolidate compiler generated dependencies of target frame_transforms[0m
[3.710s] [35m[1mConsolidate compiler generated dependencies of target sensor_combined_listener[0m
[3.710s] [35m[1mConsolidate compiler generated dependencies of target offboard_control_enae788m[0m
[3.711s] [35m[1mConsolidate compiler generated dependencies of target offboard_control[0m
[3.711s] [35m[1mConsolidate compiler generated dependencies of target vehicle_gps_position_listener[0m
[3.711s] [35m[1mConsolidate compiler generated dependencies of target offboard_control_srv[0m
[3.714s] [35m[1mConsolidate compiler generated dependencies of target debug_vect_advertiser[0m
[3.714s] [35m[1mConsolidate compiler generated dependencies of target mavros_offboard[0m
[3.716s] [35m[1mConsolidate compiler generated dependencies of target offboard_control_square[0m
[3.721s] [ 11%] Built target frame_transforms
[3.721s] [ 22%] Built target offboard_control
[3.722s] [ 33%] Built target offboard_control_srv
[3.722s] [ 44%] Built target sensor_combined_listener
[3.723s] [ 55%] Built target offboard_control_enae788m
[3.723s] [ 61%] [32m[1mLinking CXX executable mavros_offboard[0m
[3.723s] [ 72%] Built target vehicle_gps_position_listener
[3.726s] [ 83%] Built target debug_vect_advertiser
[3.728s] [ 83%] Built target ament_cmake_python_symlink_px4_ros_com
[3.730s] [ 94%] Built target offboard_control_square
[3.843s] running egg_info
[3.850s] writing px4_ros_com.egg-info/PKG-INFO
[3.851s] writing dependency_links to px4_ros_com.egg-info/dependency_links.txt
[3.851s] writing top-level names to px4_ros_com.egg-info/top_level.txt
[3.871s] reading manifest file 'px4_ros_com.egg-info/SOURCES.txt'
[3.872s] writing manifest file 'px4_ros_com.egg-info/SOURCES.txt'
[3.890s] [ 94%] Built target ament_cmake_python_build_px4_ros_com_egg
[3.901s] /usr/bin/ld: /usr/lib/gcc/x86_64-linux-gnu/11/../../../x86_64-linux-gnu/Scrt1.o: in function `_start':
[3.901s] (.text+0x1b): undefined reference to `main'
[3.904s] collect2: error: ld returned 1 exit status
[3.905s] gmake[2]: *** [CMakeFiles/mavros_offboard.dir/build.make:199: mavros_offboard] Error 1
[3.906s] gmake[1]: *** [CMakeFiles/Makefile2:156: CMakeFiles/mavros_offboard.dir/all] Error 2
[3.906s] gmake: *** [Makefile:146: all] Error 2
[3.906s] Invoked command in '/root/ws_sensor_combined/build/px4_ros_com' returned '2': CMAKE_PREFIX_PATH=/root/ws_sensor_combined/install/px4_msgs:/root/ws_sensor_combined/install/px4_ros_com:/root/ws_sensor_combined/install/example_mode_with_executor_cpp:/root/ws_sensor_combined/install/example_mode_vtol_cpp:/root/ws_sensor_combined/install/example_mode_rtl_replacement_cpp:/root/ws_sensor_combined/install/example_mode_manual_cpp:/root/ws_sensor_combined/install/example_mode_goto_global_cpp:/root/ws_sensor_combined/install/example_mode_goto_cpp:/root/ws_sensor_combined/install/example_mode_fw_attitude_cpp:/root/ws_sensor_combined/install/example_local_navigation_cpp:/root/ws_sensor_combined/install/example_global_navigation_cpp:/root/ws_sensor_combined/install/example_executor_with_multiple_modes_cpp:/root/ws_sensor_combined/install/px4_ros2_cpp:/opt/ros/humble LD_LIBRARY_PATH=/root/ws_sensor_combined/install/px4_msgs/lib:/root/ws_sensor_combined/install/px4_ros_com/lib:/root/ws_sensor_combined/install/px4_ros2_cpp/lib:/opt/ros/humble/opt/rviz_ogre_vendor/lib:/opt/ros/humble/lib/x86_64-linux-gnu:/opt/ros/humble/lib /usr/bin/cmake --build /root/ws_sensor_combined/build/px4_ros_com -- -j20 -l20
