[0.041s] Invoking command in '/root/ws_sensor_combined/build/px4_ros_com': CMAKE_PREFIX_PATH=/root/ws_sensor_combined/install/px4_msgs:/root/ws_sensor_combined/install/px4_ros_com:/root/ws_sensor_combined/install/example_mode_with_executor_cpp:/root/ws_sensor_combined/install/example_mode_vtol_cpp:/root/ws_sensor_combined/install/example_mode_rtl_replacement_cpp:/root/ws_sensor_combined/install/example_mode_manual_cpp:/root/ws_sensor_combined/install/example_mode_goto_global_cpp:/root/ws_sensor_combined/install/example_mode_goto_cpp:/root/ws_sensor_combined/install/example_mode_fw_attitude_cpp:/root/ws_sensor_combined/install/example_local_navigation_cpp:/root/ws_sensor_combined/install/example_global_navigation_cpp:/root/ws_sensor_combined/install/example_executor_with_multiple_modes_cpp:/root/ws_sensor_combined/install/px4_ros2_cpp:/opt/ros/humble LD_LIBRARY_PATH=/root/ws_sensor_combined/install/px4_msgs/lib:/root/ws_sensor_combined/install/px4_ros_com/lib:/root/ws_sensor_combined/install/px4_ros2_cpp/lib:/opt/ros/humble/opt/rviz_ogre_vendor/lib:/opt/ros/humble/lib/x86_64-linux-gnu:/opt/ros/humble/lib /usr/bin/cmake --build /root/ws_sensor_combined/build/px4_ros_com -- -j20 -l20
[0.057s] -- Found ament_cmake: 1.3.12 (/opt/ros/humble/share/ament_cmake/cmake)
[0.171s] -- Override CMake install command with custom implementation using symlinks instead of copying resources
[0.181s] -- Found builtin_interfaces: 1.2.2 (/opt/ros/humble/share/builtin_interfaces/cmake)
[0.396s] -- Found rosidl_generator_c: 3.1.7 (/opt/ros/humble/share/rosidl_generator_c/cmake)
[0.399s] -- Found rosidl_adapter: 3.1.7 (/opt/ros/humble/share/rosidl_adapter/cmake)
[0.409s] -- Found rosidl_generator_cpp: 3.1.7 (/opt/ros/humble/share/rosidl_generator_cpp/cmake)
[0.424s] -- Using all available rosidl_typesupport_c: rosidl_typesupport_fastrtps_c;rosidl_typesupport_introspection_c
[0.441s] -- Using all available rosidl_typesupport_cpp: rosidl_typesupport_fastrtps_cpp;rosidl_typesupport_introspection_cpp
[0.462s] -- Found eigen3_cmake_module: 0.1.1 (/opt/ros/humble/share/eigen3_cmake_module/cmake)
[0.464s] -- Found px4_msgs: 2.0.1 (/root/ws_sensor_combined/install/px4_msgs/share/px4_msgs/cmake)
[0.479s] -- Found rclcpp: 16.0.14 (/opt/ros/humble/share/rclcpp/cmake)
[0.510s] -- Found rmw_implementation_cmake: 6.1.2 (/opt/ros/humble/share/rmw_implementation_cmake/cmake)
[0.510s] -- Found rmw_fastrtps_cpp: 6.2.8 (/opt/ros/humble/share/rmw_fastrtps_cpp/cmake)
[6.558s] -- Using RMW implementation 'rmw_fastrtps_cpp' as default
[6.607s] -- Found sensor_msgs: 4.9.0 (/opt/ros/humble/share/sensor_msgs/cmake)
[6.636s] -- Found rclpy: 3.3.17 (/opt/ros/humble/share/rclpy/cmake)
[6.636s] -- Found mavros_msgs: 2.12.0 (/opt/ros/humble/share/mavros_msgs/cmake)
[6.729s] -- Found ament_lint_auto: 0.12.14 (/opt/ros/humble/share/ament_lint_auto/cmake)
[6.813s] -- Added test 'copyright' to check source files copyright and LICENSE
[6.818s] -- Added test 'cppcheck' to perform static code analysis on C / C++ code
[6.819s] -- Configured cppcheck include dirs: /root/ws_sensor_combined/src/px4_ros_com/include;$<BUILD_INTERFACE:/root/ws_sensor_combined/src/px4_ros_com/include/px4_ros_com>
[6.819s] -- Configured cppcheck exclude dirs and/or files: 
[6.824s] -- Added test 'cpplint' to check C / C++ code against the Google style
[6.824s] -- Configured cpplint exclude dirs and/or files: 
[6.825s] -- Added test 'flake8' to check Python code syntax and style conventions
[6.827s] -- Added test 'lint_cmake' to check CMake code style
[6.828s] -- Added test 'pep257' to check Python code against some of the docstring style conventions in PEP 257
[6.833s] -- Added test 'uncrustify' to check C / C++ code style
[6.833s] -- Configured uncrustify additional arguments: 
[6.833s] -- Added test 'xmllint' to check XML markup files
[6.835s] -- Configuring done
[6.923s] -- Generating done
[6.945s] -- Build files have been written to: /root/ws_sensor_combined/build/px4_ros_com
[6.981s] [35m[1mConsolidate compiler generated dependencies of target frame_transforms[0m
[6.983s] [35m[1mConsolidate compiler generated dependencies of target sensor_combined_listener[0m
[6.983s] [35m[1mConsolidate compiler generated dependencies of target mavros_camera_test[0m
[7.003s] [35m[1mConsolidate compiler generated dependencies of target debug_vect_advertiser[0m
[7.003s] [35m[1mConsolidate compiler generated dependencies of target vehicle_gps_position_listener[0m
[7.003s] [35m[1mConsolidate compiler generated dependencies of target offboard_control_enae788m[0m
[7.009s] [35m[1mConsolidate compiler generated dependencies of target offboard_control[0m
[7.010s] [  5%] [32mBuilding CXX object CMakeFiles/mavros_camera_test.dir/src/examples/offboard/mavros_camera_test.cpp.o[0m
[7.012s] [35m[1mConsolidate compiler generated dependencies of target offboard_control_square[0m
[7.026s] [ 15%] Built target frame_transforms
[7.027s] [ 20%] [32mBuilding CXX object CMakeFiles/sensor_combined_listener.dir/src/examples/listeners/sensor_combined_listener.cpp.o[0m
[7.034s] [ 25%] [32mBuilding CXX object CMakeFiles/vehicle_gps_position_listener.dir/src/examples/listeners/vehicle_gps_position_listener.cpp.o[0m
[7.037s] [ 30%] [32mBuilding CXX object CMakeFiles/offboard_control_enae788m.dir/src/examples/offboard/offboard_control_enae788m.cpp.o[0m
[7.041s] [ 35%] [32mBuilding CXX object CMakeFiles/offboard_control_square.dir/src/examples/offboard/offboard_control_square.cpp.o[0m
[7.053s] [ 40%] [32mBuilding CXX object CMakeFiles/mavros_offboard_test.dir/src/examples/offboard/mavros_offboard_test.cpp.o[0m
[7.053s] [ 50%] Built target debug_vect_advertiser
[7.068s] [35m[1mConsolidate compiler generated dependencies of target offboard_control_srv[0m
[7.068s] [ 60%] Built target offboard_control
[7.123s] [ 70%] Built target offboard_control_srv
[7.133s] [ 70%] Built target ament_cmake_python_symlink_px4_ros_com
[7.481s] running egg_info
[7.510s] writing px4_ros_com.egg-info/PKG-INFO
[7.513s] writing dependency_links to px4_ros_com.egg-info/dependency_links.txt
[7.514s] writing top-level names to px4_ros_com.egg-info/top_level.txt
[7.575s] reading manifest file 'px4_ros_com.egg-info/SOURCES.txt'
[7.577s] writing manifest file 'px4_ros_com.egg-info/SOURCES.txt'
[7.736s] [ 70%] Built target ament_cmake_python_build_px4_ros_com_egg
