[0.118s] Invoking command in '/root/ws_sensor_combined/build/px4_ros_com': CMAKE_PREFIX_PATH=/root/ws_sensor_combined/install/px4_msgs:/root/ws_sensor_combined/install/px4_ros_com:/root/ws_sensor_combined/install/example_mode_with_executor_cpp:/root/ws_sensor_combined/install/example_mode_vtol_cpp:/root/ws_sensor_combined/install/example_mode_rtl_replacement_cpp:/root/ws_sensor_combined/install/example_mode_manual_cpp:/root/ws_sensor_combined/install/example_mode_goto_global_cpp:/root/ws_sensor_combined/install/example_mode_goto_cpp:/root/ws_sensor_combined/install/example_mode_fw_attitude_cpp:/root/ws_sensor_combined/install/example_local_navigation_cpp:/root/ws_sensor_combined/install/example_global_navigation_cpp:/root/ws_sensor_combined/install/example_executor_with_multiple_modes_cpp:/root/ws_sensor_combined/install/px4_ros2_cpp:/opt/ros/humble LD_LIBRARY_PATH=/root/ws_sensor_combined/install/px4_msgs/lib:/root/ws_sensor_combined/install/px4_ros_com/lib:/root/ws_sensor_combined/install/px4_ros2_cpp/lib:/opt/ros/humble/opt/rviz_ogre_vendor/lib:/opt/ros/humble/lib/x86_64-linux-gnu:/opt/ros/humble/lib /usr/bin/cmake --build /root/ws_sensor_combined/build/px4_ros_com -- -j20 -l20
[0.164s] [  5%] [32mBuilding CXX object CMakeFiles/mavros_offboard_test.dir/src/examples/offboard/mavros_offboard_test.cpp.o[0m
[0.165s] [ 15%] Built target debug_vect_advertiser
[0.165s] [ 25%] Built target frame_transforms
[0.166s] [ 25%] Built target ament_cmake_python_symlink_px4_ros_com
[0.166s] [ 30%] [32mBuilding CXX object CMakeFiles/vehicle_gps_position_listener.dir/src/examples/listeners/vehicle_gps_position_listener.cpp.o[0m
[0.167s] [ 35%] [32mBuilding CXX object CMakeFiles/offboard_control_square.dir/src/examples/offboard/offboard_control_square.cpp.o[0m
[0.170s] [ 40%] [32mBuilding CXX object CMakeFiles/mavros_camera_test.dir/src/examples/offboard/mavros_camera_test.cpp.o[0m
[0.170s] [ 45%] [32mBuilding CXX object CMakeFiles/offboard_control_enae788m.dir/src/examples/offboard/offboard_control_enae788m.cpp.o[0m
[0.171s] [ 55%] Built target offboard_control_srv
[0.172s] [ 60%] [32mBuilding CXX object CMakeFiles/sensor_combined_listener.dir/src/examples/listeners/sensor_combined_listener.cpp.o[0m
[0.172s] [ 70%] Built target offboard_control
[0.312s] running egg_info
[0.323s] writing px4_ros_com.egg-info/PKG-INFO
[0.324s] writing dependency_links to px4_ros_com.egg-info/dependency_links.txt
[0.324s] writing top-level names to px4_ros_com.egg-info/top_level.txt
[0.352s] reading manifest file 'px4_ros_com.egg-info/SOURCES.txt'
[0.353s] writing manifest file 'px4_ros_com.egg-info/SOURCES.txt'
[0.372s] [ 70%] Built target ament_cmake_python_build_px4_ros_com_egg
[10.646s] [ 75%] [32m[1mLinking CXX executable sensor_combined_listener[0m
[10.723s] [ 80%] [32m[1mLinking CXX executable vehicle_gps_position_listener[0m
[11.027s] [ 80%] Built target vehicle_gps_position_listener
[11.033s] [ 80%] Built target sensor_combined_listener
[12.020s] [ 85%] [32m[1mLinking CXX executable mavros_camera_test[0m
[12.381s] [ 85%] Built target mavros_camera_test
[12.508s] [ 90%] [32m[1mLinking CXX executable offboard_control_enae788m[0m
[12.903s] [ 90%] Built target offboard_control_enae788m
[13.792s] [ 95%] [32m[1mLinking CXX executable mavros_offboard_test[0m
[14.063s] [ 95%] Built target mavros_offboard_test
[22.504s] [100%] [32m[1mLinking CXX executable offboard_control_square[0m
[23.001s] [100%] Built target offboard_control_square
[23.011s] Invoked command in '/root/ws_sensor_combined/build/px4_ros_com' returned '0': CMAKE_PREFIX_PATH=/root/ws_sensor_combined/install/px4_msgs:/root/ws_sensor_combined/install/px4_ros_com:/root/ws_sensor_combined/install/example_mode_with_executor_cpp:/root/ws_sensor_combined/install/example_mode_vtol_cpp:/root/ws_sensor_combined/install/example_mode_rtl_replacement_cpp:/root/ws_sensor_combined/install/example_mode_manual_cpp:/root/ws_sensor_combined/install/example_mode_goto_global_cpp:/root/ws_sensor_combined/install/example_mode_goto_cpp:/root/ws_sensor_combined/install/example_mode_fw_attitude_cpp:/root/ws_sensor_combined/install/example_local_navigation_cpp:/root/ws_sensor_combined/install/example_global_navigation_cpp:/root/ws_sensor_combined/install/example_executor_with_multiple_modes_cpp:/root/ws_sensor_combined/install/px4_ros2_cpp:/opt/ros/humble LD_LIBRARY_PATH=/root/ws_sensor_combined/install/px4_msgs/lib:/root/ws_sensor_combined/install/px4_ros_com/lib:/root/ws_sensor_combined/install/px4_ros2_cpp/lib:/opt/ros/humble/opt/rviz_ogre_vendor/lib:/opt/ros/humble/lib/x86_64-linux-gnu:/opt/ros/humble/lib /usr/bin/cmake --build /root/ws_sensor_combined/build/px4_ros_com -- -j20 -l20
[23.020s] Invoking command in '/root/ws_sensor_combined/build/px4_ros_com': CMAKE_PREFIX_PATH=/root/ws_sensor_combined/install/px4_msgs:/root/ws_sensor_combined/install/px4_ros_com:/root/ws_sensor_combined/install/example_mode_with_executor_cpp:/root/ws_sensor_combined/install/example_mode_vtol_cpp:/root/ws_sensor_combined/install/example_mode_rtl_replacement_cpp:/root/ws_sensor_combined/install/example_mode_manual_cpp:/root/ws_sensor_combined/install/example_mode_goto_global_cpp:/root/ws_sensor_combined/install/example_mode_goto_cpp:/root/ws_sensor_combined/install/example_mode_fw_attitude_cpp:/root/ws_sensor_combined/install/example_local_navigation_cpp:/root/ws_sensor_combined/install/example_global_navigation_cpp:/root/ws_sensor_combined/install/example_executor_with_multiple_modes_cpp:/root/ws_sensor_combined/install/px4_ros2_cpp:/opt/ros/humble LD_LIBRARY_PATH=/root/ws_sensor_combined/install/px4_msgs/lib:/root/ws_sensor_combined/install/px4_ros_com/lib:/root/ws_sensor_combined/install/px4_ros2_cpp/lib:/opt/ros/humble/opt/rviz_ogre_vendor/lib:/opt/ros/humble/lib/x86_64-linux-gnu:/opt/ros/humble/lib /usr/bin/cmake --install /root/ws_sensor_combined/build/px4_ros_com
[23.025s] -- Install configuration: "RelWithDebInfo"
[23.025s] -- Execute custom install script
[23.026s] -- Up-to-date symlink: /root/ws_sensor_combined/install/px4_ros_com/lib/px4_ros_com/mavros_camera_test
[23.026s] -- Up-to-date symlink: /root/ws_sensor_combined/install/px4_ros_com/lib/px4_ros_com/sensor_combined_listener
[23.027s] -- Up-to-date symlink: /root/ws_sensor_combined/install/px4_ros_com/lib/px4_ros_com/vehicle_gps_position_listener
[23.027s] -- Up-to-date symlink: /root/ws_sensor_combined/install/px4_ros_com/lib/px4_ros_com/debug_vect_advertiser
[23.028s] -- Up-to-date symlink: /root/ws_sensor_combined/install/px4_ros_com/lib/px4_ros_com/offboard_control
[23.028s] -- Up-to-date symlink: /root/ws_sensor_combined/install/px4_ros_com/lib/px4_ros_com/offboard_control_enae788m
[23.028s] -- Up-to-date symlink: /root/ws_sensor_combined/install/px4_ros_com/lib/px4_ros_com/offboard_control_square
[23.028s] -- Symlinking: /root/ws_sensor_combined/install/px4_ros_com/lib/px4_ros_com/mavros_offboard_test
[23.034s] -- Up-to-date symlink: /root/ws_sensor_combined/install/px4_ros_com/lib/px4_ros_com/offboard_control_srv
[23.034s] -- Up-to-date symlink: /root/ws_sensor_combined/install/px4_ros_com/share/px4_ros_com/environment/library_path.sh
[23.034s] -- Up-to-date symlink: /root/ws_sensor_combined/install/px4_ros_com/share/px4_ros_com/environment/library_path.dsv
[23.035s] -- Up-to-date symlink: /root/ws_sensor_combined/install/px4_ros_com/include/px4_ros_com/frame_transforms.h
[23.035s] -- Up-to-date symlink: /root/ws_sensor_combined/install/px4_ros_com/share/px4_ros_com//launch/offboard_control_launch.yaml
[23.035s] -- Up-to-date symlink: /root/ws_sensor_combined/install/px4_ros_com/share/px4_ros_com//launch/sensor_combined_listener.launch.py
[23.035s] -- Up-to-date symlink: /root/ws_sensor_combined/install/px4_ros_com/share/px4_ros_com//test/__init__.py
[23.035s] -- Up-to-date symlink: /root/ws_sensor_combined/install/px4_ros_com/share/px4_ros_com//test/pipeline_io_test.py
[23.035s] -- Up-to-date symlink: /root/ws_sensor_combined/install/px4_ros_com/share/px4_ros_com//test/test_input.py
[23.035s] -- Up-to-date symlink: /root/ws_sensor_combined/install/px4_ros_com/share/px4_ros_com//test/test_output.py
[23.035s] -- Up-to-date symlink: /root/ws_sensor_combined/install/px4_ros_com/share/px4_ros_com/environment/pythonpath.sh
[23.036s] -- Up-to-date symlink: /root/ws_sensor_combined/install/px4_ros_com/share/px4_ros_com/environment/pythonpath.dsv
[23.036s] -- Up-to-date symlink: /root/ws_sensor_combined/install/px4_ros_com/local/lib/python3.10/dist-packages/px4_ros_com-0.1.0-py3.10.egg-info/PKG-INFO
[23.036s] -- Up-to-date symlink: /root/ws_sensor_combined/install/px4_ros_com/local/lib/python3.10/dist-packages/px4_ros_com-0.1.0-py3.10.egg-info/SOURCES.txt
[23.036s] -- Up-to-date symlink: /root/ws_sensor_combined/install/px4_ros_com/local/lib/python3.10/dist-packages/px4_ros_com-0.1.0-py3.10.egg-info/dependency_links.txt
[23.036s] -- Up-to-date symlink: /root/ws_sensor_combined/install/px4_ros_com/local/lib/python3.10/dist-packages/px4_ros_com-0.1.0-py3.10.egg-info/top_level.txt
[23.036s] -- Up-to-date symlink: /root/ws_sensor_combined/install/px4_ros_com/local/lib/python3.10/dist-packages/px4_ros_com/__init__.py
[23.036s] -- Up-to-date symlink: /root/ws_sensor_combined/install/px4_ros_com/local/lib/python3.10/dist-packages/px4_ros_com/module_to_import.py
[23.036s] -- Up-to-date symlink: /root/ws_sensor_combined/install/px4_ros_com/lib/px4_ros_com/offboard_control.py
[23.036s] -- Up-to-date symlink: /root/ws_sensor_combined/install/px4_ros_com/share/ament_index/resource_index/package_run_dependencies/px4_ros_com
[23.036s] -- Up-to-date symlink: /root/ws_sensor_combined/install/px4_ros_com/share/ament_index/resource_index/parent_prefix_path/px4_ros_com
[23.037s] -- Up-to-date symlink: /root/ws_sensor_combined/install/px4_ros_com/share/px4_ros_com/environment/ament_prefix_path.sh
[23.037s] -- Up-to-date symlink: /root/ws_sensor_combined/install/px4_ros_com/share/px4_ros_com/environment/ament_prefix_path.dsv
[23.037s] -- Up-to-date symlink: /root/ws_sensor_combined/install/px4_ros_com/share/px4_ros_com/environment/path.sh
[23.037s] -- Up-to-date symlink: /root/ws_sensor_combined/install/px4_ros_com/share/px4_ros_com/environment/path.dsv
[23.037s] -- Up-to-date symlink: /root/ws_sensor_combined/install/px4_ros_com/share/px4_ros_com/local_setup.bash
[23.037s] -- Up-to-date symlink: /root/ws_sensor_combined/install/px4_ros_com/share/px4_ros_com/local_setup.sh
[23.037s] -- Up-to-date symlink: /root/ws_sensor_combined/install/px4_ros_com/share/px4_ros_com/local_setup.zsh
[23.037s] -- Up-to-date symlink: /root/ws_sensor_combined/install/px4_ros_com/share/px4_ros_com/local_setup.dsv
[23.037s] -- Symlinking: /root/ws_sensor_combined/install/px4_ros_com/share/px4_ros_com/package.dsv
[23.043s] -- Up-to-date symlink: /root/ws_sensor_combined/install/px4_ros_com/share/ament_index/resource_index/packages/px4_ros_com
[23.043s] -- Up-to-date symlink: /root/ws_sensor_combined/install/px4_ros_com/share/px4_ros_com/cmake/ament_cmake_export_dependencies-extras.cmake
[23.043s] -- Up-to-date symlink: /root/ws_sensor_combined/install/px4_ros_com/share/px4_ros_com/cmake/ament_cmake_export_targets-extras.cmake
[23.043s] -- Up-to-date symlink: /root/ws_sensor_combined/install/px4_ros_com/share/px4_ros_com/cmake/ament_cmake_export_include_directories-extras.cmake
[23.043s] -- Up-to-date symlink: /root/ws_sensor_combined/install/px4_ros_com/share/px4_ros_com/cmake/ament_cmake_export_libraries-extras.cmake
[23.043s] -- Up-to-date symlink: /root/ws_sensor_combined/install/px4_ros_com/share/px4_ros_com/cmake/px4_ros_comConfig.cmake
[23.043s] -- Up-to-date symlink: /root/ws_sensor_combined/install/px4_ros_com/share/px4_ros_com/cmake/px4_ros_comConfig-version.cmake
[23.043s] -- Up-to-date symlink: /root/ws_sensor_combined/install/px4_ros_com/share/px4_ros_com/package.xml
[23.043s] -- Installing: /root/ws_sensor_combined/install/px4_ros_com/lib/libframe_transforms.so
[23.050s] -- Set runtime path of "/root/ws_sensor_combined/install/px4_ros_com/lib/libframe_transforms.so" to ""
[23.071s] Listing '/root/ws_sensor_combined/install/px4_ros_com/local/lib/python3.10/dist-packages/px4_ros_com'...
[23.074s] -- Up-to-date: /root/ws_sensor_combined/install/px4_ros_com/share/px4_ros_com/cmake/export_frame_transformsExport.cmake
[23.075s] -- Up-to-date: /root/ws_sensor_combined/install/px4_ros_com/share/px4_ros_com/cmake/export_frame_transformsExport-relwithdebinfo.cmake
[23.077s] Invoked command in '/root/ws_sensor_combined/build/px4_ros_com' returned '0': CMAKE_PREFIX_PATH=/root/ws_sensor_combined/install/px4_msgs:/root/ws_sensor_combined/install/px4_ros_com:/root/ws_sensor_combined/install/example_mode_with_executor_cpp:/root/ws_sensor_combined/install/example_mode_vtol_cpp:/root/ws_sensor_combined/install/example_mode_rtl_replacement_cpp:/root/ws_sensor_combined/install/example_mode_manual_cpp:/root/ws_sensor_combined/install/example_mode_goto_global_cpp:/root/ws_sensor_combined/install/example_mode_goto_cpp:/root/ws_sensor_combined/install/example_mode_fw_attitude_cpp:/root/ws_sensor_combined/install/example_local_navigation_cpp:/root/ws_sensor_combined/install/example_global_navigation_cpp:/root/ws_sensor_combined/install/example_executor_with_multiple_modes_cpp:/root/ws_sensor_combined/install/px4_ros2_cpp:/opt/ros/humble LD_LIBRARY_PATH=/root/ws_sensor_combined/install/px4_msgs/lib:/root/ws_sensor_combined/install/px4_ros_com/lib:/root/ws_sensor_combined/install/px4_ros2_cpp/lib:/opt/ros/humble/opt/rviz_ogre_vendor/lib:/opt/ros/humble/lib/x86_64-linux-gnu:/opt/ros/humble/lib /usr/bin/cmake --install /root/ws_sensor_combined/build/px4_ros_com
