[0.032s] Invoking command in '/root/ws_sensor_combined/build/px4_ros_com': AMENT_PREFIX_PATH=/root/ws_sensor_combined/install/px4_msgs:${AMENT_PREFIX_PATH} CMAKE_PREFIX_PATH=/root/ws_sensor_combined/install/px4_msgs:/opt/ros/humble LD_LIBRARY_PATH=/root/ws_sensor_combined/install/px4_msgs/lib:${LD_LIBRARY_PATH} PYTHONPATH=/root/ws_sensor_combined/install/px4_msgs/local/lib/python3.10/dist-packages:${PYTHONPATH} /usr/bin/cmake --build /root/ws_sensor_combined/build/px4_ros_com -- -j20 -l20
[0.047s] -- Found ament_cmake: 1.3.12 (/opt/ros/humble/share/ament_cmake/cmake)
[0.130s] -- Override CMake install command with custom implementation using symlinks instead of copying resources
[0.139s] -- Found builtin_interfaces: 1.2.2 (/opt/ros/humble/share/builtin_interfaces/cmake)
[0.286s] -- Found rosidl_generator_c: 3.1.7 (/opt/ros/humble/share/rosidl_generator_c/cmake)
[0.286s] -- Found rosidl_adapter: 3.1.7 (/opt/ros/humble/share/rosidl_adapter/cmake)
[0.290s] -- Found rosidl_generator_cpp: 3.1.7 (/opt/ros/humble/share/rosidl_generator_cpp/cmake)
[0.298s] -- Using all available rosidl_typesupport_c: rosidl_typesupport_fastrtps_c;rosidl_typesupport_introspection_c
[0.304s] -- Using all available rosidl_typesupport_cpp: rosidl_typesupport_fastrtps_cpp;rosidl_typesupport_introspection_cpp
[0.315s] -- Found eigen3_cmake_module: 0.1.1 (/opt/ros/humble/share/eigen3_cmake_module/cmake)
[0.315s] -- Found geometry_msgs: 4.9.0 (/opt/ros/humble/share/geometry_msgs/cmake)
[0.341s] -- Found px4_msgs: 2.0.1 (/root/ws_sensor_combined/install/px4_msgs/share/px4_msgs/cmake)
[0.350s] -- Found rclcpp: 16.0.14 (/opt/ros/humble/share/rclcpp/cmake)
[0.367s] -- Found rmw_implementation_cmake: 6.1.2 (/opt/ros/humble/share/rmw_implementation_cmake/cmake)
[0.367s] -- Found rmw_fastrtps_cpp: 6.2.8 (/opt/ros/humble/share/rmw_fastrtps_cpp/cmake)
[3.842s] -- Using RMW implementation 'rmw_fastrtps_cpp' as default
[3.864s] -- Found sensor_msgs: 4.9.0 (/opt/ros/humble/share/sensor_msgs/cmake)
[3.872s] -- Found rclpy: 3.3.17 (/opt/ros/humble/share/rclpy/cmake)
[3.881s] -- Found ament_lint_auto: 0.12.14 (/opt/ros/humble/share/ament_lint_auto/cmake)
[3.929s] -- Added test 'copyright' to check source files copyright and LICENSE
[3.931s] -- Added test 'cppcheck' to perform static code analysis on C / C++ code
[3.931s] -- Configured cppcheck include dirs: /root/ws_sensor_combined/src/px4_ros_com/include;$<BUILD_INTERFACE:/root/ws_sensor_combined/src/px4_ros_com/include/px4_ros_com>
[3.931s] -- Configured cppcheck exclude dirs and/or files: 
[3.933s] -- Added test 'cpplint' to check C / C++ code against the Google style
[3.933s] -- Configured cpplint exclude dirs and/or files: 
[3.933s] -- Added test 'flake8' to check Python code syntax and style conventions
[3.934s] -- Added test 'lint_cmake' to check CMake code style
[3.934s] -- Added test 'pep257' to check Python code against some of the docstring style conventions in PEP 257
[3.936s] -- Added test 'uncrustify' to check C / C++ code style
[3.936s] -- Configured uncrustify additional arguments: 
[3.936s] -- Added test 'xmllint' to check XML markup files
[3.939s] -- Configuring done
[3.972s] -- Generating done
[3.979s] -- Build files have been written to: /root/ws_sensor_combined/build/px4_ros_com
[3.997s] [35m[1mConsolidate compiler generated dependencies of target vehicle_gps_position_listener[0m
[3.997s] [35m[1mConsolidate compiler generated dependencies of target frame_transforms[0m
[3.997s] [35m[1mConsolidate compiler generated dependencies of target sensor_combined_listener[0m
[3.998s] [35m[1mConsolidate compiler generated dependencies of target debug_vect_advertiser[0m
[3.999s] [35m[1mConsolidate compiler generated dependencies of target offboard_control[0m
[4.000s] [35m[1mConsolidate compiler generated dependencies of target offboard_control_square[0m
[4.003s] [35m[1mConsolidate compiler generated dependencies of target offboard_control_enae788m[0m
[4.003s] [35m[1mConsolidate compiler generated dependencies of target offboard_control_srv[0m
[4.004s] [ 12%] Built target frame_transforms
[4.006s] [ 25%] Built target sensor_combined_listener
[4.007s] [ 37%] Built target debug_vect_advertiser
[4.008s] failed to create symbolic link '/root/ws_sensor_combined/build/px4_ros_com/ament_cmake_python/px4_ros_com/px4_ros_com' because existing path cannot be removed: Is a directory
[4.008s] [ 50%] Built target vehicle_gps_position_listener
[4.008s] gmake[2]: *** [CMakeFiles/ament_cmake_python_symlink_px4_ros_com.dir/build.make:70: CMakeFiles/ament_cmake_python_symlink_px4_ros_com] Error 1
[4.009s] gmake[1]: *** [CMakeFiles/Makefile2:362: CMakeFiles/ament_cmake_python_symlink_px4_ros_com.dir/all] Error 2
[4.009s] gmake[1]: *** Waiting for unfinished jobs....
[4.010s] [ 62%] Built target offboard_control
[4.012s] [ 68%] [32mBuilding CXX object CMakeFiles/offboard_control_square.dir/src/examples/offboard/offboard_control_square.cpp.o[0m
[4.013s] [ 81%] Built target offboard_control_srv
[4.015s] [ 93%] Built target offboard_control_enae788m
[24.359s] [100%] [32m[1mLinking CXX executable offboard_control_square[0m
[24.763s] [100%] Built target offboard_control_square
[24.763s] gmake: *** [Makefile:146: all] Error 2
[24.765s] Invoked command in '/root/ws_sensor_combined/build/px4_ros_com' returned '2': AMENT_PREFIX_PATH=/root/ws_sensor_combined/install/px4_msgs:${AMENT_PREFIX_PATH} CMAKE_PREFIX_PATH=/root/ws_sensor_combined/install/px4_msgs:/opt/ros/humble LD_LIBRARY_PATH=/root/ws_sensor_combined/install/px4_msgs/lib:${LD_LIBRARY_PATH} PYTHONPATH=/root/ws_sensor_combined/install/px4_msgs/local/lib/python3.10/dist-packages:${PYTHONPATH} /usr/bin/cmake --build /root/ws_sensor_combined/build/px4_ros_com -- -j20 -l20
