[0.081s] Invoking command in '/root/ws_sensor_combined/build/px4_ros_com': CMAKE_PREFIX_PATH=/root/ws_sensor_combined/install/px4_msgs:/root/ws_sensor_combined/install/px4_ros_com:/root/ws_sensor_combined/install/example_mode_with_executor_cpp:/root/ws_sensor_combined/install/example_mode_vtol_cpp:/root/ws_sensor_combined/install/example_mode_rtl_replacement_cpp:/root/ws_sensor_combined/install/example_mode_manual_cpp:/root/ws_sensor_combined/install/example_mode_goto_global_cpp:/root/ws_sensor_combined/install/example_mode_goto_cpp:/root/ws_sensor_combined/install/example_mode_fw_attitude_cpp:/root/ws_sensor_combined/install/example_local_navigation_cpp:/root/ws_sensor_combined/install/example_global_navigation_cpp:/root/ws_sensor_combined/install/example_executor_with_multiple_modes_cpp:/root/ws_sensor_combined/install/px4_ros2_cpp:/opt/ros/humble LD_LIBRARY_PATH=/root/ws_sensor_combined/install/px4_msgs/lib:/root/ws_sensor_combined/install/px4_ros_com/lib:/root/ws_sensor_combined/install/px4_ros2_cpp/lib:/opt/ros/humble/opt/rviz_ogre_vendor/lib:/opt/ros/humble/lib/x86_64-linux-gnu:/opt/ros/humble/lib /usr/bin/cmake --build /root/ws_sensor_combined/build/px4_ros_com -- -j20 -l20
[0.130s] [  4%] [32mBuilding CXX object CMakeFiles/mavros_camera_test.dir/src/examples/offboard/mavros_camera_test.cpp.o[0m
[0.130s] [  9%] [32mBuilding CXX object CMakeFiles/vehicle_gps_position_listener.dir/src/examples/listeners/vehicle_gps_position_listener.cpp.o[0m
[0.130s] [ 13%] [32mBuilding CXX object CMakeFiles/frame_transforms.dir/src/lib/frame_transforms.cpp.o[0m
[0.131s] [ 22%] [32mBuilding CXX object CMakeFiles/offboard_control.dir/src/examples/offboard/offboard_control.cpp.o[0m
[0.131s] [ 22%] [32mBuilding CXX object CMakeFiles/sensor_combined_listener.dir/src/examples/listeners/sensor_combined_listener.cpp.o[0m
[0.131s] [ 27%] [32mBuilding CXX object CMakeFiles/offboard_control_square.dir/src/examples/offboard/offboard_control_square.cpp.o[0m
[0.132s] [ 31%] [32mBuilding CXX object CMakeFiles/offboard_control_enae788m.dir/src/examples/offboard/offboard_control_enae788m.cpp.o[0m
[0.132s] [ 36%] [32mBuilding CXX object CMakeFiles/debug_vect_advertiser.dir/src/examples/advertisers/debug_vect_advertiser.cpp.o[0m
[0.133s] [ 40%] [32mBuilding CXX object CMakeFiles/offboard_control_square_2.dir/src/examples/offboard/offboard_control_square_2.cpp.o[0m
[0.135s] [ 45%] [32mBuilding CXX object CMakeFiles/mavros_offboard_test.dir/src/examples/offboard/mavros_offboard_test.cpp.o[0m
[0.136s] [ 50%] [32mBuilding CXX object CMakeFiles/offboard_control_srv.dir/src/examples/offboard/offboard_control_srv.cpp.o[0m
[0.140s] [ 50%] Built target ament_cmake_python_symlink_px4_ros_com
[0.445s] running egg_info
[0.469s] writing px4_ros_com.egg-info/PKG-INFO
[0.470s] writing dependency_links to px4_ros_com.egg-info/dependency_links.txt
[0.472s] writing top-level names to px4_ros_com.egg-info/top_level.txt
[0.520s] reading manifest file 'px4_ros_com.egg-info/SOURCES.txt'
[0.522s] writing manifest file 'px4_ros_com.egg-info/SOURCES.txt'
[0.588s] [ 50%] Built target ament_cmake_python_build_px4_ros_com_egg
