[0.373s] Invoking command in '/root/ws_sensor_combined/build/example_mode_goto_global_cpp': AMENT_PREFIX_PATH=/root/ws_sensor_combined/install/px4_ros2_cpp:/root/ws_sensor_combined/install/px4_msgs:${AMENT_PREFIX_PATH} CMAKE_PREFIX_PATH=/root/ws_sensor_combined/install/px4_ros2_cpp:/root/ws_sensor_combined/install/px4_msgs:/opt/ros/humble LD_LIBRARY_PATH=/root/ws_sensor_combined/install/px4_ros2_cpp/lib:/root/ws_sensor_combined/install/px4_msgs/lib:${LD_LIBRARY_PATH} PYTHONPATH=/root/ws_sensor_combined/install/px4_msgs/local/lib/python3.10/dist-packages:${PYTHONPATH} /usr/bin/cmake --build /root/ws_sensor_combined/build/example_mode_goto_global_cpp -- -j20 -l20
[0.523s] [100%] Built target example_mode_goto_global
[0.620s] Invoked command in '/root/ws_sensor_combined/build/example_mode_goto_global_cpp' returned '0': AMENT_PREFIX_PATH=/root/ws_sensor_combined/install/px4_ros2_cpp:/root/ws_sensor_combined/install/px4_msgs:${AMENT_PREFIX_PATH} CMAKE_PREFIX_PATH=/root/ws_sensor_combined/install/px4_ros2_cpp:/root/ws_sensor_combined/install/px4_msgs:/opt/ros/humble LD_LIBRARY_PATH=/root/ws_sensor_combined/install/px4_ros2_cpp/lib:/root/ws_sensor_combined/install/px4_msgs/lib:${LD_LIBRARY_PATH} PYTHONPATH=/root/ws_sensor_combined/install/px4_msgs/local/lib/python3.10/dist-packages:${PYTHONPATH} /usr/bin/cmake --build /root/ws_sensor_combined/build/example_mode_goto_global_cpp -- -j20 -l20
[0.624s] Invoking command in '/root/ws_sensor_combined/build/example_mode_goto_global_cpp': AMENT_PREFIX_PATH=/root/ws_sensor_combined/install/px4_ros2_cpp:/root/ws_sensor_combined/install/px4_msgs:${AMENT_PREFIX_PATH} CMAKE_PREFIX_PATH=/root/ws_sensor_combined/install/px4_ros2_cpp:/root/ws_sensor_combined/install/px4_msgs:/opt/ros/humble LD_LIBRARY_PATH=/root/ws_sensor_combined/install/px4_ros2_cpp/lib:/root/ws_sensor_combined/install/px4_msgs/lib:${LD_LIBRARY_PATH} PYTHONPATH=/root/ws_sensor_combined/install/px4_msgs/local/lib/python3.10/dist-packages:${PYTHONPATH} /usr/bin/cmake --install /root/ws_sensor_combined/build/example_mode_goto_global_cpp
[0.642s] -- Install configuration: ""
[0.643s] -- Up-to-date: /root/ws_sensor_combined/install/example_mode_goto_global_cpp/lib/example_mode_goto_global_cpp/example_mode_goto_global
[0.643s] -- Up-to-date: /root/ws_sensor_combined/install/example_mode_goto_global_cpp/share/ament_index/resource_index/package_run_dependencies/example_mode_goto_global_cpp
[0.643s] -- Up-to-date: /root/ws_sensor_combined/install/example_mode_goto_global_cpp/share/ament_index/resource_index/parent_prefix_path/example_mode_goto_global_cpp
[0.645s] -- Up-to-date: /root/ws_sensor_combined/install/example_mode_goto_global_cpp/share/example_mode_goto_global_cpp/environment/ament_prefix_path.sh
[0.646s] -- Up-to-date: /root/ws_sensor_combined/install/example_mode_goto_global_cpp/share/example_mode_goto_global_cpp/environment/ament_prefix_path.dsv
[0.646s] -- Up-to-date: /root/ws_sensor_combined/install/example_mode_goto_global_cpp/share/example_mode_goto_global_cpp/environment/path.sh
[0.646s] -- Up-to-date: /root/ws_sensor_combined/install/example_mode_goto_global_cpp/share/example_mode_goto_global_cpp/environment/path.dsv
[0.651s] -- Up-to-date: /root/ws_sensor_combined/install/example_mode_goto_global_cpp/share/example_mode_goto_global_cpp/local_setup.bash
[0.651s] -- Up-to-date: /root/ws_sensor_combined/install/example_mode_goto_global_cpp/share/example_mode_goto_global_cpp/local_setup.sh
[0.651s] -- Up-to-date: /root/ws_sensor_combined/install/example_mode_goto_global_cpp/share/example_mode_goto_global_cpp/local_setup.zsh
[0.651s] -- Up-to-date: /root/ws_sensor_combined/install/example_mode_goto_global_cpp/share/example_mode_goto_global_cpp/local_setup.dsv
[0.652s] -- Installing: /root/ws_sensor_combined/install/example_mode_goto_global_cpp/share/example_mode_goto_global_cpp/package.dsv
[0.652s] -- Up-to-date: /root/ws_sensor_combined/install/example_mode_goto_global_cpp/share/ament_index/resource_index/packages/example_mode_goto_global_cpp
[0.654s] -- Up-to-date: /root/ws_sensor_combined/install/example_mode_goto_global_cpp/share/example_mode_goto_global_cpp/cmake/example_mode_goto_global_cppConfig.cmake
[0.655s] -- Up-to-date: /root/ws_sensor_combined/install/example_mode_goto_global_cpp/share/example_mode_goto_global_cpp/cmake/example_mode_goto_global_cppConfig-version.cmake
[0.656s] -- Up-to-date: /root/ws_sensor_combined/install/example_mode_goto_global_cpp/share/example_mode_goto_global_cpp/package.xml
[0.749s] Invoked command in '/root/ws_sensor_combined/build/example_mode_goto_global_cpp' returned '0': AMENT_PREFIX_PATH=/root/ws_sensor_combined/install/px4_ros2_cpp:/root/ws_sensor_combined/install/px4_msgs:${AMENT_PREFIX_PATH} CMAKE_PREFIX_PATH=/root/ws_sensor_combined/install/px4_ros2_cpp:/root/ws_sensor_combined/install/px4_msgs:/opt/ros/humble LD_LIBRARY_PATH=/root/ws_sensor_combined/install/px4_ros2_cpp/lib:/root/ws_sensor_combined/install/px4_msgs/lib:${LD_LIBRARY_PATH} PYTHONPATH=/root/ws_sensor_combined/install/px4_msgs/local/lib/python3.10/dist-packages:${PYTHONPATH} /usr/bin/cmake --install /root/ws_sensor_combined/build/example_mode_goto_global_cpp
