[0.036s] Invoking command in '/root/ws_sensor_combined/build/px4_ros_com': CMAKE_PREFIX_PATH=/root/ws_sensor_combined/install/px4_msgs:/root/ws_sensor_combined/install/px4_ros_com:/root/ws_sensor_combined/install/example_mode_with_executor_cpp:/root/ws_sensor_combined/install/example_mode_vtol_cpp:/root/ws_sensor_combined/install/example_mode_rtl_replacement_cpp:/root/ws_sensor_combined/install/example_mode_manual_cpp:/root/ws_sensor_combined/install/example_mode_goto_global_cpp:/root/ws_sensor_combined/install/example_mode_goto_cpp:/root/ws_sensor_combined/install/example_mode_fw_attitude_cpp:/root/ws_sensor_combined/install/example_local_navigation_cpp:/root/ws_sensor_combined/install/example_global_navigation_cpp:/root/ws_sensor_combined/install/example_executor_with_multiple_modes_cpp:/root/ws_sensor_combined/install/px4_ros2_cpp:/opt/ros/humble LD_LIBRARY_PATH=/root/ws_sensor_combined/install/px4_msgs/lib:/root/ws_sensor_combined/install/px4_ros_com/lib:/root/ws_sensor_combined/install/px4_ros2_cpp/lib:/opt/ros/humble/opt/rviz_ogre_vendor/lib:/opt/ros/humble/lib/x86_64-linux-gnu:/opt/ros/humble/lib /usr/bin/cmake --build /root/ws_sensor_combined/build/px4_ros_com -- -j20 -l20
[0.050s] -- Found ament_cmake: 1.3.12 (/opt/ros/humble/share/ament_cmake/cmake)
[0.147s] -- Found builtin_interfaces: 1.2.2 (/opt/ros/humble/share/builtin_interfaces/cmake)
[0.290s] -- Found rosidl_generator_c: 3.1.7 (/opt/ros/humble/share/rosidl_generator_c/cmake)
[0.294s] -- Found rosidl_adapter: 3.1.7 (/opt/ros/humble/share/rosidl_adapter/cmake)
[0.302s] -- Found rosidl_generator_cpp: 3.1.7 (/opt/ros/humble/share/rosidl_generator_cpp/cmake)
[0.312s] -- Using all available rosidl_typesupport_c: rosidl_typesupport_fastrtps_c;rosidl_typesupport_introspection_c
[0.329s] -- Using all available rosidl_typesupport_cpp: rosidl_typesupport_fastrtps_cpp;rosidl_typesupport_introspection_cpp
[0.333s] -- Found eigen3_cmake_module: 0.1.1 (/opt/ros/humble/share/eigen3_cmake_module/cmake)
[0.334s] -- Found geometry_msgs: 4.9.0 (/opt/ros/humble/share/geometry_msgs/cmake)
[0.352s] -- Found px4_msgs: 2.0.1 (/root/ws_sensor_combined/install/px4_msgs/share/px4_msgs/cmake)
[0.357s] -- Found rclcpp: 16.0.14 (/opt/ros/humble/share/rclcpp/cmake)
[0.374s] -- Found rmw_implementation_cmake: 6.1.2 (/opt/ros/humble/share/rmw_implementation_cmake/cmake)
[0.375s] -- Found rmw_fastrtps_cpp: 6.2.8 (/opt/ros/humble/share/rmw_fastrtps_cpp/cmake)
[3.647s] -- Using RMW implementation 'rmw_fastrtps_cpp' as default
[3.670s] -- Found sensor_msgs: 4.9.0 (/opt/ros/humble/share/sensor_msgs/cmake)
[3.679s] -- Found rclpy: 3.3.17 (/opt/ros/humble/share/rclpy/cmake)
[3.686s] -- Found ament_lint_auto: 0.12.14 (/opt/ros/humble/share/ament_lint_auto/cmake)
[3.733s] -- Added test 'copyright' to check source files copyright and LICENSE
[3.734s] -- Added test 'cppcheck' to perform static code analysis on C / C++ code
[3.735s] -- Configured cppcheck include dirs: /root/ws_sensor_combined/src/px4_ros_com/include;$<BUILD_INTERFACE:/root/ws_sensor_combined/src/px4_ros_com/include/px4_ros_com>
[3.735s] -- Configured cppcheck exclude dirs and/or files: 
[3.737s] -- Added test 'cpplint' to check C / C++ code against the Google style
[3.737s] -- Configured cpplint exclude dirs and/or files: 
[3.737s] -- Added test 'flake8' to check Python code syntax and style conventions
[3.738s] -- Added test 'lint_cmake' to check CMake code style
[3.738s] -- Added test 'pep257' to check Python code against some of the docstring style conventions in PEP 257
[3.740s] -- Added test 'uncrustify' to check C / C++ code style
[3.740s] -- Configured uncrustify additional arguments: 
[3.740s] -- Added test 'xmllint' to check XML markup files
[3.741s] -- Configuring done
[3.759s] -- Generating done
[3.767s] -- Build files have been written to: /root/ws_sensor_combined/build/px4_ros_com
[3.788s] [35m[1mConsolidate compiler generated dependencies of target sensor_combined_listener[0m
[3.788s] [35m[1mConsolidate compiler generated dependencies of target frame_transforms[0m
[3.788s] [35m[1mConsolidate compiler generated dependencies of target debug_vect_advertiser[0m
[3.790s] [35m[1mConsolidate compiler generated dependencies of target offboard_control[0m
[3.792s] [35m[1mConsolidate compiler generated dependencies of target offboard_control_srv[0m
[3.794s] [35m[1mConsolidate compiler generated dependencies of target vehicle_gps_position_listener[0m
[3.795s] [  6%] [32mBuilding CXX object CMakeFiles/offboard_control_square.dir/src/examples/offboard/offboard_control_square.cpp.o[0m
[3.796s] [35m[1mConsolidate compiler generated dependencies of target offboard_control_enae788m[0m
[3.799s] [ 18%] Built target frame_transforms
[3.799s] [ 25%] [32mBuilding CXX object CMakeFiles/offboard_control.dir/src/examples/offboard/offboard_control.cpp.o[0m
[3.801s] [ 37%] Built target debug_vect_advertiser
[3.802s] [ 50%] Built target offboard_control_srv
[3.802s] [ 50%] Built target ament_cmake_python_copy_px4_ros_com
[3.802s] [ 62%] Built target sensor_combined_listener
[3.810s] [ 75%] Built target vehicle_gps_position_listener
[3.813s] [ 87%] Built target offboard_control_enae788m
[3.932s] running egg_info
[3.940s] writing px4_ros_com.egg-info/PKG-INFO
[3.941s] writing dependency_links to px4_ros_com.egg-info/dependency_links.txt
[3.941s] writing top-level names to px4_ros_com.egg-info/top_level.txt
[3.964s] reading manifest file 'px4_ros_com.egg-info/SOURCES.txt'
[3.965s] writing manifest file 'px4_ros_com.egg-info/SOURCES.txt'
[3.985s] [ 87%] Built target ament_cmake_python_build_px4_ros_com_egg
[5.386s] [01m[K/root/ws_sensor_combined/src/px4_ros_com/src/examples/offboard/offboard_control_square.cpp:69:5:[m[K [01;31m[Kerror: [m[Kexpected unqualified-id before ‘[01m[K{[m[K’ token
[5.387s]    69 |     [01;31m[K{[m[K
[5.387s]       |     [01;31m[K^[m[K
[5.398s] [01m[K/root/ws_sensor_combined/src/px4_ros_com/src/examples/offboard/offboard_control_square.cpp:[m[K In constructor ‘[01m[KOffboardControl::OffboardControl()[m[K’:
[5.399s] [01m[K/root/ws_sensor_combined/src/px4_ros_com/src/examples/offboard/offboard_control_square.cpp:59:9:[m[K [01;31m[Kerror: [m[K‘[01m[Koffboard_control_mode_publisher_[m[K’ was not declared in this scope
[5.399s]    59 |         [01;31m[Koffboard_control_mode_publisher_[m[K = this->create_publisher<OffboardControlMode>("/fmu/in/offboard_control_mode", 10);
[5.399s]       |         [01;31m[K^~~~~~~~~~~~~~~~~~~~~~~~~~~~~~~~[m[K
[5.411s] [01m[K/root/ws_sensor_combined/src/px4_ros_com/src/examples/offboard/offboard_control_square.cpp:60:17:[m[K [01;31m[Kerror: [m[K‘[01m[Ktrajectory_setpoint_publisher_[m[K’ was not declared in this scope
[5.411s]    60 |                 [01;31m[Ktrajectory_setpoint_publisher_[m[K = this->create_publisher<TrajectorySetpoint>("/fmu/in/trajectory_setpoint", 10);
[5.411s]       |                 [01;31m[K^~~~~~~~~~~~~~~~~~~~~~~~~~~~~~[m[K
[5.421s] [01m[K/root/ws_sensor_combined/src/px4_ros_com/src/examples/offboard/offboard_control_square.cpp:61:17:[m[K [01;31m[Kerror: [m[K‘[01m[Kvehicle_command_publisher_[m[K’ was not declared in this scope
[5.421s]    61 |                 [01;31m[Kvehicle_command_publisher_[m[K = this->create_publisher<VehicleCommand>("/fmu/in/vehicle_command", 10);
[5.421s]       |                 [01;31m[K^~~~~~~~~~~~~~~~~~~~~~~~~~[m[K
[5.430s] [01m[K/root/ws_sensor_combined/src/px4_ros_com/src/examples/offboard/offboard_control_square.cpp:[m[K In member function ‘[01m[Kvoid OffboardControl::arm()[m[K’:
[5.430s] [01m[K/root/ws_sensor_combined/src/px4_ros_com/src/examples/offboard/offboard_control_square.cpp:91:9:[m[K [01;31m[Kerror: [m[K‘[01m[Kpublish_vehicle_command[m[K’ was not declared in this scope
[5.430s]    91 |         [01;31m[Kpublish_vehicle_command[m[K(VehicleCommand::VEHICLE_CMD_COMPONENT_ARM_DISARM, 1.0);
[5.430s]       |         [01;31m[K^~~~~~~~~~~~~~~~~~~~~~~[m[K
[5.437s] [01m[K/root/ws_sensor_combined/src/px4_ros_com/src/examples/offboard/offboard_control_square.cpp:[m[K In member function ‘[01m[Kvoid OffboardControl::disarm()[m[K’:
[5.437s] [01m[K/root/ws_sensor_combined/src/px4_ros_com/src/examples/offboard/offboard_control_square.cpp:101:9:[m[K [01;31m[Kerror: [m[K‘[01m[Kpublish_vehicle_command[m[K’ was not declared in this scope
[5.438s]   101 |         [01;31m[Kpublish_vehicle_command[m[K(VehicleCommand::VEHICLE_CMD_COMPONENT_ARM_DISARM, 0.0);
[5.438s]       |         [01;31m[K^~~~~~~~~~~~~~~~~~~~~~~[m[K
[5.438s] [01m[K/root/ws_sensor_combined/src/px4_ros_com/src/examples/offboard/offboard_control_square.cpp:[m[K At global scope:
[5.438s] [01m[K/root/ws_sensor_combined/src/px4_ros_com/src/examples/offboard/offboard_control_square.cpp:110:6:[m[K [01;31m[Kerror: [m[Kno declaration matches ‘[01m[Kvoid OffboardControl::publish_offboard_control_mode()[m[K’
[5.438s]   110 | void [01;31m[KOffboardControl[m[K::publish_offboard_control_mode()
[5.438s]       |      [01;31m[K^~~~~~~~~~~~~~~[m[K
[5.438s] [01m[K/root/ws_sensor_combined/src/px4_ros_com/src/examples/offboard/offboard_control_square.cpp:110:6:[m[K [01;36m[Knote: [m[Kno functions named ‘[01m[Kvoid OffboardControl::publish_offboard_control_mode()[m[K’
[5.438s] [01m[K/root/ws_sensor_combined/src/px4_ros_com/src/examples/offboard/offboard_control_square.cpp:55:7:[m[K [01;36m[Knote: [m[K‘[01m[Kclass OffboardControl[m[K’ defined here
[5.438s]    55 | class [01;36m[KOffboardControl[m[K : public rclcpp::Node {
[5.438s]       |       [01;36m[K^~~~~~~~~~~~~~~[m[K
[5.438s] [01m[K/root/ws_sensor_combined/src/px4_ros_com/src/examples/offboard/offboard_control_square.cpp:128:6:[m[K [01;31m[Kerror: [m[Kno declaration matches ‘[01m[Kvoid OffboardControl::publish_trajectory_setpoint()[m[K’
[5.438s]   128 | void [01;31m[KOffboardControl[m[K::publish_trajectory_setpoint()
[5.438s]       |      [01;31m[K^~~~~~~~~~~~~~~[m[K
[5.438s] [01m[K/root/ws_sensor_combined/src/px4_ros_com/src/examples/offboard/offboard_control_square.cpp:128:6:[m[K [01;36m[Knote: [m[Kno functions named ‘[01m[Kvoid OffboardControl::publish_trajectory_setpoint()[m[K’
[5.438s] [01m[K/root/ws_sensor_combined/src/px4_ros_com/src/examples/offboard/offboard_control_square.cpp:55:7:[m[K [01;36m[Knote: [m[K‘[01m[Kclass OffboardControl[m[K’ defined here
[5.438s]    55 | class [01;36m[KOffboardControl[m[K : public rclcpp::Node {
[5.438s]       |       [01;36m[K^~~~~~~~~~~~~~~[m[K
[5.438s] [01m[K/root/ws_sensor_combined/src/px4_ros_com/src/examples/offboard/offboard_control_square.cpp:138:6:[m[K [01;31m[Kerror: [m[Kno declaration matches ‘[01m[Kvoid OffboardControl::publish_vehicle_command(uint16_t, float, float)[m[K’
[5.438s]   138 | void [01;31m[KOffboardControl[m[K::publish_vehicle_command(uint16_t command, float param1, float param2)
[5.438s]       |      [01;31m[K^~~~~~~~~~~~~~~[m[K
[5.438s] [01m[K/root/ws_sensor_combined/src/px4_ros_com/src/examples/offboard/offboard_control_square.cpp:138:6:[m[K [01;36m[Knote: [m[Kno functions named ‘[01m[Kvoid OffboardControl::publish_vehicle_command(uint16_t, float, float)[m[K’
[5.438s] [01m[K/root/ws_sensor_combined/src/px4_ros_com/src/examples/offboard/offboard_control_square.cpp:55:7:[m[K [01;36m[Knote: [m[K‘[01m[Kclass OffboardControl[m[K’ defined here
[5.438s]    55 | class [01;36m[KOffboardControl[m[K : public rclcpp::Node {
[5.438s]       |       [01;36m[K^~~~~~~~~~~~~~~[m[K
[5.937s] gmake[2]: *** [CMakeFiles/offboard_control_square.dir/build.make:76: CMakeFiles/offboard_control_square.dir/src/examples/offboard/offboard_control_square.cpp.o] Error 1
[5.937s] gmake[1]: *** [CMakeFiles/Makefile2:310: CMakeFiles/offboard_control_square.dir/all] Error 2
[5.937s] gmake[1]: *** Waiting for unfinished jobs....
[7.128s] [ 93%] [32m[1mLinking CXX executable offboard_control[0m
[7.293s] [ 93%] Built target offboard_control
[7.293s] gmake: *** [Makefile:146: all] Error 2
[7.296s] Invoked command in '/root/ws_sensor_combined/build/px4_ros_com' returned '2': CMAKE_PREFIX_PATH=/root/ws_sensor_combined/install/px4_msgs:/root/ws_sensor_combined/install/px4_ros_com:/root/ws_sensor_combined/install/example_mode_with_executor_cpp:/root/ws_sensor_combined/install/example_mode_vtol_cpp:/root/ws_sensor_combined/install/example_mode_rtl_replacement_cpp:/root/ws_sensor_combined/install/example_mode_manual_cpp:/root/ws_sensor_combined/install/example_mode_goto_global_cpp:/root/ws_sensor_combined/install/example_mode_goto_cpp:/root/ws_sensor_combined/install/example_mode_fw_attitude_cpp:/root/ws_sensor_combined/install/example_local_navigation_cpp:/root/ws_sensor_combined/install/example_global_navigation_cpp:/root/ws_sensor_combined/install/example_executor_with_multiple_modes_cpp:/root/ws_sensor_combined/install/px4_ros2_cpp:/opt/ros/humble LD_LIBRARY_PATH=/root/ws_sensor_combined/install/px4_msgs/lib:/root/ws_sensor_combined/install/px4_ros_com/lib:/root/ws_sensor_combined/install/px4_ros2_cpp/lib:/opt/ros/humble/opt/rviz_ogre_vendor/lib:/opt/ros/humble/lib/x86_64-linux-gnu:/opt/ros/humble/lib /usr/bin/cmake --build /root/ws_sensor_combined/build/px4_ros_com -- -j20 -l20
