[0.079s] Invoking command in '/root/ws_sensor_combined/build/px4_ros_com': CMAKE_PREFIX_PATH=/root/ws_sensor_combined/install/px4_msgs:/root/ws_sensor_combined/install/px4_ros_com:/root/ws_sensor_combined/install/example_mode_with_executor_cpp:/root/ws_sensor_combined/install/example_mode_vtol_cpp:/root/ws_sensor_combined/install/example_mode_rtl_replacement_cpp:/root/ws_sensor_combined/install/example_mode_manual_cpp:/root/ws_sensor_combined/install/example_mode_goto_global_cpp:/root/ws_sensor_combined/install/example_mode_goto_cpp:/root/ws_sensor_combined/install/example_mode_fw_attitude_cpp:/root/ws_sensor_combined/install/example_local_navigation_cpp:/root/ws_sensor_combined/install/example_global_navigation_cpp:/root/ws_sensor_combined/install/example_executor_with_multiple_modes_cpp:/root/ws_sensor_combined/install/px4_ros2_cpp:/opt/ros/humble LD_LIBRARY_PATH=/root/ws_sensor_combined/install/px4_msgs/lib:/root/ws_sensor_combined/install/px4_ros_com/lib:/root/ws_sensor_combined/install/px4_ros2_cpp/lib:/opt/ros/humble/opt/rviz_ogre_vendor/lib:/opt/ros/humble/lib/x86_64-linux-gnu:/opt/ros/humble/lib /usr/bin/cmake --build /root/ws_sensor_combined/build/px4_ros_com -- -j20 -l20
[0.123s] [  5%] [32mBuilding CXX object CMakeFiles/mavros_offboard_test.dir/src/examples/offboard/mavros_offboard_test.cpp.o[0m
[0.126s] [ 15%] [32mBuilding CXX object CMakeFiles/frame_transforms.dir/src/lib/frame_transforms.cpp.o[0m
[0.126s] [ 15%] [32mBuilding CXX object CMakeFiles/sensor_combined_listener.dir/src/examples/listeners/sensor_combined_listener.cpp.o[0m
[0.126s] [ 25%] [32mBuilding CXX object CMakeFiles/debug_vect_advertiser.dir/src/examples/advertisers/debug_vect_advertiser.cpp.o[0m
[0.127s] [ 25%] [32mBuilding CXX object CMakeFiles/offboard_control.dir/src/examples/offboard/offboard_control.cpp.o[0m
[0.128s] [ 30%] [32mBuilding CXX object CMakeFiles/mavros_camera_test.dir/src/examples/offboard/mavros_camera_test.cpp.o[0m
[0.130s] [ 35%] [32mBuilding CXX object CMakeFiles/vehicle_gps_position_listener.dir/src/examples/listeners/vehicle_gps_position_listener.cpp.o[0m
[0.130s] [ 35%] Built target ament_cmake_python_symlink_px4_ros_com
[0.130s] [ 40%] [32mBuilding CXX object CMakeFiles/offboard_control_enae788m.dir/src/examples/offboard/offboard_control_enae788m.cpp.o[0m
[0.132s] [ 45%] [32mBuilding CXX object CMakeFiles/offboard_control_srv.dir/src/examples/offboard/offboard_control_srv.cpp.o[0m
[0.136s] [ 50%] [32mBuilding CXX object CMakeFiles/offboard_control_square.dir/src/examples/offboard/offboard_control_square.cpp.o[0m
[0.324s] running egg_info
[0.336s] writing px4_ros_com.egg-info/PKG-INFO
[0.337s] writing dependency_links to px4_ros_com.egg-info/dependency_links.txt
[0.337s] writing top-level names to px4_ros_com.egg-info/top_level.txt
[0.385s] reading manifest file 'px4_ros_com.egg-info/SOURCES.txt'
[0.385s] writing manifest file 'px4_ros_com.egg-info/SOURCES.txt'
[0.424s] [ 50%] Built target ament_cmake_python_build_px4_ros_com_egg
[8.069s] [ 55%] [32m[1mLinking CXX executable debug_vect_advertiser[0m
[9.082s] [ 55%] Built target debug_vect_advertiser
[10.771s] [ 60%] [32m[1mLinking CXX executable offboard_control[0m
[12.064s] [ 65%] [32m[1mLinking CXX shared library libframe_transforms.so[0m
[12.092s] [ 65%] Built target offboard_control
[12.833s] [ 65%] Built target frame_transforms
[12.838s] [ 70%] [32m[1mLinking CXX executable offboard_control_srv[0m
[14.547s] [ 70%] Built target offboard_control_srv
