[0.114s] Invoking command in '/root/ws_sensor_combined/build/example_executor_with_multiple_modes_cpp': AMENT_PREFIX_PATH=/root/ws_sensor_combined/install/px4_ros2_cpp:/root/ws_sensor_combined/install/px4_msgs:${AMENT_PREFIX_PATH} CMAKE_PREFIX_PATH=/root/ws_sensor_combined/install/px4_ros2_cpp:/root/ws_sensor_combined/install/px4_msgs:/opt/ros/humble LD_LIBRARY_PATH=/root/ws_sensor_combined/install/px4_ros2_cpp/lib:/root/ws_sensor_combined/install/px4_msgs/lib:${LD_LIBRARY_PATH} PYTHONPATH=/root/ws_sensor_combined/install/px4_msgs/local/lib/python3.10/dist-packages:${PYTHONPATH} /usr/bin/cmake --build /root/ws_sensor_combined/build/example_executor_with_multiple_modes_cpp -- -j20 -l20
[0.186s] [ 50%] [32m[1mLinking CXX executable example_executor_with_multiple_modes[0m
[1.797s] [100%] Built target example_executor_with_multiple_modes
[1.810s] Invoked command in '/root/ws_sensor_combined/build/example_executor_with_multiple_modes_cpp' returned '0': AMENT_PREFIX_PATH=/root/ws_sensor_combined/install/px4_ros2_cpp:/root/ws_sensor_combined/install/px4_msgs:${AMENT_PREFIX_PATH} CMAKE_PREFIX_PATH=/root/ws_sensor_combined/install/px4_ros2_cpp:/root/ws_sensor_combined/install/px4_msgs:/opt/ros/humble LD_LIBRARY_PATH=/root/ws_sensor_combined/install/px4_ros2_cpp/lib:/root/ws_sensor_combined/install/px4_msgs/lib:${LD_LIBRARY_PATH} PYTHONPATH=/root/ws_sensor_combined/install/px4_msgs/local/lib/python3.10/dist-packages:${PYTHONPATH} /usr/bin/cmake --build /root/ws_sensor_combined/build/example_executor_with_multiple_modes_cpp -- -j20 -l20
[1.813s] Invoking command in '/root/ws_sensor_combined/build/example_executor_with_multiple_modes_cpp': AMENT_PREFIX_PATH=/root/ws_sensor_combined/install/px4_ros2_cpp:/root/ws_sensor_combined/install/px4_msgs:${AMENT_PREFIX_PATH} CMAKE_PREFIX_PATH=/root/ws_sensor_combined/install/px4_ros2_cpp:/root/ws_sensor_combined/install/px4_msgs:/opt/ros/humble LD_LIBRARY_PATH=/root/ws_sensor_combined/install/px4_ros2_cpp/lib:/root/ws_sensor_combined/install/px4_msgs/lib:${LD_LIBRARY_PATH} PYTHONPATH=/root/ws_sensor_combined/install/px4_msgs/local/lib/python3.10/dist-packages:${PYTHONPATH} /usr/bin/cmake --install /root/ws_sensor_combined/build/example_executor_with_multiple_modes_cpp
[1.822s] -- Install configuration: ""
[1.823s] -- Installing: /root/ws_sensor_combined/install/example_executor_with_multiple_modes_cpp/lib/example_executor_with_multiple_modes_cpp/example_executor_with_multiple_modes
[1.823s] -- Set runtime path of "/root/ws_sensor_combined/install/example_executor_with_multiple_modes_cpp/lib/example_executor_with_multiple_modes_cpp/example_executor_with_multiple_modes" to ""
[1.823s] -- Up-to-date: /root/ws_sensor_combined/install/example_executor_with_multiple_modes_cpp/share/ament_index/resource_index/package_run_dependencies/example_executor_with_multiple_modes_cpp
[1.823s] -- Up-to-date: /root/ws_sensor_combined/install/example_executor_with_multiple_modes_cpp/share/ament_index/resource_index/parent_prefix_path/example_executor_with_multiple_modes_cpp
[1.824s] -- Up-to-date: /root/ws_sensor_combined/install/example_executor_with_multiple_modes_cpp/share/example_executor_with_multiple_modes_cpp/environment/ament_prefix_path.sh
[1.824s] -- Up-to-date: /root/ws_sensor_combined/install/example_executor_with_multiple_modes_cpp/share/example_executor_with_multiple_modes_cpp/environment/ament_prefix_path.dsv
[1.825s] -- Up-to-date: /root/ws_sensor_combined/install/example_executor_with_multiple_modes_cpp/share/example_executor_with_multiple_modes_cpp/environment/path.sh
[1.825s] -- Up-to-date: /root/ws_sensor_combined/install/example_executor_with_multiple_modes_cpp/share/example_executor_with_multiple_modes_cpp/environment/path.dsv
[1.825s] -- Up-to-date: /root/ws_sensor_combined/install/example_executor_with_multiple_modes_cpp/share/example_executor_with_multiple_modes_cpp/local_setup.bash
[1.825s] -- Up-to-date: /root/ws_sensor_combined/install/example_executor_with_multiple_modes_cpp/share/example_executor_with_multiple_modes_cpp/local_setup.sh
[1.825s] -- Up-to-date: /root/ws_sensor_combined/install/example_executor_with_multiple_modes_cpp/share/example_executor_with_multiple_modes_cpp/local_setup.zsh
[1.825s] -- Up-to-date: /root/ws_sensor_combined/install/example_executor_with_multiple_modes_cpp/share/example_executor_with_multiple_modes_cpp/local_setup.dsv
[1.826s] -- Installing: /root/ws_sensor_combined/install/example_executor_with_multiple_modes_cpp/share/example_executor_with_multiple_modes_cpp/package.dsv
[1.826s] -- Up-to-date: /root/ws_sensor_combined/install/example_executor_with_multiple_modes_cpp/share/ament_index/resource_index/packages/example_executor_with_multiple_modes_cpp
[1.826s] -- Up-to-date: /root/ws_sensor_combined/install/example_executor_with_multiple_modes_cpp/share/example_executor_with_multiple_modes_cpp/cmake/example_executor_with_multiple_modes_cppConfig.cmake
[1.826s] -- Up-to-date: /root/ws_sensor_combined/install/example_executor_with_multiple_modes_cpp/share/example_executor_with_multiple_modes_cpp/cmake/example_executor_with_multiple_modes_cppConfig-version.cmake
[1.826s] -- Up-to-date: /root/ws_sensor_combined/install/example_executor_with_multiple_modes_cpp/share/example_executor_with_multiple_modes_cpp/package.xml
[1.834s] Invoked command in '/root/ws_sensor_combined/build/example_executor_with_multiple_modes_cpp' returned '0': AMENT_PREFIX_PATH=/root/ws_sensor_combined/install/px4_ros2_cpp:/root/ws_sensor_combined/install/px4_msgs:${AMENT_PREFIX_PATH} CMAKE_PREFIX_PATH=/root/ws_sensor_combined/install/px4_ros2_cpp:/root/ws_sensor_combined/install/px4_msgs:/opt/ros/humble LD_LIBRARY_PATH=/root/ws_sensor_combined/install/px4_ros2_cpp/lib:/root/ws_sensor_combined/install/px4_msgs/lib:${LD_LIBRARY_PATH} PYTHONPATH=/root/ws_sensor_combined/install/px4_msgs/local/lib/python3.10/dist-packages:${PYTHONPATH} /usr/bin/cmake --install /root/ws_sensor_combined/build/example_executor_with_multiple_modes_cpp
