[0.046s] Invoking command in '/root/ws_sensor_combined/build/px4_ros_com': CMAKE_PREFIX_PATH=/root/ws_sensor_combined/install/px4_msgs:/root/ws_sensor_combined/install/px4_ros_com:/root/ws_sensor_combined/install/example_mode_with_executor_cpp:/root/ws_sensor_combined/install/example_mode_vtol_cpp:/root/ws_sensor_combined/install/example_mode_rtl_replacement_cpp:/root/ws_sensor_combined/install/example_mode_manual_cpp:/root/ws_sensor_combined/install/example_mode_goto_global_cpp:/root/ws_sensor_combined/install/example_mode_goto_cpp:/root/ws_sensor_combined/install/example_mode_fw_attitude_cpp:/root/ws_sensor_combined/install/example_local_navigation_cpp:/root/ws_sensor_combined/install/example_global_navigation_cpp:/root/ws_sensor_combined/install/example_executor_with_multiple_modes_cpp:/root/ws_sensor_combined/install/px4_ros2_cpp:/opt/ros/humble LD_LIBRARY_PATH=/root/ws_sensor_combined/install/px4_msgs/lib:/root/ws_sensor_combined/install/px4_ros_com/lib:/root/ws_sensor_combined/install/px4_ros2_cpp/lib:/opt/ros/humble/opt/rviz_ogre_vendor/lib:/opt/ros/humble/lib/x86_64-linux-gnu:/opt/ros/humble/lib /usr/bin/cmake --build /root/ws_sensor_combined/build/px4_ros_com -- -j20 -l20
[0.061s] -- Found ament_cmake: 1.3.12 (/opt/ros/humble/share/ament_cmake/cmake)
[0.143s] -- Override CMake install command with custom implementation using symlinks instead of copying resources
[0.146s] -- Found builtin_interfaces: 1.2.2 (/opt/ros/humble/share/builtin_interfaces/cmake)
[0.293s] -- Found rosidl_generator_c: 3.1.7 (/opt/ros/humble/share/rosidl_generator_c/cmake)
[0.294s] -- Found rosidl_adapter: 3.1.7 (/opt/ros/humble/share/rosidl_adapter/cmake)
[0.302s] -- Found rosidl_generator_cpp: 3.1.7 (/opt/ros/humble/share/rosidl_generator_cpp/cmake)
[0.313s] -- Using all available rosidl_typesupport_c: rosidl_typesupport_fastrtps_c;rosidl_typesupport_introspection_c
[0.327s] -- Using all available rosidl_typesupport_cpp: rosidl_typesupport_fastrtps_cpp;rosidl_typesupport_introspection_cpp
[0.339s] -- Found eigen3_cmake_module: 0.1.1 (/opt/ros/humble/share/eigen3_cmake_module/cmake)
[0.340s] -- Found geometry_msgs: 4.9.0 (/opt/ros/humble/share/geometry_msgs/cmake)
[0.352s] -- Found px4_msgs: 2.0.1 (/root/ws_sensor_combined/install/px4_msgs/share/px4_msgs/cmake)
[0.362s] -- Found rclcpp: 16.0.14 (/opt/ros/humble/share/rclcpp/cmake)
[0.374s] -- Found rmw_implementation_cmake: 6.1.2 (/opt/ros/humble/share/rmw_implementation_cmake/cmake)
[0.375s] -- Found rmw_fastrtps_cpp: 6.2.8 (/opt/ros/humble/share/rmw_fastrtps_cpp/cmake)
[4.014s] -- Using RMW implementation 'rmw_fastrtps_cpp' as default
[4.034s] -- Found sensor_msgs: 4.9.0 (/opt/ros/humble/share/sensor_msgs/cmake)
[4.044s] -- Found rclpy: 3.3.17 (/opt/ros/humble/share/rclpy/cmake)
[4.044s] -- Found mavros_msgs: 2.10.1 (/opt/ros/humble/share/mavros_msgs/cmake)
[4.081s] -- Found ament_lint_auto: 0.12.14 (/opt/ros/humble/share/ament_lint_auto/cmake)
[4.122s] -- Added test 'copyright' to check source files copyright and LICENSE
[4.124s] -- Added test 'cppcheck' to perform static code analysis on C / C++ code
[4.124s] -- Configured cppcheck include dirs: /root/ws_sensor_combined/src/px4_ros_com/include;$<BUILD_INTERFACE:/root/ws_sensor_combined/src/px4_ros_com/include/px4_ros_com>
[4.124s] -- Configured cppcheck exclude dirs and/or files: 
[4.126s] -- Added test 'cpplint' to check C / C++ code against the Google style
[4.126s] -- Configured cpplint exclude dirs and/or files: 
[4.127s] -- Added test 'flake8' to check Python code syntax and style conventions
[4.127s] -- Added test 'lint_cmake' to check CMake code style
[4.127s] -- Added test 'pep257' to check Python code against some of the docstring style conventions in PEP 257
[4.129s] -- Added test 'uncrustify' to check C / C++ code style
[4.129s] -- Configured uncrustify additional arguments: 
[4.129s] -- Added test 'xmllint' to check XML markup files
[4.131s] -- Configuring done
[4.147s] -- Generating done
[4.155s] -- Build files have been written to: /root/ws_sensor_combined/build/px4_ros_com
[4.177s] [35m[1mConsolidate compiler generated dependencies of target frame_transforms[0m
[4.177s] [35m[1mConsolidate compiler generated dependencies of target sensor_combined_listener[0m
[4.177s] [35m[1mConsolidate compiler generated dependencies of target debug_vect_advertiser[0m
[4.177s] [35m[1mConsolidate compiler generated dependencies of target offboard_control[0m
[4.177s] [35m[1mConsolidate compiler generated dependencies of target offboard_control_enae788m[0m
[4.177s] [35m[1mConsolidate compiler generated dependencies of target offboard_control_srv[0m
[4.177s] [35m[1mConsolidate compiler generated dependencies of target vehicle_gps_position_listener[0m
[4.179s] [35m[1mConsolidate compiler generated dependencies of target offboard_control_square[0m
[4.189s] [ 12%] Built target offboard_control
[4.189s] [ 25%] Built target frame_transforms
[4.189s] [ 37%] Built target debug_vect_advertiser
[4.190s] [ 50%] Built target sensor_combined_listener
[4.193s] [ 62%] Built target offboard_control_square
[4.193s] [ 75%] Built target offboard_control_enae788m
[4.194s] [ 87%] Built target offboard_control_srv
[4.194s] [100%] Built target vehicle_gps_position_listener
[4.194s] failed to create symbolic link '/root/ws_sensor_combined/build/px4_ros_com/ament_cmake_python/px4_ros_com/px4_ros_com' because existing path cannot be removed: Is a directory
[4.194s] gmake[2]: *** [CMakeFiles/ament_cmake_python_symlink_px4_ros_com.dir/build.make:70: CMakeFiles/ament_cmake_python_symlink_px4_ros_com] Error 1
[4.195s] gmake[1]: *** [CMakeFiles/Makefile2:362: CMakeFiles/ament_cmake_python_symlink_px4_ros_com.dir/all] Error 2
[4.195s] gmake[1]: *** Waiting for unfinished jobs....
[4.195s] gmake: *** [Makefile:146: all] Error 2
[4.197s] Invoked command in '/root/ws_sensor_combined/build/px4_ros_com' returned '2': CMAKE_PREFIX_PATH=/root/ws_sensor_combined/install/px4_msgs:/root/ws_sensor_combined/install/px4_ros_com:/root/ws_sensor_combined/install/example_mode_with_executor_cpp:/root/ws_sensor_combined/install/example_mode_vtol_cpp:/root/ws_sensor_combined/install/example_mode_rtl_replacement_cpp:/root/ws_sensor_combined/install/example_mode_manual_cpp:/root/ws_sensor_combined/install/example_mode_goto_global_cpp:/root/ws_sensor_combined/install/example_mode_goto_cpp:/root/ws_sensor_combined/install/example_mode_fw_attitude_cpp:/root/ws_sensor_combined/install/example_local_navigation_cpp:/root/ws_sensor_combined/install/example_global_navigation_cpp:/root/ws_sensor_combined/install/example_executor_with_multiple_modes_cpp:/root/ws_sensor_combined/install/px4_ros2_cpp:/opt/ros/humble LD_LIBRARY_PATH=/root/ws_sensor_combined/install/px4_msgs/lib:/root/ws_sensor_combined/install/px4_ros_com/lib:/root/ws_sensor_combined/install/px4_ros2_cpp/lib:/opt/ros/humble/opt/rviz_ogre_vendor/lib:/opt/ros/humble/lib/x86_64-linux-gnu:/opt/ros/humble/lib /usr/bin/cmake --build /root/ws_sensor_combined/build/px4_ros_com -- -j20 -l20
