[0.046s] Invoking command in '/root/ws_sensor_combined/build/px4_ros_com': CMAKE_PREFIX_PATH=/root/ws_sensor_combined/install/px4_msgs:/root/ws_sensor_combined/install/px4_ros_com:/root/ws_sensor_combined/install/example_mode_with_executor_cpp:/root/ws_sensor_combined/install/example_mode_vtol_cpp:/root/ws_sensor_combined/install/example_mode_rtl_replacement_cpp:/root/ws_sensor_combined/install/example_mode_manual_cpp:/root/ws_sensor_combined/install/example_mode_goto_global_cpp:/root/ws_sensor_combined/install/example_mode_goto_cpp:/root/ws_sensor_combined/install/example_mode_fw_attitude_cpp:/root/ws_sensor_combined/install/example_local_navigation_cpp:/root/ws_sensor_combined/install/example_global_navigation_cpp:/root/ws_sensor_combined/install/example_executor_with_multiple_modes_cpp:/root/ws_sensor_combined/install/px4_ros2_cpp:/opt/ros/humble LD_LIBRARY_PATH=/root/ws_sensor_combined/install/px4_msgs/lib:/root/ws_sensor_combined/install/px4_ros_com/lib:/root/ws_sensor_combined/install/px4_ros2_cpp/lib:/opt/ros/humble/opt/rviz_ogre_vendor/lib:/opt/ros/humble/lib/x86_64-linux-gnu:/opt/ros/humble/lib /usr/bin/cmake --build /root/ws_sensor_combined/build/px4_ros_com -- -j20 -l20
[0.088s] [35m[1mConsolidate compiler generated dependencies of target offboard_control[0m
[0.097s] [ 16%] Built target vehicle_gps_position_listener
[0.099s] [ 50%] Built target debug_vect_advertiser
[0.099s] [ 50%] Built target offboard_control_srv
[0.100s] [ 66%] Built target sensor_combined_listener
[0.102s] [ 75%] Built target ament_cmake_python_copy_px4_ros_com
[0.102s] [ 83%] Built target frame_transforms
[0.105s] [ 91%] [32mBuilding CXX object CMakeFiles/offboard_control.dir/src/examples/offboard/offboard_control_enae788m.cpp.o[0m
[0.261s] running egg_info
[0.272s] writing px4_ros_com.egg-info/PKG-INFO
[0.272s] writing dependency_links to px4_ros_com.egg-info/dependency_links.txt
[0.273s] writing top-level names to px4_ros_com.egg-info/top_level.txt
[0.316s] reading manifest file 'px4_ros_com.egg-info/SOURCES.txt'
[0.322s] writing manifest file 'px4_ros_com.egg-info/SOURCES.txt'
[0.364s] [ 91%] Built target ament_cmake_python_build_px4_ros_com_egg
[2.073s] [01m[K/root/ws_sensor_combined/src/px4_ros_com/src/examples/offboard/offboard_control_enae788m.cpp:[m[K In lambda function:
[2.074s] [01m[K/root/ws_sensor_combined/src/px4_ros_com/src/examples/offboard/offboard_control_enae788m.cpp:102:24:[m[K [01;31m[Kerror: [m[Kcannot convert ‘[01m[Kdouble[m[K’ to ‘[01m[Kconst char*[m[K’
[2.074s]   102 |             printf([01;31m[Kmodf(((double)offboard_setpoint_counter_)/2, &intpart)[m[K);
[2.074s]       |                    [01;31m[K~~~~^~~~~~~~~~~~~~~~~~~~~~~~~~~~~~~~~~~~~~~~~~~~~~~~~~[m[K
[2.074s]       |                        [01;31m[K|[m[K
[2.074s]       |                        [01;31m[Kdouble[m[K
[2.074s] In file included from [01m[K/usr/include/c++/11/cstdio:42[m[K,
[2.074s]                  from [01m[K/usr/include/c++/11/ext/string_conversions.h:43[m[K,
[2.074s]                  from [01m[K/usr/include/c++/11/bits/basic_string.h:6608[m[K,
[2.074s]                  from [01m[K/usr/include/c++/11/string:55[m[K,
[2.074s]                  from [01m[K/root/ws_sensor_combined/install/px4_msgs/include/px4_msgs/px4_msgs/msg/detail/offboard_control_mode__struct.hpp:11[m[K,
[2.074s]                  from [01m[K/root/ws_sensor_combined/install/px4_msgs/include/px4_msgs/px4_msgs/msg/offboard_control_mode.hpp:7[m[K,
[2.074s]                  from [01m[K/root/ws_sensor_combined/src/px4_ros_com/src/examples/offboard/offboard_control_enae788m.cpp:41[m[K:
[2.074s] [01m[K/usr/include/stdio.h:356:43:[m[K [01;36m[Knote: [m[K  initializing argument 1 of ‘[01m[Kint printf(const char*, ...)[m[K’
[2.074s]   356 | extern int printf ([01;36m[Kconst char *__restrict __format[m[K, ...);
[2.074s]       |                    [01;36m[K~~~~~~~~~~~~~~~~~~~~~~~^~~~~~~~[m[K
[4.227s] gmake[2]: *** [CMakeFiles/offboard_control.dir/build.make:76: CMakeFiles/offboard_control.dir/src/examples/offboard/offboard_control_enae788m.cpp.o] Error 1
[4.227s] gmake[1]: *** [CMakeFiles/Makefile2:254: CMakeFiles/offboard_control.dir/all] Error 2
[4.227s] gmake: *** [Makefile:146: all] Error 2
[4.229s] Invoked command in '/root/ws_sensor_combined/build/px4_ros_com' returned '2': CMAKE_PREFIX_PATH=/root/ws_sensor_combined/install/px4_msgs:/root/ws_sensor_combined/install/px4_ros_com:/root/ws_sensor_combined/install/example_mode_with_executor_cpp:/root/ws_sensor_combined/install/example_mode_vtol_cpp:/root/ws_sensor_combined/install/example_mode_rtl_replacement_cpp:/root/ws_sensor_combined/install/example_mode_manual_cpp:/root/ws_sensor_combined/install/example_mode_goto_global_cpp:/root/ws_sensor_combined/install/example_mode_goto_cpp:/root/ws_sensor_combined/install/example_mode_fw_attitude_cpp:/root/ws_sensor_combined/install/example_local_navigation_cpp:/root/ws_sensor_combined/install/example_global_navigation_cpp:/root/ws_sensor_combined/install/example_executor_with_multiple_modes_cpp:/root/ws_sensor_combined/install/px4_ros2_cpp:/opt/ros/humble LD_LIBRARY_PATH=/root/ws_sensor_combined/install/px4_msgs/lib:/root/ws_sensor_combined/install/px4_ros_com/lib:/root/ws_sensor_combined/install/px4_ros2_cpp/lib:/opt/ros/humble/opt/rviz_ogre_vendor/lib:/opt/ros/humble/lib/x86_64-linux-gnu:/opt/ros/humble/lib /usr/bin/cmake --build /root/ws_sensor_combined/build/px4_ros_com -- -j20 -l20
