[0.075s] Invoking command in '/root/ws_sensor_combined/build/px4_ros_com': AMENT_PREFIX_PATH=/root/ws_sensor_combined/install/px4_msgs:${AMENT_PREFIX_PATH} CMAKE_PREFIX_PATH=/root/ws_sensor_combined/install/px4_msgs:/opt/ros/humble LD_LIBRARY_PATH=/root/ws_sensor_combined/install/px4_msgs/lib:${LD_LIBRARY_PATH} PYTHONPATH=/root/ws_sensor_combined/install/px4_msgs/local/lib/python3.10/dist-packages:${PYTHONPATH} /usr/bin/cmake --build /root/ws_sensor_combined/build/px4_ros_com -- -j20 -l20
[0.106s] [35m[1mConsolidate compiler generated dependencies of target offboard_control_square[0m
[0.113s] [ 10%] Built target debug_vect_advertiser
[0.114s] [ 20%] Built target mavros_camera_test
[0.114s] [ 30%] Built target vehicle_gps_position_listener
[0.116s] [ 40%] Built target offboard_control
[0.116s] [ 50%] Built target offboard_control_srv
[0.117s] [ 60%] Built target ament_cmake_python_symlink_px4_ros_com
[0.117s] [ 60%] Built target sensor_combined_listener
[0.117s] [ 70%] Built target frame_transforms
[0.119s] [ 80%] Built target offboard_control_enae788m
[0.121s] [ 90%] Built target mavros_offboard_test
[0.121s] [ 95%] [32mBuilding CXX object CMakeFiles/offboard_control_square.dir/src/examples/offboard/offboard_control_square.cpp.o[0m
[0.278s] running egg_info
[0.286s] writing px4_ros_com.egg-info/PKG-INFO
[0.287s] writing dependency_links to px4_ros_com.egg-info/dependency_links.txt
[0.287s] writing top-level names to px4_ros_com.egg-info/top_level.txt
[0.312s] reading manifest file 'px4_ros_com.egg-info/SOURCES.txt'
[0.312s] writing manifest file 'px4_ros_com.egg-info/SOURCES.txt'
[0.331s] [ 95%] Built target ament_cmake_python_build_px4_ros_com_egg
[21.551s] [100%] [32m[1mLinking CXX executable offboard_control_square[0m
[21.937s] [100%] Built target offboard_control_square
[21.945s] Invoked command in '/root/ws_sensor_combined/build/px4_ros_com' returned '0': AMENT_PREFIX_PATH=/root/ws_sensor_combined/install/px4_msgs:${AMENT_PREFIX_PATH} CMAKE_PREFIX_PATH=/root/ws_sensor_combined/install/px4_msgs:/opt/ros/humble LD_LIBRARY_PATH=/root/ws_sensor_combined/install/px4_msgs/lib:${LD_LIBRARY_PATH} PYTHONPATH=/root/ws_sensor_combined/install/px4_msgs/local/lib/python3.10/dist-packages:${PYTHONPATH} /usr/bin/cmake --build /root/ws_sensor_combined/build/px4_ros_com -- -j20 -l20
[21.947s] Invoking command in '/root/ws_sensor_combined/build/px4_ros_com': AMENT_PREFIX_PATH=/root/ws_sensor_combined/install/px4_msgs:${AMENT_PREFIX_PATH} CMAKE_PREFIX_PATH=/root/ws_sensor_combined/install/px4_msgs:/opt/ros/humble LD_LIBRARY_PATH=/root/ws_sensor_combined/install/px4_msgs/lib:${LD_LIBRARY_PATH} PYTHONPATH=/root/ws_sensor_combined/install/px4_msgs/local/lib/python3.10/dist-packages:${PYTHONPATH} /usr/bin/cmake --install /root/ws_sensor_combined/build/px4_ros_com
[21.950s] -- Install configuration: "RelWithDebInfo"
[21.951s] -- Execute custom install script
[21.951s] -- Up-to-date symlink: /root/ws_sensor_combined/install/px4_ros_com/lib/px4_ros_com/mavros_camera_test
[21.951s] -- Up-to-date symlink: /root/ws_sensor_combined/install/px4_ros_com/lib/px4_ros_com/sensor_combined_listener
[21.951s] -- Up-to-date symlink: /root/ws_sensor_combined/install/px4_ros_com/lib/px4_ros_com/vehicle_gps_position_listener
[21.951s] -- Up-to-date symlink: /root/ws_sensor_combined/install/px4_ros_com/lib/px4_ros_com/debug_vect_advertiser
[21.951s] -- Up-to-date symlink: /root/ws_sensor_combined/install/px4_ros_com/lib/px4_ros_com/offboard_control
[21.952s] -- Up-to-date symlink: /root/ws_sensor_combined/install/px4_ros_com/lib/px4_ros_com/offboard_control_enae788m
[21.952s] -- Up-to-date symlink: /root/ws_sensor_combined/install/px4_ros_com/lib/px4_ros_com/offboard_control_square
[21.952s] -- Up-to-date symlink: /root/ws_sensor_combined/install/px4_ros_com/lib/px4_ros_com/mavros_offboard_test
[21.952s] -- Up-to-date symlink: /root/ws_sensor_combined/install/px4_ros_com/lib/px4_ros_com/offboard_control_srv
[21.952s] -- Up-to-date symlink: /root/ws_sensor_combined/install/px4_ros_com/share/px4_ros_com/environment/library_path.sh
[21.952s] -- Up-to-date symlink: /root/ws_sensor_combined/install/px4_ros_com/share/px4_ros_com/environment/library_path.dsv
[21.952s] -- Up-to-date symlink: /root/ws_sensor_combined/install/px4_ros_com/include/px4_ros_com/frame_transforms.h
[21.952s] -- Up-to-date symlink: /root/ws_sensor_combined/install/px4_ros_com/share/px4_ros_com//launch/offboard_control_launch.yaml
[21.953s] -- Up-to-date symlink: /root/ws_sensor_combined/install/px4_ros_com/share/px4_ros_com//launch/sensor_combined_listener.launch.py
[21.953s] -- Up-to-date symlink: /root/ws_sensor_combined/install/px4_ros_com/share/px4_ros_com//test/__init__.py
[21.953s] -- Up-to-date symlink: /root/ws_sensor_combined/install/px4_ros_com/share/px4_ros_com//test/pipeline_io_test.py
[21.953s] -- Up-to-date symlink: /root/ws_sensor_combined/install/px4_ros_com/share/px4_ros_com//test/test_input.py
[21.953s] -- Up-to-date symlink: /root/ws_sensor_combined/install/px4_ros_com/share/px4_ros_com//test/test_output.py
[21.953s] -- Up-to-date symlink: /root/ws_sensor_combined/install/px4_ros_com/share/px4_ros_com/environment/pythonpath.sh
[21.953s] -- Up-to-date symlink: /root/ws_sensor_combined/install/px4_ros_com/share/px4_ros_com/environment/pythonpath.dsv
[21.953s] -- Up-to-date symlink: /root/ws_sensor_combined/install/px4_ros_com/local/lib/python3.10/dist-packages/px4_ros_com-0.1.0-py3.10.egg-info/PKG-INFO
[21.953s] -- Up-to-date symlink: /root/ws_sensor_combined/install/px4_ros_com/local/lib/python3.10/dist-packages/px4_ros_com-0.1.0-py3.10.egg-info/SOURCES.txt
[21.953s] -- Up-to-date symlink: /root/ws_sensor_combined/install/px4_ros_com/local/lib/python3.10/dist-packages/px4_ros_com-0.1.0-py3.10.egg-info/dependency_links.txt
[21.954s] -- Up-to-date symlink: /root/ws_sensor_combined/install/px4_ros_com/local/lib/python3.10/dist-packages/px4_ros_com-0.1.0-py3.10.egg-info/top_level.txt
[21.954s] -- Up-to-date symlink: /root/ws_sensor_combined/install/px4_ros_com/local/lib/python3.10/dist-packages/px4_ros_com/__init__.py
[21.954s] -- Up-to-date symlink: /root/ws_sensor_combined/install/px4_ros_com/local/lib/python3.10/dist-packages/px4_ros_com/module_to_import.py
[21.954s] -- Up-to-date symlink: /root/ws_sensor_combined/install/px4_ros_com/lib/px4_ros_com/offboard_control.py
[21.954s] -- Up-to-date symlink: /root/ws_sensor_combined/install/px4_ros_com/share/ament_index/resource_index/package_run_dependencies/px4_ros_com
[21.954s] -- Up-to-date symlink: /root/ws_sensor_combined/install/px4_ros_com/share/ament_index/resource_index/parent_prefix_path/px4_ros_com
[21.955s] -- Up-to-date symlink: /root/ws_sensor_combined/install/px4_ros_com/share/px4_ros_com/environment/ament_prefix_path.sh
[21.955s] -- Up-to-date symlink: /root/ws_sensor_combined/install/px4_ros_com/share/px4_ros_com/environment/ament_prefix_path.dsv
[21.955s] -- Up-to-date symlink: /root/ws_sensor_combined/install/px4_ros_com/share/px4_ros_com/environment/path.sh
[21.955s] -- Up-to-date symlink: /root/ws_sensor_combined/install/px4_ros_com/share/px4_ros_com/environment/path.dsv
[21.955s] -- Up-to-date symlink: /root/ws_sensor_combined/install/px4_ros_com/share/px4_ros_com/local_setup.bash
[21.955s] -- Up-to-date symlink: /root/ws_sensor_combined/install/px4_ros_com/share/px4_ros_com/local_setup.sh
[21.956s] -- Up-to-date symlink: /root/ws_sensor_combined/install/px4_ros_com/share/px4_ros_com/local_setup.zsh
[21.956s] -- Up-to-date symlink: /root/ws_sensor_combined/install/px4_ros_com/share/px4_ros_com/local_setup.dsv
[21.956s] -- Symlinking: /root/ws_sensor_combined/install/px4_ros_com/share/px4_ros_com/package.dsv
[21.960s] -- Up-to-date symlink: /root/ws_sensor_combined/install/px4_ros_com/share/ament_index/resource_index/packages/px4_ros_com
[21.960s] -- Up-to-date symlink: /root/ws_sensor_combined/install/px4_ros_com/share/px4_ros_com/cmake/ament_cmake_export_dependencies-extras.cmake
[21.960s] -- Up-to-date symlink: /root/ws_sensor_combined/install/px4_ros_com/share/px4_ros_com/cmake/ament_cmake_export_targets-extras.cmake
[21.960s] -- Up-to-date symlink: /root/ws_sensor_combined/install/px4_ros_com/share/px4_ros_com/cmake/ament_cmake_export_include_directories-extras.cmake
[21.960s] -- Up-to-date symlink: /root/ws_sensor_combined/install/px4_ros_com/share/px4_ros_com/cmake/ament_cmake_export_libraries-extras.cmake
[21.961s] -- Up-to-date symlink: /root/ws_sensor_combined/install/px4_ros_com/share/px4_ros_com/cmake/px4_ros_comConfig.cmake
[21.961s] -- Up-to-date symlink: /root/ws_sensor_combined/install/px4_ros_com/share/px4_ros_com/cmake/px4_ros_comConfig-version.cmake
[21.961s] -- Up-to-date symlink: /root/ws_sensor_combined/install/px4_ros_com/share/px4_ros_com/package.xml
[21.961s] -- Up-to-date: /root/ws_sensor_combined/install/px4_ros_com/lib/libframe_transforms.so
[21.980s] Listing '/root/ws_sensor_combined/install/px4_ros_com/local/lib/python3.10/dist-packages/px4_ros_com'...
[21.983s] -- Up-to-date: /root/ws_sensor_combined/install/px4_ros_com/share/px4_ros_com/cmake/export_frame_transformsExport.cmake
[21.983s] -- Up-to-date: /root/ws_sensor_combined/install/px4_ros_com/share/px4_ros_com/cmake/export_frame_transformsExport-relwithdebinfo.cmake
[21.985s] Invoked command in '/root/ws_sensor_combined/build/px4_ros_com' returned '0': AMENT_PREFIX_PATH=/root/ws_sensor_combined/install/px4_msgs:${AMENT_PREFIX_PATH} CMAKE_PREFIX_PATH=/root/ws_sensor_combined/install/px4_msgs:/opt/ros/humble LD_LIBRARY_PATH=/root/ws_sensor_combined/install/px4_msgs/lib:${LD_LIBRARY_PATH} PYTHONPATH=/root/ws_sensor_combined/install/px4_msgs/local/lib/python3.10/dist-packages:${PYTHONPATH} /usr/bin/cmake --install /root/ws_sensor_combined/build/px4_ros_com
