[0.123s] DEBUG:colcon:Command line arguments: ['/usr/bin/colcon', 'list', '-p', '--base-paths', '/root/ws_sensor_combined']
[0.123s] DEBUG:colcon:Parsed command line arguments: Namespace(log_base=None, log_level=None, verb_name='list', build_base='build', ignore_user_meta=False, metas=['./colcon.meta'], base_paths=['/root/ws_sensor_combined'], packages_ignore=None, packages_ignore_regex=None, paths=None, packages_up_to=None, packages_up_to_regex=None, packages_above=None, packages_above_and_dependencies=None, packages_above_depth=None, packages_select_by_dep=None, packages_skip_by_dep=None, packages_skip_up_to=None, packages_select_build_failed=False, packages_skip_build_finished=False, packages_select_test_failures=False, packages_skip_test_passed=False, packages_select=None, packages_skip=None, packages_select_regex=None, packages_skip_regex=None, packages_start=None, packages_end=None, allow_overriding=[], topological_order=False, names_only=False, paths_only=True, topological_graph=False, topological_graph_dot=False, topological_graph_density=False, topological_graph_legend=False, topological_graph_dot_cluster=False, topological_graph_dot_include_skipped=False, mixin_files=None, mixin=None, verb_parser=<colcon_mixin.mixin.mixin_argument.MixinArgumentDecorator object at 0x7fc7c204b730>, verb_extension=<colcon_package_information.verb.list.ListVerb object at 0x7fc7c204aa40>, main=<bound method ListVerb.main of <colcon_package_information.verb.list.ListVerb object at 0x7fc7c204aa40>>, mixin_verb=('list',))
[0.151s] Level 1:colcon.colcon_core.package_discovery:discover_packages(colcon_meta) check parameters
[0.151s] Level 1:colcon.colcon_core.package_discovery:discover_packages(recursive) check parameters
[0.151s] Level 1:colcon.colcon_core.package_discovery:discover_packages(ignore) check parameters
[0.151s] Level 1:colcon.colcon_core.package_discovery:discover_packages(path) check parameters
[0.152s] Level 1:colcon.colcon_core.package_discovery:discover_packages(recursive) discover
[0.152s] INFO:colcon.colcon_core.package_discovery:Crawling recursively for packages in '/root/ws_sensor_combined'
[0.152s] Level 1:colcon.colcon_core.package_identification:_identify(/root/ws_sensor_combined) by extensions ['ignore', 'ignore_ament_install']
[0.152s] Level 1:colcon.colcon_core.package_identification:_identify(/root/ws_sensor_combined) by extension 'ignore'
[0.152s] Level 1:colcon.colcon_core.package_identification:_identify(/root/ws_sensor_combined) by extension 'ignore_ament_install'
[0.152s] Level 1:colcon.colcon_core.package_identification:_identify(/root/ws_sensor_combined) by extensions ['colcon_pkg']
[0.152s] Level 1:colcon.colcon_core.package_identification:_identify(/root/ws_sensor_combined) by extension 'colcon_pkg'
[0.152s] Level 1:colcon.colcon_core.package_identification:_identify(/root/ws_sensor_combined) by extensions ['colcon_meta']
[0.152s] Level 1:colcon.colcon_core.package_identification:_identify(/root/ws_sensor_combined) by extension 'colcon_meta'
[0.152s] Level 1:colcon.colcon_core.package_identification:_identify(/root/ws_sensor_combined) by extensions ['ros']
[0.152s] Level 1:colcon.colcon_core.package_identification:_identify(/root/ws_sensor_combined) by extension 'ros'
[0.162s] Level 1:colcon.colcon_core.package_identification:_identify(/root/ws_sensor_combined) by extensions ['cmake', 'python']
[0.162s] Level 1:colcon.colcon_core.package_identification:_identify(/root/ws_sensor_combined) by extension 'cmake'
[0.162s] Level 1:colcon.colcon_core.package_identification:_identify(/root/ws_sensor_combined) by extension 'python'
[0.162s] Level 1:colcon.colcon_core.package_identification:_identify(/root/ws_sensor_combined) by extensions ['python_setup_py']
[0.162s] Level 1:colcon.colcon_core.package_identification:_identify(/root/ws_sensor_combined) by extension 'python_setup_py'
[0.162s] Level 1:colcon.colcon_core.package_identification:_identify(/root/ws_sensor_combined/build) by extensions ['ignore', 'ignore_ament_install']
[0.162s] Level 1:colcon.colcon_core.package_identification:_identify(/root/ws_sensor_combined/build) by extension 'ignore'
[0.162s] Level 1:colcon.colcon_core.package_identification:_identify(/root/ws_sensor_combined/build) ignored
[0.163s] Level 1:colcon.colcon_core.package_identification:_identify(/root/ws_sensor_combined/install) by extensions ['ignore', 'ignore_ament_install']
[0.163s] Level 1:colcon.colcon_core.package_identification:_identify(/root/ws_sensor_combined/install) by extension 'ignore'
[0.163s] Level 1:colcon.colcon_core.package_identification:_identify(/root/ws_sensor_combined/install) ignored
[0.163s] Level 1:colcon.colcon_core.package_identification:_identify(/root/ws_sensor_combined/log) by extensions ['ignore', 'ignore_ament_install']
[0.163s] Level 1:colcon.colcon_core.package_identification:_identify(/root/ws_sensor_combined/log) by extension 'ignore'
[0.163s] Level 1:colcon.colcon_core.package_identification:_identify(/root/ws_sensor_combined/log) ignored
[0.163s] Level 1:colcon.colcon_core.package_identification:_identify(/root/ws_sensor_combined/src) by extensions ['ignore', 'ignore_ament_install']
[0.164s] Level 1:colcon.colcon_core.package_identification:_identify(/root/ws_sensor_combined/src) by extension 'ignore'
[0.164s] Level 1:colcon.colcon_core.package_identification:_identify(/root/ws_sensor_combined/src) by extension 'ignore_ament_install'
[0.164s] Level 1:colcon.colcon_core.package_identification:_identify(/root/ws_sensor_combined/src) by extensions ['colcon_pkg']
[0.164s] Level 1:colcon.colcon_core.package_identification:_identify(/root/ws_sensor_combined/src) by extension 'colcon_pkg'
[0.164s] Level 1:colcon.colcon_core.package_identification:_identify(/root/ws_sensor_combined/src) by extensions ['colcon_meta']
[0.164s] Level 1:colcon.colcon_core.package_identification:_identify(/root/ws_sensor_combined/src) by extension 'colcon_meta'
[0.164s] Level 1:colcon.colcon_core.package_identification:_identify(/root/ws_sensor_combined/src) by extensions ['ros']
[0.164s] Level 1:colcon.colcon_core.package_identification:_identify(/root/ws_sensor_combined/src) by extension 'ros'
[0.164s] Level 1:colcon.colcon_core.package_identification:_identify(/root/ws_sensor_combined/src) by extensions ['cmake', 'python']
[0.164s] Level 1:colcon.colcon_core.package_identification:_identify(/root/ws_sensor_combined/src) by extension 'cmake'
[0.164s] Level 1:colcon.colcon_core.package_identification:_identify(/root/ws_sensor_combined/src) by extension 'python'
[0.164s] Level 1:colcon.colcon_core.package_identification:_identify(/root/ws_sensor_combined/src) by extensions ['python_setup_py']
[0.164s] Level 1:colcon.colcon_core.package_identification:_identify(/root/ws_sensor_combined/src) by extension 'python_setup_py'
[0.164s] Level 1:colcon.colcon_core.package_identification:_identify(/root/ws_sensor_combined/src/px4_msgs) by extensions ['ignore', 'ignore_ament_install']
[0.164s] Level 1:colcon.colcon_core.package_identification:_identify(/root/ws_sensor_combined/src/px4_msgs) by extension 'ignore'
[0.164s] Level 1:colcon.colcon_core.package_identification:_identify(/root/ws_sensor_combined/src/px4_msgs) by extension 'ignore_ament_install'
[0.164s] Level 1:colcon.colcon_core.package_identification:_identify(/root/ws_sensor_combined/src/px4_msgs) by extensions ['colcon_pkg']
[0.164s] Level 1:colcon.colcon_core.package_identification:_identify(/root/ws_sensor_combined/src/px4_msgs) by extension 'colcon_pkg'
[0.164s] Level 1:colcon.colcon_core.package_identification:_identify(/root/ws_sensor_combined/src/px4_msgs) by extensions ['colcon_meta']
[0.164s] Level 1:colcon.colcon_core.package_identification:_identify(/root/ws_sensor_combined/src/px4_msgs) by extension 'colcon_meta'
[0.165s] Level 1:colcon.colcon_core.package_identification:_identify(/root/ws_sensor_combined/src/px4_msgs) by extensions ['ros']
[0.165s] Level 1:colcon.colcon_core.package_identification:_identify(/root/ws_sensor_combined/src/px4_msgs) by extension 'ros'
[0.166s] DEBUG:colcon.colcon_core.package_identification:Package '/root/ws_sensor_combined/src/px4_msgs' with type 'ros.ament_cmake' and name 'px4_msgs'
[0.166s] Level 1:colcon.colcon_core.package_identification:_identify(/root/ws_sensor_combined/src/px4_ros_com) by extensions ['ignore', 'ignore_ament_install']
[0.166s] Level 1:colcon.colcon_core.package_identification:_identify(/root/ws_sensor_combined/src/px4_ros_com) by extension 'ignore'
[0.167s] Level 1:colcon.colcon_core.package_identification:_identify(/root/ws_sensor_combined/src/px4_ros_com) by extension 'ignore_ament_install'
[0.167s] Level 1:colcon.colcon_core.package_identification:_identify(/root/ws_sensor_combined/src/px4_ros_com) by extensions ['colcon_pkg']
[0.167s] Level 1:colcon.colcon_core.package_identification:_identify(/root/ws_sensor_combined/src/px4_ros_com) by extension 'colcon_pkg'
[0.167s] Level 1:colcon.colcon_core.package_identification:_identify(/root/ws_sensor_combined/src/px4_ros_com) by extensions ['colcon_meta']
[0.167s] Level 1:colcon.colcon_core.package_identification:_identify(/root/ws_sensor_combined/src/px4_ros_com) by extension 'colcon_meta'
[0.167s] Level 1:colcon.colcon_core.package_identification:_identify(/root/ws_sensor_combined/src/px4_ros_com) by extensions ['ros']
[0.167s] Level 1:colcon.colcon_core.package_identification:_identify(/root/ws_sensor_combined/src/px4_ros_com) by extension 'ros'
[0.167s] DEBUG:colcon.colcon_core.package_identification:Package '/root/ws_sensor_combined/src/px4_ros_com' with type 'ros.ament_cmake' and name 'px4_ros_com'
[0.167s] Level 1:colcon.colcon_core.package_discovery:discover_packages(recursive) using defaults
