[0.052s] Invoking command in '/root/ws_sensor_combined/build/px4_ros_com': CMAKE_PREFIX_PATH=/root/ws_sensor_combined/install/px4_msgs:/root/ws_sensor_combined/install/px4_ros_com:/root/ws_sensor_combined/install/example_mode_with_executor_cpp:/root/ws_sensor_combined/install/example_mode_vtol_cpp:/root/ws_sensor_combined/install/example_mode_rtl_replacement_cpp:/root/ws_sensor_combined/install/example_mode_manual_cpp:/root/ws_sensor_combined/install/example_mode_goto_global_cpp:/root/ws_sensor_combined/install/example_mode_goto_cpp:/root/ws_sensor_combined/install/example_mode_fw_attitude_cpp:/root/ws_sensor_combined/install/example_local_navigation_cpp:/root/ws_sensor_combined/install/example_global_navigation_cpp:/root/ws_sensor_combined/install/example_executor_with_multiple_modes_cpp:/root/ws_sensor_combined/install/px4_ros2_cpp:/opt/ros/humble LD_LIBRARY_PATH=/root/ws_sensor_combined/install/px4_msgs/lib:/root/ws_sensor_combined/install/px4_ros_com/lib:/root/ws_sensor_combined/install/px4_ros2_cpp/lib:/opt/ros/humble/opt/rviz_ogre_vendor/lib:/opt/ros/humble/lib/x86_64-linux-gnu:/opt/ros/humble/lib /usr/bin/cmake --build /root/ws_sensor_combined/build/px4_ros_com -- -j20 -l20
[0.069s] -- Found ament_cmake: 1.3.12 (/opt/ros/humble/share/ament_cmake/cmake)
[0.150s] -- Override CMake install command with custom implementation using symlinks instead of copying resources
[0.157s] -- Found builtin_interfaces: 1.2.2 (/opt/ros/humble/share/builtin_interfaces/cmake)
[0.280s] -- Found rosidl_generator_c: 3.1.7 (/opt/ros/humble/share/rosidl_generator_c/cmake)
[0.284s] -- Found rosidl_adapter: 3.1.7 (/opt/ros/humble/share/rosidl_adapter/cmake)
[0.289s] -- Found rosidl_generator_cpp: 3.1.7 (/opt/ros/humble/share/rosidl_generator_cpp/cmake)
[0.295s] -- Using all available rosidl_typesupport_c: rosidl_typesupport_fastrtps_c;rosidl_typesupport_introspection_c
[0.298s] -- Using all available rosidl_typesupport_cpp: rosidl_typesupport_fastrtps_cpp;rosidl_typesupport_introspection_cpp
[0.309s] -- Found eigen3_cmake_module: 0.1.1 (/opt/ros/humble/share/eigen3_cmake_module/cmake)
[0.310s] -- Found geometry_msgs: 4.9.0 (/opt/ros/humble/share/geometry_msgs/cmake)
[0.338s] -- Found px4_msgs: 2.0.1 (/root/ws_sensor_combined/install/px4_msgs/share/px4_msgs/cmake)
[0.344s] -- Found rclcpp: 16.0.14 (/opt/ros/humble/share/rclcpp/cmake)
[0.354s] -- Found rmw_implementation_cmake: 6.1.2 (/opt/ros/humble/share/rmw_implementation_cmake/cmake)
[0.355s] -- Found rmw_fastrtps_cpp: 6.2.8 (/opt/ros/humble/share/rmw_fastrtps_cpp/cmake)
[4.370s] -- Using RMW implementation 'rmw_fastrtps_cpp' as default
[4.391s] -- Found sensor_msgs: 4.9.0 (/opt/ros/humble/share/sensor_msgs/cmake)
[4.400s] -- Found rclpy: 3.3.17 (/opt/ros/humble/share/rclpy/cmake)
[4.400s] -- Found mavros_msgs: 2.10.1 (/opt/ros/humble/share/mavros_msgs/cmake)
[4.440s] -- Found ament_lint_auto: 0.12.14 (/opt/ros/humble/share/ament_lint_auto/cmake)
[4.487s] -- Added test 'copyright' to check source files copyright and LICENSE
[4.489s] -- Added test 'cppcheck' to perform static code analysis on C / C++ code
[4.489s] -- Configured cppcheck include dirs: /root/ws_sensor_combined/src/px4_ros_com/include;$<BUILD_INTERFACE:/root/ws_sensor_combined/src/px4_ros_com/include/px4_ros_com>
[4.489s] -- Configured cppcheck exclude dirs and/or files: 
[4.490s] -- Added test 'cpplint' to check C / C++ code against the Google style
[4.490s] -- Configured cpplint exclude dirs and/or files: 
[4.491s] -- Added test 'flake8' to check Python code syntax and style conventions
[4.491s] -- Added test 'lint_cmake' to check CMake code style
[4.492s] -- Added test 'pep257' to check Python code against some of the docstring style conventions in PEP 257
[4.493s] -- Added test 'uncrustify' to check C / C++ code style
[4.493s] -- Configured uncrustify additional arguments: 
[4.494s] -- Added test 'xmllint' to check XML markup files
[4.496s] -- Configuring done
[4.535s] -- Generating done
[4.545s] -- Build files have been written to: /root/ws_sensor_combined/build/px4_ros_com
[4.566s] [35m[1mConsolidate compiler generated dependencies of target frame_transforms[0m
[4.566s] [35m[1mConsolidate compiler generated dependencies of target sensor_combined_listener[0m
[4.566s] [35m[1mConsolidate compiler generated dependencies of target offboard_control_square[0m
[4.567s] [35m[1mConsolidate compiler generated dependencies of target offboard_control_srv[0m
[4.567s] [35m[1mConsolidate compiler generated dependencies of target vehicle_gps_position_listener[0m
[4.569s] [35m[1mConsolidate compiler generated dependencies of target offboard_control[0m
[4.570s] [35m[1mConsolidate compiler generated dependencies of target debug_vect_advertiser[0m
[4.570s] [35m[1mConsolidate compiler generated dependencies of target offboard_control_enae788m[0m
[4.571s] [  5%] [32mBuilding CXX object CMakeFiles/mavros_camera_test.dir/src/examples/offboard/mavros_camera_test.cpp.o[0m
[4.579s] [ 16%] Built target frame_transforms
[4.583s] [ 27%] Built target offboard_control_srv
[4.583s] [ 38%] Built target sensor_combined_listener
[4.583s] [ 44%] [32mBuilding CXX object CMakeFiles/offboard_control_square.dir/src/examples/offboard/offboard_control_square.cpp.o[0m
[4.585s] [ 55%] Built target offboard_control
[4.586s] [ 66%] Built target vehicle_gps_position_listener
[4.586s] [ 77%] Built target offboard_control_enae788m
[4.587s] [ 88%] Built target debug_vect_advertiser
[4.587s] [ 88%] Built target ament_cmake_python_symlink_px4_ros_com
[4.727s] running egg_info
[4.734s] writing px4_ros_com.egg-info/PKG-INFO
[4.734s] writing dependency_links to px4_ros_com.egg-info/dependency_links.txt
[4.734s] writing top-level names to px4_ros_com.egg-info/top_level.txt
[4.758s] reading manifest file 'px4_ros_com.egg-info/SOURCES.txt'
[4.759s] writing manifest file 'px4_ros_com.egg-info/SOURCES.txt'
[4.775s] [ 88%] Built target ament_cmake_python_build_px4_ros_com_egg
[6.898s] [ 94%] [32m[1mLinking CXX executable mavros_camera_test[0m
[7.136s] [ 94%] Built target mavros_camera_test
[25.289s] [100%] [32m[1mLinking CXX executable offboard_control_square[0m
[25.717s] [100%] Built target offboard_control_square
[25.730s] Invoked command in '/root/ws_sensor_combined/build/px4_ros_com' returned '0': CMAKE_PREFIX_PATH=/root/ws_sensor_combined/install/px4_msgs:/root/ws_sensor_combined/install/px4_ros_com:/root/ws_sensor_combined/install/example_mode_with_executor_cpp:/root/ws_sensor_combined/install/example_mode_vtol_cpp:/root/ws_sensor_combined/install/example_mode_rtl_replacement_cpp:/root/ws_sensor_combined/install/example_mode_manual_cpp:/root/ws_sensor_combined/install/example_mode_goto_global_cpp:/root/ws_sensor_combined/install/example_mode_goto_cpp:/root/ws_sensor_combined/install/example_mode_fw_attitude_cpp:/root/ws_sensor_combined/install/example_local_navigation_cpp:/root/ws_sensor_combined/install/example_global_navigation_cpp:/root/ws_sensor_combined/install/example_executor_with_multiple_modes_cpp:/root/ws_sensor_combined/install/px4_ros2_cpp:/opt/ros/humble LD_LIBRARY_PATH=/root/ws_sensor_combined/install/px4_msgs/lib:/root/ws_sensor_combined/install/px4_ros_com/lib:/root/ws_sensor_combined/install/px4_ros2_cpp/lib:/opt/ros/humble/opt/rviz_ogre_vendor/lib:/opt/ros/humble/lib/x86_64-linux-gnu:/opt/ros/humble/lib /usr/bin/cmake --build /root/ws_sensor_combined/build/px4_ros_com -- -j20 -l20
[25.732s] Invoking command in '/root/ws_sensor_combined/build/px4_ros_com': CMAKE_PREFIX_PATH=/root/ws_sensor_combined/install/px4_msgs:/root/ws_sensor_combined/install/px4_ros_com:/root/ws_sensor_combined/install/example_mode_with_executor_cpp:/root/ws_sensor_combined/install/example_mode_vtol_cpp:/root/ws_sensor_combined/install/example_mode_rtl_replacement_cpp:/root/ws_sensor_combined/install/example_mode_manual_cpp:/root/ws_sensor_combined/install/example_mode_goto_global_cpp:/root/ws_sensor_combined/install/example_mode_goto_cpp:/root/ws_sensor_combined/install/example_mode_fw_attitude_cpp:/root/ws_sensor_combined/install/example_local_navigation_cpp:/root/ws_sensor_combined/install/example_global_navigation_cpp:/root/ws_sensor_combined/install/example_executor_with_multiple_modes_cpp:/root/ws_sensor_combined/install/px4_ros2_cpp:/opt/ros/humble LD_LIBRARY_PATH=/root/ws_sensor_combined/install/px4_msgs/lib:/root/ws_sensor_combined/install/px4_ros_com/lib:/root/ws_sensor_combined/install/px4_ros2_cpp/lib:/opt/ros/humble/opt/rviz_ogre_vendor/lib:/opt/ros/humble/lib/x86_64-linux-gnu:/opt/ros/humble/lib /usr/bin/cmake --install /root/ws_sensor_combined/build/px4_ros_com
[25.737s] -- Install configuration: "RelWithDebInfo"
[25.738s] -- Execute custom install script
[25.738s] -- Symlinking: /root/ws_sensor_combined/install/px4_ros_com/lib/px4_ros_com/mavros_camera_test
[25.743s] -- Up-to-date symlink: /root/ws_sensor_combined/install/px4_ros_com/lib/px4_ros_com/sensor_combined_listener
[25.743s] -- Up-to-date symlink: /root/ws_sensor_combined/install/px4_ros_com/lib/px4_ros_com/vehicle_gps_position_listener
[25.743s] -- Up-to-date symlink: /root/ws_sensor_combined/install/px4_ros_com/lib/px4_ros_com/debug_vect_advertiser
[25.744s] -- Up-to-date symlink: /root/ws_sensor_combined/install/px4_ros_com/lib/px4_ros_com/offboard_control
[25.744s] -- Up-to-date symlink: /root/ws_sensor_combined/install/px4_ros_com/lib/px4_ros_com/offboard_control_enae788m
[25.744s] -- Up-to-date symlink: /root/ws_sensor_combined/install/px4_ros_com/lib/px4_ros_com/offboard_control_square
[25.744s] -- Up-to-date symlink: /root/ws_sensor_combined/install/px4_ros_com/lib/px4_ros_com/offboard_control_srv
[25.744s] -- Up-to-date symlink: /root/ws_sensor_combined/install/px4_ros_com/share/px4_ros_com/environment/library_path.sh
[25.744s] -- Up-to-date symlink: /root/ws_sensor_combined/install/px4_ros_com/share/px4_ros_com/environment/library_path.dsv
[25.744s] -- Up-to-date symlink: /root/ws_sensor_combined/install/px4_ros_com/include/px4_ros_com/frame_transforms.h
[25.745s] -- Up-to-date symlink: /root/ws_sensor_combined/install/px4_ros_com/share/px4_ros_com//launch/offboard_control_launch.yaml
[25.745s] -- Up-to-date symlink: /root/ws_sensor_combined/install/px4_ros_com/share/px4_ros_com//launch/sensor_combined_listener.launch.py
[25.745s] -- Up-to-date symlink: /root/ws_sensor_combined/install/px4_ros_com/share/px4_ros_com//test/__init__.py
[25.745s] -- Up-to-date symlink: /root/ws_sensor_combined/install/px4_ros_com/share/px4_ros_com//test/pipeline_io_test.py
[25.745s] -- Up-to-date symlink: /root/ws_sensor_combined/install/px4_ros_com/share/px4_ros_com//test/test_input.py
[25.745s] -- Up-to-date symlink: /root/ws_sensor_combined/install/px4_ros_com/share/px4_ros_com//test/test_output.py
[25.745s] -- Up-to-date symlink: /root/ws_sensor_combined/install/px4_ros_com/share/px4_ros_com/environment/pythonpath.sh
[25.745s] -- Up-to-date symlink: /root/ws_sensor_combined/install/px4_ros_com/share/px4_ros_com/environment/pythonpath.dsv
[25.745s] -- Up-to-date symlink: /root/ws_sensor_combined/install/px4_ros_com/local/lib/python3.10/dist-packages/px4_ros_com-0.1.0-py3.10.egg-info/PKG-INFO
[25.745s] -- Up-to-date symlink: /root/ws_sensor_combined/install/px4_ros_com/local/lib/python3.10/dist-packages/px4_ros_com-0.1.0-py3.10.egg-info/SOURCES.txt
[25.746s] -- Up-to-date symlink: /root/ws_sensor_combined/install/px4_ros_com/local/lib/python3.10/dist-packages/px4_ros_com-0.1.0-py3.10.egg-info/dependency_links.txt
[25.746s] -- Up-to-date symlink: /root/ws_sensor_combined/install/px4_ros_com/local/lib/python3.10/dist-packages/px4_ros_com-0.1.0-py3.10.egg-info/top_level.txt
[25.746s] -- Up-to-date symlink: /root/ws_sensor_combined/install/px4_ros_com/local/lib/python3.10/dist-packages/px4_ros_com/__init__.py
[25.746s] -- Up-to-date symlink: /root/ws_sensor_combined/install/px4_ros_com/local/lib/python3.10/dist-packages/px4_ros_com/module_to_import.py
[25.746s] -- Up-to-date symlink: /root/ws_sensor_combined/install/px4_ros_com/lib/px4_ros_com/offboard_control.py
[25.746s] -- Up-to-date symlink: /root/ws_sensor_combined/install/px4_ros_com/share/ament_index/resource_index/package_run_dependencies/px4_ros_com
[25.746s] -- Up-to-date symlink: /root/ws_sensor_combined/install/px4_ros_com/share/ament_index/resource_index/parent_prefix_path/px4_ros_com
[25.746s] -- Up-to-date symlink: /root/ws_sensor_combined/install/px4_ros_com/share/px4_ros_com/environment/ament_prefix_path.sh
[25.746s] -- Up-to-date symlink: /root/ws_sensor_combined/install/px4_ros_com/share/px4_ros_com/environment/ament_prefix_path.dsv
[25.747s] -- Up-to-date symlink: /root/ws_sensor_combined/install/px4_ros_com/share/px4_ros_com/environment/path.sh
[25.747s] -- Up-to-date symlink: /root/ws_sensor_combined/install/px4_ros_com/share/px4_ros_com/environment/path.dsv
[25.747s] -- Up-to-date symlink: /root/ws_sensor_combined/install/px4_ros_com/share/px4_ros_com/local_setup.bash
[25.747s] -- Up-to-date symlink: /root/ws_sensor_combined/install/px4_ros_com/share/px4_ros_com/local_setup.sh
[25.747s] -- Up-to-date symlink: /root/ws_sensor_combined/install/px4_ros_com/share/px4_ros_com/local_setup.zsh
[25.747s] -- Up-to-date symlink: /root/ws_sensor_combined/install/px4_ros_com/share/px4_ros_com/local_setup.dsv
[25.747s] -- Symlinking: /root/ws_sensor_combined/install/px4_ros_com/share/px4_ros_com/package.dsv
[25.755s] -- Up-to-date symlink: /root/ws_sensor_combined/install/px4_ros_com/share/ament_index/resource_index/packages/px4_ros_com
[25.756s] -- Up-to-date symlink: /root/ws_sensor_combined/install/px4_ros_com/share/px4_ros_com/cmake/ament_cmake_export_dependencies-extras.cmake
[25.756s] -- Up-to-date symlink: /root/ws_sensor_combined/install/px4_ros_com/share/px4_ros_com/cmake/ament_cmake_export_targets-extras.cmake
[25.756s] -- Up-to-date symlink: /root/ws_sensor_combined/install/px4_ros_com/share/px4_ros_com/cmake/ament_cmake_export_include_directories-extras.cmake
[25.756s] -- Up-to-date symlink: /root/ws_sensor_combined/install/px4_ros_com/share/px4_ros_com/cmake/ament_cmake_export_libraries-extras.cmake
[25.756s] -- Up-to-date symlink: /root/ws_sensor_combined/install/px4_ros_com/share/px4_ros_com/cmake/px4_ros_comConfig.cmake
[25.756s] -- Up-to-date symlink: /root/ws_sensor_combined/install/px4_ros_com/share/px4_ros_com/cmake/px4_ros_comConfig-version.cmake
[25.756s] -- Up-to-date symlink: /root/ws_sensor_combined/install/px4_ros_com/share/px4_ros_com/package.xml
[25.758s] -- Up-to-date: /root/ws_sensor_combined/install/px4_ros_com/lib/libframe_transforms.so
[25.784s] Listing '/root/ws_sensor_combined/install/px4_ros_com/local/lib/python3.10/dist-packages/px4_ros_com'...
[25.787s] -- Up-to-date: /root/ws_sensor_combined/install/px4_ros_com/share/px4_ros_com/cmake/export_frame_transformsExport.cmake
[25.787s] -- Up-to-date: /root/ws_sensor_combined/install/px4_ros_com/share/px4_ros_com/cmake/export_frame_transformsExport-relwithdebinfo.cmake
[25.789s] Invoked command in '/root/ws_sensor_combined/build/px4_ros_com' returned '0': CMAKE_PREFIX_PATH=/root/ws_sensor_combined/install/px4_msgs:/root/ws_sensor_combined/install/px4_ros_com:/root/ws_sensor_combined/install/example_mode_with_executor_cpp:/root/ws_sensor_combined/install/example_mode_vtol_cpp:/root/ws_sensor_combined/install/example_mode_rtl_replacement_cpp:/root/ws_sensor_combined/install/example_mode_manual_cpp:/root/ws_sensor_combined/install/example_mode_goto_global_cpp:/root/ws_sensor_combined/install/example_mode_goto_cpp:/root/ws_sensor_combined/install/example_mode_fw_attitude_cpp:/root/ws_sensor_combined/install/example_local_navigation_cpp:/root/ws_sensor_combined/install/example_global_navigation_cpp:/root/ws_sensor_combined/install/example_executor_with_multiple_modes_cpp:/root/ws_sensor_combined/install/px4_ros2_cpp:/opt/ros/humble LD_LIBRARY_PATH=/root/ws_sensor_combined/install/px4_msgs/lib:/root/ws_sensor_combined/install/px4_ros_com/lib:/root/ws_sensor_combined/install/px4_ros2_cpp/lib:/opt/ros/humble/opt/rviz_ogre_vendor/lib:/opt/ros/humble/lib/x86_64-linux-gnu:/opt/ros/humble/lib /usr/bin/cmake --install /root/ws_sensor_combined/build/px4_ros_com
