[0.087s] Invoking command in '/root/ws_sensor_combined/build/px4_ros_com': CMAKE_PREFIX_PATH=/root/ws_sensor_combined/install/px4_msgs:/root/ws_sensor_combined/install/px4_ros_com:/root/ws_sensor_combined/install/example_mode_with_executor_cpp:/root/ws_sensor_combined/install/example_mode_vtol_cpp:/root/ws_sensor_combined/install/example_mode_rtl_replacement_cpp:/root/ws_sensor_combined/install/example_mode_manual_cpp:/root/ws_sensor_combined/install/example_mode_goto_global_cpp:/root/ws_sensor_combined/install/example_mode_goto_cpp:/root/ws_sensor_combined/install/example_mode_fw_attitude_cpp:/root/ws_sensor_combined/install/example_local_navigation_cpp:/root/ws_sensor_combined/install/example_global_navigation_cpp:/root/ws_sensor_combined/install/example_executor_with_multiple_modes_cpp:/root/ws_sensor_combined/install/px4_ros2_cpp:/opt/ros/humble LD_LIBRARY_PATH=/root/ws_sensor_combined/install/px4_msgs/lib:/root/ws_sensor_combined/install/px4_ros_com/lib:/root/ws_sensor_combined/install/px4_ros2_cpp/lib:/opt/ros/humble/opt/rviz_ogre_vendor/lib:/opt/ros/humble/lib/x86_64-linux-gnu:/opt/ros/humble/lib /usr/bin/cmake --build /root/ws_sensor_combined/build/px4_ros_com -- -j20 -l20
[0.123s] [35m[1mConsolidate compiler generated dependencies of target offboard_control_square_2[0m
[0.132s] [  9%] Built target mavros_camera_test
[0.132s] [ 18%] Built target frame_transforms
[0.133s] [ 27%] Built target vehicle_gps_position_listener
[0.133s] [ 36%] Built target offboard_control_square
[0.134s] [ 45%] Built target sensor_combined_listener
[0.134s] [ 54%] Built target offboard_control
[0.135s] [ 63%] Built target offboard_control_enae788m
[0.136s] [ 72%] Built target debug_vect_advertiser
[0.138s] [ 90%] Built target mavros_offboard_test
[0.138s] [ 90%] Built target offboard_control_srv
[0.140s] [ 90%] Built target ament_cmake_python_symlink_px4_ros_com
[0.140s] [ 95%] [32mBuilding CXX object CMakeFiles/offboard_control_square_2.dir/src/examples/offboard/offboard_control_square_2.cpp.o[0m
[0.301s] running egg_info
[0.310s] writing px4_ros_com.egg-info/PKG-INFO
[0.311s] writing dependency_links to px4_ros_com.egg-info/dependency_links.txt
[0.311s] writing top-level names to px4_ros_com.egg-info/top_level.txt
[0.343s] reading manifest file 'px4_ros_com.egg-info/SOURCES.txt'
[0.344s] writing manifest file 'px4_ros_com.egg-info/SOURCES.txt'
[0.370s] [ 95%] Built target ament_cmake_python_build_px4_ros_com_egg
[30.498s] [100%] [32m[1mLinking CXX executable offboard_control_square_2[0m
[31.082s] [100%] Built target offboard_control_square_2
[31.091s] Invoked command in '/root/ws_sensor_combined/build/px4_ros_com' returned '0': CMAKE_PREFIX_PATH=/root/ws_sensor_combined/install/px4_msgs:/root/ws_sensor_combined/install/px4_ros_com:/root/ws_sensor_combined/install/example_mode_with_executor_cpp:/root/ws_sensor_combined/install/example_mode_vtol_cpp:/root/ws_sensor_combined/install/example_mode_rtl_replacement_cpp:/root/ws_sensor_combined/install/example_mode_manual_cpp:/root/ws_sensor_combined/install/example_mode_goto_global_cpp:/root/ws_sensor_combined/install/example_mode_goto_cpp:/root/ws_sensor_combined/install/example_mode_fw_attitude_cpp:/root/ws_sensor_combined/install/example_local_navigation_cpp:/root/ws_sensor_combined/install/example_global_navigation_cpp:/root/ws_sensor_combined/install/example_executor_with_multiple_modes_cpp:/root/ws_sensor_combined/install/px4_ros2_cpp:/opt/ros/humble LD_LIBRARY_PATH=/root/ws_sensor_combined/install/px4_msgs/lib:/root/ws_sensor_combined/install/px4_ros_com/lib:/root/ws_sensor_combined/install/px4_ros2_cpp/lib:/opt/ros/humble/opt/rviz_ogre_vendor/lib:/opt/ros/humble/lib/x86_64-linux-gnu:/opt/ros/humble/lib /usr/bin/cmake --build /root/ws_sensor_combined/build/px4_ros_com -- -j20 -l20
[31.093s] Invoking command in '/root/ws_sensor_combined/build/px4_ros_com': CMAKE_PREFIX_PATH=/root/ws_sensor_combined/install/px4_msgs:/root/ws_sensor_combined/install/px4_ros_com:/root/ws_sensor_combined/install/example_mode_with_executor_cpp:/root/ws_sensor_combined/install/example_mode_vtol_cpp:/root/ws_sensor_combined/install/example_mode_rtl_replacement_cpp:/root/ws_sensor_combined/install/example_mode_manual_cpp:/root/ws_sensor_combined/install/example_mode_goto_global_cpp:/root/ws_sensor_combined/install/example_mode_goto_cpp:/root/ws_sensor_combined/install/example_mode_fw_attitude_cpp:/root/ws_sensor_combined/install/example_local_navigation_cpp:/root/ws_sensor_combined/install/example_global_navigation_cpp:/root/ws_sensor_combined/install/example_executor_with_multiple_modes_cpp:/root/ws_sensor_combined/install/px4_ros2_cpp:/opt/ros/humble LD_LIBRARY_PATH=/root/ws_sensor_combined/install/px4_msgs/lib:/root/ws_sensor_combined/install/px4_ros_com/lib:/root/ws_sensor_combined/install/px4_ros2_cpp/lib:/opt/ros/humble/opt/rviz_ogre_vendor/lib:/opt/ros/humble/lib/x86_64-linux-gnu:/opt/ros/humble/lib /usr/bin/cmake --install /root/ws_sensor_combined/build/px4_ros_com
[31.098s] -- Install configuration: "RelWithDebInfo"
[31.098s] -- Execute custom install script
[31.099s] -- Up-to-date symlink: /root/ws_sensor_combined/install/px4_ros_com/lib/px4_ros_com/mavros_camera_test
[31.099s] -- Up-to-date symlink: /root/ws_sensor_combined/install/px4_ros_com/lib/px4_ros_com/sensor_combined_listener
[31.099s] -- Up-to-date symlink: /root/ws_sensor_combined/install/px4_ros_com/lib/px4_ros_com/vehicle_gps_position_listener
[31.099s] -- Up-to-date symlink: /root/ws_sensor_combined/install/px4_ros_com/lib/px4_ros_com/debug_vect_advertiser
[31.100s] -- Up-to-date symlink: /root/ws_sensor_combined/install/px4_ros_com/lib/px4_ros_com/offboard_control
[31.100s] -- Up-to-date symlink: /root/ws_sensor_combined/install/px4_ros_com/lib/px4_ros_com/offboard_control_enae788m
[31.100s] -- Up-to-date symlink: /root/ws_sensor_combined/install/px4_ros_com/lib/px4_ros_com/offboard_control_square
[31.100s] -- Up-to-date symlink: /root/ws_sensor_combined/install/px4_ros_com/lib/px4_ros_com/offboard_control_square_2
[31.100s] -- Up-to-date symlink: /root/ws_sensor_combined/install/px4_ros_com/lib/px4_ros_com/mavros_offboard_test
[31.101s] -- Up-to-date symlink: /root/ws_sensor_combined/install/px4_ros_com/lib/px4_ros_com/offboard_control_srv
[31.101s] -- Up-to-date symlink: /root/ws_sensor_combined/install/px4_ros_com/share/px4_ros_com/environment/library_path.sh
[31.101s] -- Up-to-date symlink: /root/ws_sensor_combined/install/px4_ros_com/share/px4_ros_com/environment/library_path.dsv
[31.101s] -- Up-to-date symlink: /root/ws_sensor_combined/install/px4_ros_com/include/px4_ros_com/frame_transforms.h
[31.101s] -- Up-to-date symlink: /root/ws_sensor_combined/install/px4_ros_com/share/px4_ros_com//launch/offboard_control_launch.yaml
[31.101s] -- Up-to-date symlink: /root/ws_sensor_combined/install/px4_ros_com/share/px4_ros_com//launch/sensor_combined_listener.launch.py
[31.101s] -- Up-to-date symlink: /root/ws_sensor_combined/install/px4_ros_com/share/px4_ros_com//test/__init__.py
[31.102s] -- Up-to-date symlink: /root/ws_sensor_combined/install/px4_ros_com/share/px4_ros_com//test/pipeline_io_test.py
[31.102s] -- Up-to-date symlink: /root/ws_sensor_combined/install/px4_ros_com/share/px4_ros_com//test/test_input.py
[31.102s] -- Up-to-date symlink: /root/ws_sensor_combined/install/px4_ros_com/share/px4_ros_com//test/test_output.py
[31.102s] -- Up-to-date symlink: /root/ws_sensor_combined/install/px4_ros_com/share/px4_ros_com/environment/pythonpath.sh
[31.102s] -- Up-to-date symlink: /root/ws_sensor_combined/install/px4_ros_com/share/px4_ros_com/environment/pythonpath.dsv
[31.102s] -- Up-to-date symlink: /root/ws_sensor_combined/install/px4_ros_com/local/lib/python3.10/dist-packages/px4_ros_com-0.1.0-py3.10.egg-info/PKG-INFO
[31.102s] -- Up-to-date symlink: /root/ws_sensor_combined/install/px4_ros_com/local/lib/python3.10/dist-packages/px4_ros_com-0.1.0-py3.10.egg-info/SOURCES.txt
[31.103s] -- Up-to-date symlink: /root/ws_sensor_combined/install/px4_ros_com/local/lib/python3.10/dist-packages/px4_ros_com-0.1.0-py3.10.egg-info/dependency_links.txt
[31.103s] -- Up-to-date symlink: /root/ws_sensor_combined/install/px4_ros_com/local/lib/python3.10/dist-packages/px4_ros_com-0.1.0-py3.10.egg-info/top_level.txt
[31.103s] -- Up-to-date symlink: /root/ws_sensor_combined/install/px4_ros_com/local/lib/python3.10/dist-packages/px4_ros_com/__init__.py
[31.103s] -- Up-to-date symlink: /root/ws_sensor_combined/install/px4_ros_com/local/lib/python3.10/dist-packages/px4_ros_com/module_to_import.py
[31.103s] -- Up-to-date symlink: /root/ws_sensor_combined/install/px4_ros_com/lib/px4_ros_com/offboard_control.py
[31.103s] -- Up-to-date symlink: /root/ws_sensor_combined/install/px4_ros_com/share/ament_index/resource_index/package_run_dependencies/px4_ros_com
[31.103s] -- Up-to-date symlink: /root/ws_sensor_combined/install/px4_ros_com/share/ament_index/resource_index/parent_prefix_path/px4_ros_com
[31.103s] -- Up-to-date symlink: /root/ws_sensor_combined/install/px4_ros_com/share/px4_ros_com/environment/ament_prefix_path.sh
[31.104s] -- Up-to-date symlink: /root/ws_sensor_combined/install/px4_ros_com/share/px4_ros_com/environment/ament_prefix_path.dsv
[31.104s] -- Up-to-date symlink: /root/ws_sensor_combined/install/px4_ros_com/share/px4_ros_com/environment/path.sh
[31.104s] -- Up-to-date symlink: /root/ws_sensor_combined/install/px4_ros_com/share/px4_ros_com/environment/path.dsv
[31.104s] -- Up-to-date symlink: /root/ws_sensor_combined/install/px4_ros_com/share/px4_ros_com/local_setup.bash
[31.105s] -- Up-to-date symlink: /root/ws_sensor_combined/install/px4_ros_com/share/px4_ros_com/local_setup.sh
[31.105s] -- Up-to-date symlink: /root/ws_sensor_combined/install/px4_ros_com/share/px4_ros_com/local_setup.zsh
[31.105s] -- Up-to-date symlink: /root/ws_sensor_combined/install/px4_ros_com/share/px4_ros_com/local_setup.dsv
[31.105s] -- Symlinking: /root/ws_sensor_combined/install/px4_ros_com/share/px4_ros_com/package.dsv
[31.111s] -- Up-to-date symlink: /root/ws_sensor_combined/install/px4_ros_com/share/ament_index/resource_index/packages/px4_ros_com
[31.111s] -- Up-to-date symlink: /root/ws_sensor_combined/install/px4_ros_com/share/px4_ros_com/cmake/ament_cmake_export_dependencies-extras.cmake
[31.111s] -- Up-to-date symlink: /root/ws_sensor_combined/install/px4_ros_com/share/px4_ros_com/cmake/ament_cmake_export_targets-extras.cmake
[31.111s] -- Up-to-date symlink: /root/ws_sensor_combined/install/px4_ros_com/share/px4_ros_com/cmake/ament_cmake_export_include_directories-extras.cmake
[31.111s] -- Up-to-date symlink: /root/ws_sensor_combined/install/px4_ros_com/share/px4_ros_com/cmake/ament_cmake_export_libraries-extras.cmake
[31.112s] -- Up-to-date symlink: /root/ws_sensor_combined/install/px4_ros_com/share/px4_ros_com/cmake/px4_ros_comConfig.cmake
[31.112s] -- Up-to-date symlink: /root/ws_sensor_combined/install/px4_ros_com/share/px4_ros_com/cmake/px4_ros_comConfig-version.cmake
[31.112s] -- Up-to-date symlink: /root/ws_sensor_combined/install/px4_ros_com/share/px4_ros_com/package.xml
[31.112s] -- Up-to-date: /root/ws_sensor_combined/install/px4_ros_com/lib/libframe_transforms.so
[31.138s] Listing '/root/ws_sensor_combined/install/px4_ros_com/local/lib/python3.10/dist-packages/px4_ros_com'...
[31.141s] -- Up-to-date: /root/ws_sensor_combined/install/px4_ros_com/share/px4_ros_com/cmake/export_frame_transformsExport.cmake
[31.141s] -- Up-to-date: /root/ws_sensor_combined/install/px4_ros_com/share/px4_ros_com/cmake/export_frame_transformsExport-relwithdebinfo.cmake
[31.143s] Invoked command in '/root/ws_sensor_combined/build/px4_ros_com' returned '0': CMAKE_PREFIX_PATH=/root/ws_sensor_combined/install/px4_msgs:/root/ws_sensor_combined/install/px4_ros_com:/root/ws_sensor_combined/install/example_mode_with_executor_cpp:/root/ws_sensor_combined/install/example_mode_vtol_cpp:/root/ws_sensor_combined/install/example_mode_rtl_replacement_cpp:/root/ws_sensor_combined/install/example_mode_manual_cpp:/root/ws_sensor_combined/install/example_mode_goto_global_cpp:/root/ws_sensor_combined/install/example_mode_goto_cpp:/root/ws_sensor_combined/install/example_mode_fw_attitude_cpp:/root/ws_sensor_combined/install/example_local_navigation_cpp:/root/ws_sensor_combined/install/example_global_navigation_cpp:/root/ws_sensor_combined/install/example_executor_with_multiple_modes_cpp:/root/ws_sensor_combined/install/px4_ros2_cpp:/opt/ros/humble LD_LIBRARY_PATH=/root/ws_sensor_combined/install/px4_msgs/lib:/root/ws_sensor_combined/install/px4_ros_com/lib:/root/ws_sensor_combined/install/px4_ros2_cpp/lib:/opt/ros/humble/opt/rviz_ogre_vendor/lib:/opt/ros/humble/lib/x86_64-linux-gnu:/opt/ros/humble/lib /usr/bin/cmake --install /root/ws_sensor_combined/build/px4_ros_com
